11-05 08:40:55.771 D/QQDtReporter(30051): 848QQDT _report eventKey: dt_app_heartbeat, appKey:0S200MNJT807V3GE, type: NORMAL, isQCircle: false, isMsfImme: false, reportPolicy: 2, params: {client_page_name=com.tencent.mobileqq.activity.SplashActivity_0, dt_starttype=0, dt_wxopenid=, dt_seqtime=1628166298517, app_bld=2266, dt_fchlid=, os_vrsn=Android 11, dt_mchlid=, dt_tid=, dt_usstmp=1636071735654, dt_guid=db315546bed14bd58e41659d7d82eb44, client_process_name=com.tencent.mobileqq, dt_callfrom=, dt_qq=1047564213, dt_usid=1636071735654720, dt_ussn=1616734505675820, dt_qqopenid=, dt_omgbzid=, dt_seqid=17594, os=1, dt_mainlogin=, udf_kv={}, dt_protoversion=1, dt_wbopenid=, dt_app_foreground_heartbeat_duration=40254, dt_callschema=, dt_simtype=3, qq_appid=537100189, dt_oaid=, dt_adcode=, dt_wxunionid=, dt_accountid=, ui_vrsn=Flyme 9.2.4.0A, dt_sdkversion=2240, app_vr=8.8.38, dt_coldstart=1, dt_app_sessionid=1636072815503784}
11-05 08:40:55.774 V/NetworkPolicy( 1315): updateRulesForPowerRestrictionsUL(10474), isIdle: false, mRestrictPower: false, mDeviceIdleMode: false, isForeground=false, isWhitelisted=true, oldRule=0 (NONE), newRule=0 (NONE), newUidRules=0 (NONE), oldUidRules=0 (NONE)
11-05 08:40:55.778 D/QQDtReporter(30051): 848QQDT _report eventKey: qqout, appKey:0S200MNJT807V3GE, type: REALTIME, isQCircle: false, isMsfImme: false, reportPolicy: 2, params: {client_page_name=com.tencent.mobileqq.activity.SplashActivity_0, dt_starttype=0, dt_wxopenid=, dt_seqtime=1628166298517, app_bld=2266, dt_fchlid=, os_vrsn=Android 11, dt_mchlid=, dt_tid=, dt_usstmp=1636071735654, dt_guid=db315546bed14bd58e41659d7d82eb44, client_process_name=com.tencent.mobileqq, dt_callfrom=, dt_qq=1047564213, dt_usid=1636071735654720, dt_ussn=1616734505675820, dt_lvtm=40264, dt_qqopenid=, dt_omgbzid=, dt_seqid=14117, dt_lvtm_delta=0, os=1, dt_mainlogin=, udf_kv={"qq_lvtm":"40255"}, dt_protoversion=1, dt_wbopenid=, dt_callschema=, dt_simtype=3, qq_appid=537100189, dt_oaid=, dt_adcode=, dt_wxunionid=, dt_accountid=, ui_vrsn=Flyme 9.2.4.0A, dt_sdkversion=2240, app_vr=8.8.38, dt_coldstart=1}
11-05 08:40:55.779 D/FuzzyLocationMonitor(12787): resultNot Changed
11-05 08:40:55.779 D/FuzzyLocationMonitor(12787): onForegroundActivitiesChanged pid=15166,uid=10149,foregroundActivities=false
11-05 08:40:55.781 D/NetworkController.MobileSignalController(2)( 4177): getCurrentPhoneType phoneType=1,isCdma=false
11-05 08:40:55.781 D/FlymePluginFactory( 4177): ICCID for phone 1 is 89860118803638866027
11-05 08:40:55.781 D/FlymePluginFactory( 4177): [isCTCard]: isCTCard iccId = 89860118803638866027
11-05 08:40:55.780 D/ApplicationLife(30051): [process] onStop: invoked. send MSG_BACK sCountActivity: 0
11-05 08:40:55.782 D/NetworkController.MobileSignalController(2)( 4177): getCurrentPhoneType phoneType=1,isCdma=false
11-05 08:40:55.782 D/FlymePluginFactory( 4177): ICCID for phone 1 is 89860118803638866027
11-05 08:40:55.782 D/FlymePluginFactory( 4177): [isCTCard]: isCTCard iccId = 89860118803638866027
11-05 08:40:55.782 D/StatusBarSignalPolicy( 4177): updateVolteMergeId: slotId=0,radioOn=true,volteId=2131232987
11-05 08:40:55.782 D/StatusBarSignalPolicy( 4177): updateVolteMergeId: slotId=1,radioOn=true,volteId=2131232987
11-05 08:40:55.782 D/StatusBarSignalPolicy( 4177): setMobileDataIndicators: state=MobileIconState(subId=2, slotId=1, visible=true, strengthId=2131233902, typeId=2131233826, roaming=false, volteId=2131232987, volteMergeId=2131233134, activityInoutId=2131233841, voiceVisible=false, voiceTypeId=0, voiceStrengthId=2131233902, networkTypeIdWhenShowVoiceType=0, needResetView=false, isRadioOn=true, canShowHD=true)
11-05 08:40:55.789 D/MiniAppDesktopAdapter(30051): [mini_app_anim].stopAnimation, isPlayAnim: false
11-05 08:40:55.797 D/PanelView( 4177): setQsExpansion height = 1413.0 mQsMinExpansionHeight = 1413 mQsMaxExpansionHeight = 3200 mQsMinCollapsedExpansionHeight = 625
11-05 08:40:55.797 D/QS      ( 4177): setQSExpansion 0.0 -1838.5624
11-05 08:40:55.797 I/VideoAudioControlUtil(30051): [getMuteConfig] isMuteConfig = true
11-05 08:40:55.797 D/QS      ( 4177): setQSExpansion 0.0 -1838.5624
11-05 08:40:55.797 I/VideoAudioControlUtil(30051): [setMute] scene = APP_BACKGROUND, isMute = true
11-05 08:40:55.802 I/Choreographer( 4446): Skipped 7 frames!  The application may be doing too much work on its main thread.
11-05 08:40:55.815 I/Choreographer( 5906): Skipped 8 frames!  The application may be doing too much work on its main thread.
11-05 08:40:55.815 I/AdrenoGLES-0( 5906): QUALCOMM build                   : badfd2c428, Ic89c6ea852
11-05 08:40:55.815 I/AdrenoGLES-0( 5906): Build Date                       : 07/14/21
11-05 08:40:55.815 I/AdrenoGLES-0( 5906): OpenGL ES Shader Compiler Version: EV031.35.01.09
11-05 08:40:55.815 I/AdrenoGLES-0( 5906): Local Branch                     : 
11-05 08:40:55.815 I/AdrenoGLES-0( 5906): Remote Branch                    : 
11-05 08:40:55.815 I/AdrenoGLES-0( 5906): Remote Branch                    : 
11-05 08:40:55.815 I/AdrenoGLES-0( 5906): Reconstruct Branch               : 
11-05 08:40:55.815 I/AdrenoGLES-0( 5906): Build Config                     : S P 10.0.7 AArch64
11-05 08:40:55.815 I/AdrenoGLES-0( 5906): Driver Path                      : /vendor/lib64/egl/libGLESv2_adreno.so
11-05 08:40:55.818 D/AppStateManager( 7242): setFlags mName=com.x7890.shortcutcreator,appType=65536,flag=19
11-05 08:40:55.819 I/AdrenoGLES-0( 5906): PFP: 0x016dc094, ME: 0x00000000
11-05 08:40:55.826 D/FuzzyLocationMonitor(12787): onForegroundActivitiesChanged pid=30051,uid=10474,foregroundActivities=false
11-05 08:40:55.828 D/NetdEventListenerService( 1315): onDnsEvent returnCode = 32768, correctedCode = 0
11-05 08:40:55.832 D/MemoryCeilingMonitor(12745): [handleMemoryCalculate]
11-05 08:40:55.832 D/MemoryCeilingMonitor(12745): [calculate] tot: 30323488, max: 268435456, free: 20808584, heap: 9514904, per: 0.03544577956199646
11-05 08:40:55.841 E/statsd  (  802): Predicate 331253826 dropping data for dimension key (10)0x2010101->10868[I] (10)0x30000->*launch*[S] 
11-05 08:40:55.857 E/.tencent.wewor( 4446): Invalid ID 0x00000000.
11-05 08:40:55.862 D/FuzzyLocationMonitor(12787): onForegroundActivitiesChanged pid=4446,uid=10518,foregroundActivities=false
11-05 08:40:55.862 W/System.err(10446): java.lang.NoSuchMethodException: android.view.Window.setForcedNavigationBarColor [boolean]
11-05 08:40:55.862 D/MN_AppStats( 6272): onUidStateChanged com.tencent.wework,procState BG
11-05 08:40:55.862 I/Choreographer( 4446): Skipped 6 frames!  The application may be doing too much work on its main thread.
11-05 08:40:55.865 W/System.err(10446): 	at java.lang.Class.getMethod(Class.java:2072)
11-05 08:40:55.865 W/System.err(10446): 	at java.lang.Class.getDeclaredMethod(Class.java:2050)
11-05 08:40:55.865 W/System.err(10446): 	at ffy.b(SogouSource:325)
11-05 08:40:55.865 W/System.err(10446): 	at ffy.a(SogouSource:309)
11-05 08:40:55.865 W/System.err(10446): 	at com.sohu.inputmethod.sogou.MainImeServiceDel.cF(SogouSource:40756)
11-05 08:40:55.865 W/System.err(10446): 	at com.sohu.inputmethod.sogou.MainImeServiceDel.a(SogouSource:14370)
11-05 08:40:55.865 W/System.err(10446): 	at com.sohu.inputmethod.sogou.SogouIME.c(SogouSource:237)
11-05 08:40:55.865 W/System.err(10446): 	at com.sohu.inputmethod.sogou.MainImeServiceDel.c(SogouSource:14350)
11-05 08:40:55.865 W/System.err(10446): 	at com.sohu.inputmethod.sogou.SogouIME.onStartInputView(SogouSource:226)
11-05 08:40:55.865 W/System.err(10446): 	at android.inputmethodservice.InputMethodService.startViews(InputMethodService.java:2224)
11-05 08:40:55.865 W/System.err(10446): 	at android.inputmethodservice.InputMethodService.showWindow(InputMethodService.java:2152)
11-05 08:40:55.865 W/System.err(10446): 	at com.sohu.inputmethod.sogou.SogouIME.showWindow(SogouSource:794)
11-05 08:40:55.865 W/System.err(10446): 	at android.inputmethodservice.InputMethodService$InputMethodImpl.showSoftInput(InputMethodService.java:767)
11-05 08:40:55.865 W/System.err(10446): 	at android.inputmethodservice.InputMethodService$InputMethodImpl.showSoftInputWithToken(InputMethodService.java:739)
11-05 08:40:55.865 W/System.err(10446): 	at android.inputmethodservice.IInputMethodWrapper.executeMessage(IInputMethodWrapper.java:226)
11-05 08:40:55.865 W/System.err(10446): 	at com.android.internal.os.HandlerCaller$MyHandler.handleMessage(HandlerCaller.java:44)
11-05 08:40:55.865 W/System.err(10446): 	at android.os.Handler.dispatchMessage(Handler.java:106)
11-05 08:40:55.865 W/System.err(10446): 	at android.os.Looper.loop(Looper.java:223)
11-05 08:40:55.865 W/System.err(10446): 	at android.app.ActivityThread.main(ActivityThread.java:7866)
11-05 08:40:55.865 W/System.err(10446): 	at java.lang.reflect.Method.invoke(Native Method)
11-05 08:40:55.865 W/System.err(10446): 	at com.android.internal.os.RuntimeInit$MethodAndArgsCaller.run(RuntimeInit.java:592)
11-05 08:40:55.865 W/System.err(10446): 	at com.android.internal.os.ZygoteInit.main(ZygoteInit.java:952)
11-05 08:40:55.867 D/MzUtils (10446): checkGameModeGameKeyboard, isGameKeyboardOn: true;  isGameMode: false,sIsInBackList = false
11-05 08:40:55.882 D/isFullyGesturalMode(10446):  currentMode = 2.0
11-05 08:40:55.883 I/KeyboardResizeInfo(10446): mLeftMove--25mRightMove25mBottomMove62mCandsTotalHeight135mIsValidKeyboardtrue
11-05 08:40:55.883 I/chatty  (10446): uid=10109(com.sohu.inputmethod.sogou.meizu) identical 2 lines
11-05 08:40:55.883 I/KeyboardResizeInfo(10446): mLeftMove--25mRightMove25mBottomMove62mCandsTotalHeight135mIsValidKeyboardtrue
11-05 08:40:55.887 I/Choreographer(10446): Skipped 5 frames!  The application may be doing too much work on its main thread.
11-05 08:40:55.898 D/ApplicationLife(30051): [process] handleMessage: invoked.  sCountActivity: 0
11-05 08:40:55.902 D/WindowModeClient( 9397): ime will show 0
11-05 08:40:55.903 D/WindowModeClient( 9397): ime will show 0
11-05 08:40:55.904 D/AppStateManager( 7242): setFlags mName=com.sohu.inputmethod.sogou.meizu,appType=65556,flag=18
11-05 08:40:55.904 D/AppStateManager( 7242): changeAppState: appState = 2 currentState = 1 name = com.sohu.inputmethod.sogou.meizu uid = 10109
11-05 08:40:55.904 D/AppStack( 7242): appOutPause: size = 13index = 5 appInfo = AppInfo{ID=126, state=1, flag=18, type=[system inputmethod visible], uid=10109, pkgName='com.sohu.inputmethod.sogou.meizu', cloneId=0, activeTime=72}
11-05 08:40:55.915 D/WindowMoveHelper( 4177): windowmove imeWillShow : 1224
11-05 08:40:55.956 E/statsd  (  802): Predicate 331253826 dropping data for dimension key (10)0x2010101->99910138[I] (10)0x30000->*gms_scheduler*/com.google.android.gms/.auth.account.be.legacy.AuthCronService[S] 
11-05 08:40:55.956 I/NetworkScheduler.Stats(15756): Task com.google.android.gms/com.google.android.gms.auth.account.be.legacy.AuthCronService finished executing. cause:6 result: 3 elapsed_millis: 42527 uptime_millis: 42527 exec_start_elapsed_seconds: 44450 [CONTEXT service_id=218 ]
11-05 08:40:56.011 D/AppStateManager( 7242): setFlags mName=android,appType=262148,flag=16
11-05 08:40:56.014 D/AppStateManager( 7242): changeAppState: appState = 1 currentState = 2 name = android uid = 1000
11-05 08:40:56.014 D/AppStateManager( 7242): onAppPause: appInfo = AppInfo{ID=109, state=2, flag=16, type=[system ignore], uid=1000, pkgName='android', cloneId=0, activeTime=0}
11-05 08:40:56.014 D/AppStack( 7242): restartTimer: lastApp = AppInfo{ID=286, state=2, flag=0, type=[normal system], uid=99910138, pkgName='com.google.android.gms', cloneId=0, activeTime=1622} size = 13 delay = 5577616
11-05 08:40:56.014 D/AppStack( 7242): appEnterPause: size = 13 appInfo = AppInfo{ID=109, state=2, flag=16, type=[system ignore], uid=1000, pkgName='android', cloneId=0, activeTime=0}
11-05 08:40:56.132 E/ArkApp.ArkStateCenter(30051): ark state change to  background
11-05 08:40:56.144 D/QCircleReportHelper(30051): onQQEnterBackground!
11-05 08:40:56.144 D/QCircleFolderFunnelCollect(30051): recordExtra period:enter_background,start :enter_background,cost:1636072856144ms
11-05 08:40:56.146 I/[upload2] UploadServiceProxy(30051): UI operation >>> setBackgroundMode
11-05 08:40:56.146 I/[upload2] UploadServiceProxy(30051): checkStatus work thread is not ready !
11-05 08:40:56.147 D/ApplicationLife(30051): [process] handleMessage: invoked. send stopping sProcessName: com.tencent.mobileqq
11-05 08:40:56.147 D/MSF.C.DeepSleepDetector(12745): onProcessViewableChanged process: com.tencent.mobileqq, state: false, at: 15055717
11-05 08:40:56.147 D/MSF.C.DeepSleepDetector(12745): lead to app state changed from: true, to: false
11-05 08:40:56.147 D/MSF.C.DeepSleepDetector(12745): [onAppBackground]
11-05 08:40:56.147 D/MSF.C.DeepSleepDetector(12745): onAppBackground setStartTime 44493398
11-05 08:40:56.147 D/MSF.C.DeepSleepDetector(12745): [run] count after++: 1
11-05 08:40:56.158 D/GuardManager(30051): [process][remove] onReceive: invoked.  process: com.tencent.mobileqq
11-05 08:40:56.158 D/GuardManager(30051): [process][ACTION_PLUGIN_BG] onReceive: invoked.  runningTimeAllowed: true
11-05 08:40:56.214 E/libc    ( 6272): Access denied finding property "ro.vendor.customize.isp"
11-05 08:40:56.296 D/StatusBarIconController( 4177): setIcon: slot-icon,slot=ime
11-05 08:40:56.297 D/StatusBarIconController( 4177): setIcon: slot-icon,slot=ime
11-05 08:40:56.309 I/WtloginReporter(30051): reportSaveEvent eventValue is null
11-05 08:40:56.313 I/TicketChecker(30051): isA1EmptyButD2NoEmpty isUserHaveA1=true,d2TicketLength=64
11-05 08:40:56.317 D/GuardManager(30051): [process] filterRealForegroundProcMap: invoked.  realProcMap: {}
11-05 08:40:56.317 D/GuardManager(30051): [handleMessageForQQPluginBG] fgProcess: com.tencent.mobileqq, bgProcess: com.tencent.mobileqq, activityCount: 0, foreground: false
11-05 08:40:56.319 D/GuardManager.GuardStateScheduler(30051): [process] filterRealForegroundProcMap: invoked.  realProcMap: {}
11-05 08:40:56.323 D/GuardManager(30051): [process] filterRealForegroundProcMap: invoked.  realProcMap: {}
11-05 08:40:56.324 D/GuardManager(30051): 848QQDT _reportForeground(false):[15015590 - 15056260 = 41]，process:com.tencent.mobileqq, isLogin: true, appid=537100189, activity =com.tencent.mobileqq.activity.SplashActivity
11-05 08:40:56.324 D/GuardManager(30051): 848QQDT [reportForegroundRunningTime] resetTime: 0
11-05 08:40:56.327 D/GuardManager(30051): [process] filterRealForegroundProcMap: invoked.  realProcMap: {}
11-05 08:40:56.329 D/GuardManager(30051): [process] filterRealForegroundProcMap: invoked.  realProcMap: {}
11-05 08:40:56.333 W/Notification(30051): Use of stream types is deprecated for operations other than volume control
11-05 08:40:56.333 W/Notification(30051): See the documentation of setSound() for what to use instead with android.media.AudioAttributes to qualify your playback use case
11-05 08:40:56.334 I/MobileQQServiceWrapper(30051): showNotCancelNotification nf=Notification(channel=CHANNEL_ID_HIDE_BADGE shortcut=null contentView=null headsUpContentView=null bigContentView=null vibrate=null sound=null defaults=0x0 flags=0x22 color=0x00000000 vis=PRIVATE)
11-05 08:40:56.342 D/ServiceAccountFolderManager(30051):  getPublicAccountFolderType error, is UIN_TYPE_PUBLIC_ACCOUNT, but is friend relation  puin = 467610503
11-05 08:40:56.342 D/ServiceAccountFolderManager(30051):  getPublicAccountFolderType error, is UIN_TYPE_PUBLIC_ACCOUNT, but is friend relation  puin = 467610503
11-05 08:40:56.347 D/UnreadCountUtil_UnreadMonitor(30051): Recent Msg Unread: startTime=[1636072856335],,strategyList=,0,0,0,0,0(10015,10015,0) ,0,0,0,costTime=[12]
11-05 08:40:56.350 E/GuildUnreadCntServiceImpl(30051): filterGetUnreadCnt notshowguildtab
11-05 08:40:56.352 D/MSF.C.NetConnTag.(12745): [buildReserveFiledWithQimei] qimei is null.
11-05 08:40:56.353 D/MSF.C.NetConnTag.true(12745): pa ok: 16661
11-05 08:40:56.353 D/MSF.C.DeepSleepDetector(12745): [hasInDeepSleep] result: false, bgTime: 206, mCount: 1, interval: 60000
11-05 08:40:56.353 D/MSF.C.NetConnTag.DualConnContext.true(12745): tryDualConn
11-05 08:40:56.353 D/MSF.C.NetConnTag.true(12745): netSend ssoSeq:16661 uin:*4213 cmd:CS85GDU/FiwpbQUkNjckPhgmIQ 17033 2a59721
11-05 08:40:56.354 D/NotificationFirewall( 1315): getFilterResult Main begin
11-05 08:40:56.354 D/NotificationFirewall( 1315): interceptNotification A begin
11-05 08:40:56.354 D/NotificationFirewall( 1315): handleMessage: interceptNotification begin
11-05 08:40:56.363 D/MagicRankingAlgorithm( 9397): packageName=com.tencent.mobileqq,key=status,scoreScale=0.0
11-05 08:40:56.363 D/PolicyAdjustUtils( 9397): adjustFilterResult: key=com.tencent.mobileqq$CHANNEL_ID_HIDE_BADGE,result.userFilter=1
11-05 08:40:56.364 D/NotificationFirewall( 1315): handleMessage: interceptNotification end,mResult=category=status;categoryPriority=0,notificationPriority=0;userFilter=1;tag=status;isValid=true;intercept=false,score=100.0,score_scale=0.0,shouldAffectRanking =false,shouldAffectIntercept=true,shouldAuthorityManagement=false,filterByUserBefore=false
11-05 08:40:56.364 D/NotificationFirewall( 1315): interceptNotification A end
11-05 08:40:56.364 D/NotificationFirewall( 1315): getFilterResult: mResultNull=false,mNotificationKey=0|com.tencent.mobileqq|275|null|10474,sbn.getKey()=0|com.tencent.mobileqq|275|null|10474
11-05 08:40:56.364 D/NotificationFirewall( 1315): getNotificationFilter: pkg=com.tencent.mobileqq,result=category=status;categoryPriority=0,notificationPriority=0;userFilter=1;tag=status;isValid=true;intercept=false,score=100.0,score_scale=0.0,shouldAffectRanking =false,shouldAffectIntercept=true,shouldAuthorityManagement=false,filterByUserBefore=false
11-05 08:40:56.364 D/NotificationFirewall( 1315): getNotificationFilter: pkg=com.tencent.mobileqq,isMediaNoti=false,isAutoFilterMode=false
11-05 08:40:56.364 D/NotificationService( 1315): enqueueNotificationInternal: pkg=com.tencent.mobileqq,id=275,ufk=com.tencent.mobileqq$CHANNEL_ID_HIDE_BADGE,n.filter=category=status;categoryPriority=0,notificationPriority=0;userFilter=1;tag=status;score=100.000000,score_scale=0.000000;intercept=true;shouldAffectRanking=false;shouldAffectIntercept=true;shouldAuthorityManagement=true;filterByUserBefore=true
11-05 08:40:56.371 D/GuardManager(12745): onEvent:1, 0, 0
11-05 08:40:56.371 D/BatteryStats.BgCpu(30051): BackgroundCpuMonitor onAppBackground,sCountActivity = 0
11-05 08:40:56.371 I/QzoneVerticalVideoPluginApk(30051): ============== onAppBackground ==============
11-05 08:40:56.372 D/Pandora.BackgroundUtil(30051): Pandora is onApplicationBackground
11-05 08:40:56.372 D/Log     (30051): Pandora.BackgroundUtil || Pandora is onApplicationBackground
11-05 08:40:56.372 D/ExpandPluginPreloadManager(30051): preloadPlugin: pre install is disable
11-05 08:40:56.380 D/BatteryStats.BgCpu(30051): bgPrintCpuStart msfrecv=10370[30414],   fts=51841[31002]
11-05 08:40:56.380 I/RedTouchLifeTimeManager(30051): [onReceive] bg action
11-05 08:40:56.572 D/NotificationService( 1315): showWakeUpScreen: aboveThreshold=false,DND=0,isUpdate=false,alertOnce=0,noClear=32,onGoing=2,category=nulluserFilter=1
11-05 08:40:56.575 D/AppStateManager( 7242): setFlags mName=com.tencent.mobileqq,appType=53376,flag=28
11-05 08:40:56.598 D/ListenerService( 9397): onNotificationPosted
11-05 08:40:56.598 I/GM.MzGameModeController( 9397): OnNotificationPosted：StatusBarNotification(pkg=com.tencent.mobileqq user=UserHandle{0} id=275 tag=null key=0|com.tencent.mobileqq|275|null|10474: Notification(channel=CHANNEL_ID_HIDE_BADGE shortcut=null contentView=null headsUpContentView=null bigContentView=null vibrate=null sound=null defaults=0x0 flags=0x22 color=0x00000000 vis=PRIVATE))
11-05 08:40:56.598 I/GM.CommonUtils( 9397): Pkg:com.tencent.mobileqq,WX:false MX:false
11-05 08:40:56.599 E/SystemUIMobEventUtils( 4177): packageName cannot be null and null-string, or packageName is not white pkg
11-05 08:40:56.599 D/SystemUIMobEventUtils( 4177): collectOngoingNoti = com.tencent.mobileqq
11-05 08:40:56.599 D/SystemUIMobEventUtils( 4177): onEvent notification_onging, properties = {packages=com.tencent.mobileqq}
11-05 08:40:56.599 I/GM.CommonUtils( 9397): AddNotification: qq msg
11-05 08:40:56.599 D/GM.CommonUtils( 9397): in black list, return
11-05 08:40:56.600 I/NotificationFilter(15166): isValid false,package:com.tencent.mobileqq,Tag:null,flag34,clearable:false,going:true,intercept:true
11-05 08:40:56.600 D/lucky.Service( 9397): onNotificationPosted
11-05 08:40:56.601 I/LuckyMoneyModel( 9397): factoryBean: ntfInWhiteList: false; ntfPkgName: com.tencent.mobileqq; ntfIntent: Intent { flg=0x24000000 cmp=com.tencent.mobileqq/.activity.SplashActivity (has extras) }
11-05 08:40:56.601 I/LuckyMoneyModel( 9397):  checkKeyword text=QQ正在后台运行, tickerText=
11-05 08:40:56.601 I/LuckyMoneyModel( 9397): factoryBean: ignored. QQ ntf without matched keyword and msg type
11-05 08:40:56.612 D/StatusBarIconView( 4177): getIcon: icon not null
11-05 08:40:56.613 I/chatty  ( 4177): uid=10061(com.flyme.systemuiex) com.android.systemui identical 1 line
11-05 08:40:56.614 D/StatusBarIconView( 4177): getIcon: icon not null
11-05 08:40:56.614 D/InterruptionStateProvider( 4177): No bubble up: not allowed to bubble: 0|com.tencent.mobileqq|275|null|10474
11-05 08:40:56.614 D/InterruptionStateProvider( 4177): No heads up: unimportant notification: 0|com.tencent.mobileqq|275|null|10474
11-05 08:40:56.614 D/GameModeControllerImpl( 4177): isDNDEnableAndInGameMode: mGameMode = false; mGameModeDNDEnable = true
11-05 08:40:56.614 D/GameModeControllerImpl( 4177): isDNDEnableAndInGameMode: mGameMode = false; mGameModeDNDEnable = true
11-05 08:40:56.614 D/MiniHeadsup( 4177): isVideo false,isDNDEnableAndInGameMode false,isMiniPkg false,isShowMiniForPop false
11-05 08:40:56.614 D/StatusBar( 4177): onNotificationPosted
11-05 08:40:56.614 D/AODPresenter2( 4177): onNotificationPosted
11-05 08:40:56.614 E/SystemUIMobEventUtils( 4177): packageName cannot be null and null-string, or packageName is filter pkg
11-05 08:40:56.650 D/NotificationShadeWindowController( 4177): forceFaceRecognitionBrightness false,mScreenBrightnessFaceRecognition 0.0
11-05 08:40:56.652 E/SQLiteLog( 4177): (1032) statement aborts at 11: [INSERT INTO events(encrypt,eventData,eventSource,eventSessionId) VALUES (?,?,?,?)] attempt to write a readonly database
11-05 08:40:56.653 E/SQLiteDatabase( 4177): Error inserting encrypt=2 eventData=D5017B5B4E6E8FCFA1A9D470A2B38F79A2BCB9D42657942382C78110FB8C9B73FA3D3BD213B348289583915D5D3BF60C4BDCEB635C9972263B3881F35F0875DB11315A1DFFBEAF89138666A02580397A5A6766C2C0275139368B6EEEF335B9C10A59A6E4E2F3D9D83784D227F097FCAEE7F914F23825EDE336E1658EE4BE830487403E2927647E4DA2F3EBC092784F9CB4139AB4D9686AFAC5FAF83A8DF648EE3A68AF836B2E45C2AAD6B16FD158B83A98C79D58E8E24FEC006080B9F793FEBE8D3B79213BF1B41561A4680AE788F9AA9A95DC843A1CBB18AC114BCCCFCC48AD859313809FBCAA116F63EBAF8028B9CB5B8671B8F57E19489DF58B347703BF10DCF89BD61F488D6111430B0445CBF93CA78C40761A9491FD27BAB5B5E4CFD0C188F6641AB6CFA2BE2CDA695ACCDC07049175DEBA3D8F40341072BF95929C59AC276D4F7FE45ECA40248985C328EDDD7A43F8DE244E7008D1241E137AA0A9CA4D476D129F72A1B93E3E18566DA0D8A4D1DBFAEF3CC8D9FAB88794E95F32DA960276A2CEFFFCD9F48D1BABDFBA4A9D0C0A0ABEC753B9EE8A1668C9E620E1C6EA1027F4E5EC2C763FAF5882D03AC2CC82FBEEE0C1B809305BF961097C5F4D41F19A406995D81E8D2229BEA73ECA9A895F865752506C7095D2520F906461ACC5C196397920778064223BF3DACC08FD33176E6D70D6655706011A4A835B92BACA57AFAACC31210D407955460537F11B15A6AC1CD63388EB601E86F4CD1F243E40DA8ADD211324047527CCF81BD6889B1CF1A89F6ACC39D789A060E123D6EC6AB8B00C5D5EDEFA9DDEDA4574BAD89973628D8F5BA6113D44C942FB89BFEF4F3323E71D071E17F2E34A9D0FF729829A881F7549641CC4B5FBDC3FCC708A2382F1E620A064189DCEE3CD262AD90D94FBB9E657132420643E40A480FC133DEE4F95FB79B3E9B5D3E87DB37F438B4C5D666F96F34D5354D416949D5EC9B1A7ADAA4EB05C904E3E4AAED44AD8EF27F3D69EB50E44C6EAC23A5979ADB180B6F25038F13444D3F2D0BE272D3B91778B84A40896E3A28A9779918AF742B2C5611FD70A182E83F7D54A97F27C57C349C0A066E19ECCDD0F90A59B03C4CAA69DCBCA4AD4AB4C92949701FBA2D466A479555830F4BFAE2D04DE1CB015D26C3983388CB5C66156171AD9A3B6F40D18979BF78AF45B2824256B925F927AD023BDF0031E7452032F3401BA52D76594E77B919ED907780B7223EDF95630D2BBF0EAC289D8F36F6BFB88E3402C736294D505453633E6C65423D0C098290F500E367231F9955BD02629175E6A176E99BA32DF3852A43864D5F86632DE6020084157241FE61F49D50D34E41DC02BB0A5BFB3447D7FA3B716250AFF0757C2245CDB52F8C142ABE2B6B0B75D06 eventSource=null eventSessionId=b630450c-a5bd-4c38-9f5b-8d6f3b7184e3
11-05 08:40:56.653 E/SQLiteDatabase( 4177): android.database.sqlite.SQLiteReadOnlyDatabaseException: attempt to write a readonly database (code 1032 SQLITE_READONLY_DBMOVED)
11-05 08:40:56.653 E/SQLiteDatabase( 4177): 	at android.database.sqlite.SQLiteConnection.nativeExecuteForLastInsertedRowId(Native Method)
11-05 08:40:56.653 E/SQLiteDatabase( 4177): 	at android.database.sqlite.SQLiteConnection.executeForLastInsertedRowId(SQLiteConnection.java:938)
11-05 08:40:56.653 E/SQLiteDatabase( 4177): 	at android.database.sqlite.SQLiteSession.executeForLastInsertedRowId(SQLiteSession.java:790)
11-05 08:40:56.653 E/SQLiteDatabase( 4177): 	at android.database.sqlite.SQLiteStatement.executeInsert(SQLiteStatement.java:88)
11-05 08:40:56.653 E/SQLiteDatabase( 4177): 	at android.database.sqlite.SQLiteDatabase.insertWithOnConflict(SQLiteDatabase.java:1701)
11-05 08:40:56.653 E/SQLiteDatabase( 4177): 	at android.database.sqlite.SQLiteDatabase.insert(SQLiteDatabase.java:1570)
11-05 08:40:56.653 E/SQLiteDatabase( 4177): 	at com.meizu.statsapp.v3.lib.plugin.emitter.local.storage.LocalEventStore.insertEvent(LocalEventStore.java:106)
11-05 08:40:56.653 E/SQLiteDatabase( 4177): 	at com.meizu.statsapp.v3.lib.plugin.emitter.local.LocalEmitterWorker$5.run(LocalEmitterWorker.java:190)
11-05 08:40:56.653 E/SQLiteDatabase( 4177): 	at java.util.concurrent.Executors$RunnableAdapter.call(Executors.java:462)
11-05 08:40:56.653 E/SQLiteDatabase( 4177): 	at java.util.concurrent.FutureTask.run(FutureTask.java:266)
11-05 08:40:56.653 E/SQLiteDatabase( 4177): 	at java.util.concurrent.ScheduledThreadPoolExecutor$ScheduledFutureTask.run(ScheduledThreadPoolExecutor.java:301)
11-05 08:40:56.653 E/SQLiteDatabase( 4177): 	at java.util.concurrent.ThreadPoolExecutor.runWorker(ThreadPoolExecutor.java:1167)
11-05 08:40:56.653 E/SQLiteDatabase( 4177): 	at java.util.concurrent.ThreadPoolExecutor$Worker.run(ThreadPoolExecutor.java:641)
11-05 08:40:56.653 E/SQLiteDatabase( 4177): 	at java.lang.Thread.run(Thread.java:923)
11-05 08:40:56.658 D/NotificationViewHierarchyManager( 4177): updateNotificationViews: toShowFilter=275,oriPkg=com.tencent.mobileqq
11-05 08:40:56.659 D/NotificationViewHierarchyManager( 4177): updateNotificationViews: toShowFilterAdd=275
11-05 08:40:56.662 V/StatusBar( 4177): updateNotificationCountChange,mLastHasNotification:true , hasActiveNotifications:true
11-05 08:40:56.663 D/PanelView( 4177): setQsExpansion height = 1413.0 mQsMinExpansionHeight = 1413 mQsMaxExpansionHeight = 3200 mQsMinCollapsedExpansionHeight = 625
11-05 08:40:56.663 D/NotificationIconAreaController( 4177): updateIconsForLayout: hasThirdPartNotiIcon=false
11-05 08:40:56.663 D/NotificationIconAreaController( 4177): updateIconsForLayout: hasThirdPartNotiIcon=false
11-05 08:40:56.737 E/libc    ( 6272): Access denied finding property "ro.vendor.customize.isp"
11-05 08:40:56.828 E/statsd  (  802): Predicate 331253826 dropping data for dimension key (10)0x2010101->11089[I] (10)0x30000->*alarm*[S] 
11-05 08:40:56.831 E/statsd  (  802): Predicate 331253826 dropping data for dimension key (10)0x2010101->11089[I] (10)0x30000->bifrost.WakerLock[S] 
11-05 08:40:56.833 E/statsd  (  802): Predicate 331253826 dropping data for dimension key (10)0x2010101->11089[I] (10)0x30000->bifrost.WakerLock[S] 
11-05 08:40:56.838 E/statsd  (  802): Predicate 331253826 dropping data for dimension key (10)0x2010101->11089[I] (10)0x30000->*alarm*[S] 
11-05 08:40:57.035 E/statsd  (  802): Predicate 331253826 dropping data for dimension key (10)0x2010101->11089[I] (10)0x30000->bifrost.WakerLock[S] 
11-05 08:40:57.048 E/minksocket(  958): MinkIPC_QRTR_Service: client with node 1 port 73b6 went down
11-05 08:40:57.049 E/minksocket(  958): MinkIPC_QRTR_Service: client with node 1 port 73ba went down
11-05 08:40:57.186 E/[cmshow][MemePlayer]MemeBornPlayerManager(30051): currentActionState
11-05 08:40:57.186 E/[cmshow][MemePlayer]MemeBornPlayerManager(30051):  canRecycle:true
11-05 08:40:57.186 W/[cmshow][MemePlayer]MemeBornPlayerManager(30051): try destroy on everything done
11-05 08:40:57.225 E/libc    ( 6272): Access denied finding property "ro.vendor.customize.isp"
11-05 08:40:57.454 E/statsd  (  802): Predicate 331253826 dropping data for dimension key (10)0x2010101->11089[I] (10)0x30000->bifrost.WakerLock[S] 
11-05 08:40:57.588 E/EdXposed-Bridge(30051): java.lang.ClassCastException: java.io.File cannot be cast to java.lang.String
11-05 08:40:57.588 E/EdXposed-Bridge(30051): 	at com.mhook.dialog.task.hook.check.MagiskCheckHook.beforeHookedMethod(MagiskCheckHook.java:1027)
11-05 08:40:57.588 E/EdXposed-Bridge(30051): 	at de.robv.android.xposed.MethodHooker.handleHookedMethod(MethodHooker.java:61)
11-05 08:40:57.588 E/EdXposed-Bridge(30051): 	at EdHooker_cd39ebec8c1c1670d2ba40be5d59f3fcac2aab9d.hook(Unknown Source:53)
11-05 08:40:57.588 E/EdXposed-Bridge(30051): 	at android.os.Environment.buildPath(Environment.java:1410)
11-05 08:40:57.588 E/EdXposed-Bridge(30051): 	at android.os.Environment.buildPaths(Environment.java:1393)
11-05 08:40:57.588 E/EdXposed-Bridge(30051): 	at android.os.Environment$UserEnvironment.buildExternalStorageAppCacheDirs(Environment.java:210)
11-05 08:40:57.588 E/EdXposed-Bridge(30051): 	at android.os.Environment.buildExternalStorageAppCacheDirs(Environment.java:1033)
11-05 08:40:57.588 E/EdXposed-Bridge(30051): 	at android.app.ContextImpl.getExternalCacheDirs(ContextImpl.java:828)
11-05 08:40:57.588 E/EdXposed-Bridge(30051): 	at android.app.ContextImpl.getExternalCacheDir(ContextImpl.java:821)
11-05 08:40:57.588 E/EdXposed-Bridge(30051): 	at android.content.ContextWrapper.getExternalCacheDir(ContextWrapper.java:303)
11-05 08:40:57.588 E/EdXposed-Bridge(30051): 	at com.tencent.mobileqq.qfix.ApplicationDelegate.getExternalCacheDir(P:287)
11-05 08:40:57.588 E/EdXposed-Bridge(30051): 	at oicq.wlogin_sdk.tools.util.getLogDir(P:2115)
11-05 08:40:57.588 E/EdXposed-Bridge(30051): 	at oicq.wlogin_sdk.tools.util.getLogFileName(P:2131)
11-05 08:40:57.588 E/EdXposed-Bridge(30051): 	at oicq.wlogin_sdk.tools.b.d(P:124)
11-05 08:40:57.588 E/EdXposed-Bridge(30051): 	at oicq.wlogin_sdk.tools.b.c(P:99)
11-05 08:40:57.588 E/EdXposed-Bridge(30051): 	at oicq.wlogin_sdk.tools.b.handleMessage(P:51)
11-05 08:40:57.588 E/EdXposed-Bridge(30051): 	at android.os.Handler.dispatchMessage(Handler.java:102)
11-05 08:40:57.588 E/EdXposed-Bridge(30051): 	at android.os.Looper.loop(Looper.java:223)
11-05 08:40:57.588 E/EdXposed-Bridge(30051): 	at android.os.HandlerThread.run(HandlerThread.java:67)
11-05 08:40:57.590 I/chatty  (30051): uid=10474(com.tencent.mobileqq) FileTracer identical 2 lines
11-05 08:40:57.590 E/EdXposed-Bridge(30051): java.lang.ClassCastException: java.io.File cannot be cast to java.lang.String
11-05 08:40:57.590 E/EdXposed-Bridge(30051): 	at com.mhook.dialog.task.hook.check.MagiskCheckHook.beforeHookedMethod(MagiskCheckHook.java:1027)
11-05 08:40:57.590 E/EdXposed-Bridge(30051): 	at de.robv.android.xposed.MethodHooker.handleHookedMethod(MethodHooker.java:61)
11-05 08:40:57.590 E/EdXposed-Bridge(30051): 	at EdHooker_cd39ebec8c1c1670d2ba40be5d59f3fcac2aab9d.hook(Unknown Source:53)
11-05 08:40:57.590 E/EdXposed-Bridge(30051): 	at android.os.Environment.buildPath(Environment.java:1410)
11-05 08:40:57.590 E/EdXposed-Bridge(30051): 	at android.os.Environment.buildPaths(Environment.java:1393)
11-05 08:40:57.590 E/EdXposed-Bridge(30051): 	at android.os.Environment$UserEnvironment.buildExternalStorageAppCacheDirs(Environment.java:210)
11-05 08:40:57.590 E/EdXposed-Bridge(30051): 	at android.os.Environment.buildExternalStorageAppCacheDirs(Environment.java:1033)
11-05 08:40:57.590 E/EdXposed-Bridge(30051): 	at android.app.ContextImpl.getExternalCacheDirs(ContextImpl.java:828)
11-05 08:40:57.590 E/EdXposed-Bridge(30051): 	at android.app.ContextImpl.getExternalCacheDir(ContextImpl.java:821)
11-05 08:40:57.590 E/EdXposed-Bridge(30051): 	at android.content.ContextWrapper.getExternalCacheDir(ContextWrapper.java:303)
11-05 08:40:57.590 E/EdXposed-Bridge(30051): 	at com.tencent.mobileqq.qfix.ApplicationDelegate.getExternalCacheDir(P:287)
11-05 08:40:57.590 E/EdXposed-Bridge(30051): 	at oicq.wlogin_sdk.tools.util.getLogDir(P:2115)
11-05 08:40:57.590 E/EdXposed-Bridge(30051): 	at oicq.wlogin_sdk.tools.util.getLogFileName(P:2131)
11-05 08:40:57.590 E/EdXposed-Bridge(30051): 	at oicq.wlogin_sdk.tools.b.d(P:124)
11-05 08:40:57.590 E/EdXposed-Bridge(30051): 	at oicq.wlogin_sdk.tools.b.c(P:99)
11-05 08:40:57.590 E/EdXposed-Bridge(30051): 	at oicq.wlogin_sdk.tools.b.handleMessage(P:51)
11-05 08:40:57.590 E/EdXposed-Bridge(30051): 	at android.os.Handler.dispatchMessage(Handler.java:102)
11-05 08:40:57.590 E/EdXposed-Bridge(30051): 	at android.os.Looper.loop(Looper.java:223)
11-05 08:40:57.590 E/EdXposed-Bridge(30051): 	at android.os.HandlerThread.run(HandlerThread.java:67)
11-05 08:40:57.747 E/libc    ( 6272): Access denied finding property "ro.vendor.customize.isp"
11-05 08:40:57.849 D/MSF.C.NetConnTag.(12745): [buildReserveFiledWithQimei] qimei is null.
11-05 08:40:57.850 D/MSF.C.NetConnTag.true(12745): pa ok: 16663
11-05 08:40:57.850 D/MSF.C.DeepSleepDetector(12745): [hasInDeepSleep] result: false, bgTime: 1703, mCount: 1, interval: 60000
11-05 08:40:57.850 D/MSF.C.NetConnTag.DualConnContext.true(12745): tryDualConn
11-05 08:40:57.850 D/MSF.C.NetConnTag.true(12745): netSend ssoSeq:16663 uin:*4213 cmd:BywyPTY9Fz86LCIgdA02PzgCMyAzNysILzM/Ji4 17507 2a59721
11-05 08:40:57.907 W/Settings(12745): Setting airplane_mode_on has moved from android.provider.Settings.System to android.provider.Settings.Global, returning read-only value.
11-05 08:40:57.910 W/Settings(12745): Setting airplane_mode_on has moved from android.provider.Settings.System to android.provider.Settings.Global, returning read-only value.
11-05 08:40:57.970 D/MSF.C.NetConnTag.true(12745): netRecv ssoSeq:16663 uin:*4213 cmd:BywyPTY9Fz86LCIgdA02PzgCMyAzNysILzM/Ji4 16863 cross:0
11-05 08:40:57.971 I/MSF.S.AppProcessManager(12745): SendToApp process:com.tencent.mobileqq fromServiceMsg: FromServiceMsg msName:unknown ssoSeq:16663 serviceCmd:MobileReport.UserActionReport appSeq:548 failCode:1000 cos t =0 needBoot=false to.len = 755 from.len = 100
11-05 08:40:57.974 D/MSF.D.Proxy(30051): onReceiveResp, fromServiceMsg = MobileReport.UserActionReport, ssoSeq = 16663, length = 100
11-05 08:40:58.050 E/minksocket(  958): MinkIPC_QRTR_Service: client with node 1 port 73bb went down
11-05 08:40:58.051 E/minksocket(  958): MinkIPC_QRTR_Service: client with node 1 port 73bc went down
11-05 08:40:58.052 E/minksocket(  958): MinkIPC_QRTR_Service: client with node 1 port 73bd went down
11-05 08:40:58.056 E/minksocket(  958): MinkIPC_QRTR_Service: client with node 1 port 73bf went down
11-05 08:40:58.057 E/minksocket(  958): MinkIPC_QRTR_Service: client with node 1 port 73c0 went down
11-05 08:40:58.059 E/minksocket(  958): MinkIPC_QRTR_Service: client with node 1 port 73c1 went down
11-05 08:40:58.092 D/ConnectionRateController( 4177): run: bacr,rate=1.6490885416666667
11-05 08:40:58.093 D/ConnectionRateController( 4177): handleMessage: msg={ when=0 what=1000 obj=1.6490885416666667 target=com.flyme.systemui.statusbar.policy.ConnectionRateController$2 }
11-05 08:40:58.093 D/ConnectionRateController( 4177): MSG_CONNECTION_RATE_UPDATED
11-05 08:40:58.093 D/ConnectionRateController( 4177): updateConnectionRate: btcr,rate=1.6490885416666667
11-05 08:40:58.093 D/KeyguardStatusBarRateView( 4177): onConnectionRateChange: btcr,show=true,mEnable=true,rate=1.6490885416666667
11-05 08:40:58.095 D/StatusBarRateView( 4177): onConnectionRateChange: btcr,show=true,mEnable=true,rate=1.6490885416666667
11-05 08:40:58.175 I/MN_AppStats( 6272): updateSpeed: com.taobao.taobao, speed=disabled, state 
11-05 08:40:58.233 E/libc    ( 6272): Access denied finding property "ro.vendor.customize.isp"
11-05 08:40:58.725 I/TriggerManager(18939): App resume for long time: com.x7890.shortcutcreator, reset 1->1
11-05 08:40:58.760 E/libc    ( 6272): Access denied finding property "ro.vendor.customize.isp"
11-05 08:40:58.832 I/Choreographer( 4446): Skipped 6 frames!  The application may be doing too much work on its main thread.
11-05 08:40:58.833 D/NetdEventListenerService( 1315): onDnsEvent returnCode = 0, correctedCode = 0
11-05 08:40:58.834 D/NetworkMonitor/114( 6131): handleMessage: E msg.what=17
11-05 08:40:58.834 D/NetworkMonitor/114( 6131): processMsg: ValidatedState
11-05 08:40:58.834 D/NetworkMonitor/114( 6131): isDataStall: result=false, tcp packets received=18, latest tcp fail rate=-1
11-05 08:40:58.834 D/NetworkMonitor/114( 6131): handleMessage: X
11-05 08:40:58.881 I/SmartThreadExecutor(12476): handleMessage: start check 0
11-05 08:40:58.881 I/SmartThreadExecutor(12476): handleMessage: check end 0 -6 false
11-05 08:40:59.240 E/libc    ( 6272): Access denied finding property "ro.vendor.customize.isp"
11-05 08:40:59.432 I/SmartThreadExecutor(12476): handleMessage: start check 1
11-05 08:40:59.433 I/SmartThreadExecutor(12476): handleMessage: check end 1 -6 false
11-05 08:40:59.668 I/SmartThreadExecutor(12476): handleMessage: start check 2
11-05 08:40:59.668 I/SmartThreadExecutor(12476): handleMessage: check end 2 -6 false
11-05 08:40:59.766 E/libc    ( 6272): Access denied finding property "ro.vendor.customize.isp"
11-05 08:40:59.772 I/SmartThreadExecutor(12476): handleMessage: start check 3
11-05 08:40:59.772 I/SmartThreadExecutor(12476): handleMessage: check end 3 -6 false
11-05 08:40:59.791 D/ContentCapture( 5906): checkClickAndCapture, voiceRecorder=disable, collection=disable
11-05 08:40:59.795 D/SmartTouch( 4177): handler AlphaOn
11-05 08:40:59.810 D/IntentFirewall( 1315): allow by ifw because callee is system caller: com.x7890.shortcutcreator callee: com.android.documentsui runType: Activity intent: Intent { act=android.intent.action.VIEW flg=0x10000000 cmp=com.android.documentsui/.ViewDownloadsActivity } Component: ComponentInfo{com.android.documentsui/com.android.documentsui.ViewDownloadsActivity} foreground: true is Running: false rule: Rule { type:4 block:false log:true caller:* callee:* interaction:* component: intentFilter:android.view.InputMethod, weight: 1 }
11-05 08:40:59.818 E/ANDR-PERF-LM( 1044): MetaMeter: handleAsync() 166: AdaptLaunch Invalid Async
11-05 08:40:59.818 E/ANDR-PERF-OPTSHANDLER( 1044): Perflock resource /sys/class/devfreq/soc:qcom,cpubw/max_freq not supported
11-05 08:40:59.819 E/ANDR-PERF-RESOURCEQS( 1044): Failed to apply optimization [6, 6]
11-05 08:40:59.819 E/ANDR-PERF-OPTSHANDLER( 1044): Perflock resource /sys/class/devfreq/soc:qcom,cpubw/min_freq not supported
11-05 08:40:59.819 E/ANDR-PERF-RESOURCEQS( 1044): Failed to apply optimization [6, 0]
11-05 08:40:59.819 E/ANDR-PERF-OPTSHANDLER( 1044): Min bounds check failed
11-05 08:40:59.819 E/ANDR-PERF-OPTSHANDLER( 1044): Error! Perflock failed, invalid request value 255
11-05 08:40:59.819 E/ANDR-PERF-RESOURCEQS( 1044): Failed to apply optimization [12, 6]
11-05 08:40:59.819 E/ANDR-PERF-JNI( 1315): com_qualcomm_qtiperformance_native_perf_io_prefetch_start
11-05 08:40:59.819 E/ANDR-PERF-LM( 1044): MetaMeter: handleAsync() 166: AdaptLaunch Invalid Async
11-05 08:40:59.823 D/CompatibilityInfo( 1315): mCompatibilityFlags - 0
11-05 08:40:59.823 D/CompatibilityInfo( 1315): applicationDensity - 586
11-05 08:40:59.823 D/CompatibilityInfo( 1315): applicationScale - 1.0
11-05 08:40:59.829 E/statsd  (  802): Predicate 331253826 dropping data for dimension key (10)0x2010101->10075[I] (10)0x30000->*launch*[S] 
11-05 08:40:59.834 I/izu.dataservic( 9516): oneway function results will be dropped but finished with status OK and parcel size 4
11-05 08:40:59.834 D/TriggerManager(18939): pause activity: com.x7890.shortcutcreator/com.x7890.shortcutcreator.CreateShortcutActivity, pid=5906
11-05 08:40:59.835 I/eizu.suggestio(18939): oneway function results will be dropped but finished with status OK and parcel size 4
11-05 08:40:59.835 I/om.meizu.picke(24167): oneway function results will be dropped but finished with status OK and parcel size 4
11-05 08:40:59.835 I/meizu.assistan(12114): oneway function results will be dropped but finished with status OK and parcel size 4
11-05 08:40:59.835 W/Zygote  (31750): mz_is_rooted false
11-05 08:40:59.839 E/ANDR-PERF-LM( 1044): MetaMeter: handleAsync() 166: AdaptLaunch Invalid Async
11-05 08:40:59.839 D/DMS:DataMonManager( 1315): App Cold started now is com.android.documentsui/com.android.documentsui
11-05 08:40:59.840 I/KAT:CycleTimer( 7242): app started and cycle delay 10000ms
11-05 08:40:59.841 D/AppPolicy( 7242): doAppManagerTask status: 204, AppInfo pkg: com.qualcomm.qti.devicestatisticsservice, cloneId: 0
11-05 08:40:59.841 D/AppPolicy( 7242): doAppManagerTask status: 204, AppInfo pkg: com.sohu.inputmethod.sogou.meizu, cloneId: 0
11-05 08:40:59.841 D/AppPolicy( 7242): doAppManagerTask status: 204, AppInfo pkg: com.tencent.wework, cloneId: 0
11-05 08:40:59.841 D/AppPolicy( 7242): doAppManagerTask status: 204, AppInfo pkg: com.tencent.mm, cloneId: 0
11-05 08:40:59.841 D/AppPolicy( 7242): doAppManagerTask status: 204, AppInfo pkg: com.tencent.mobileqq, cloneId: 0
11-05 08:40:59.841 D/AppPolicy( 7242): doAppManagerTask status: 204, AppInfo pkg: com.android.networkstack, cloneId: 0
11-05 08:40:59.841 D/AppPolicy( 7242): doAppManagerTask status: 204, AppInfo pkg: com.qualcomm.qti.workloadclassifier, cloneId: 0
11-05 08:40:59.841 D/AppPolicy( 7242): doAppManagerTask status: 204, AppInfo pkg: android.ext.services, cloneId: 0
11-05 08:40:59.841 D/AppPolicy( 7242): doAppManagerTask status: 204, AppInfo pkg: com.google.android.webview, cloneId: 0
11-05 08:40:59.841 D/AppPolicy( 7242): doAppManagerTask status: 204, AppInfo pkg: vendor.qti.hardware.cacert.server, cloneId: 0
11-05 08:40:59.841 D/AppPolicy( 7242): doAppManagerTask status: 204, AppInfo pkg: com.android.phone, cloneId: 0
11-05 08:40:59.841 D/AppPolicy( 7242): doAppManagerTask status: 204, AppInfo pkg: com.coolapk.market, cloneId: 0
11-05 08:40:59.841 D/AppPolicy( 7242): doAppManagerTask status: 204, AppInfo pkg: com.meizu.alphame, cloneId: 0
11-05 08:40:59.841 D/AppPolicy( 7242): doAppManagerTask status: 204, AppInfo pkg: com.catchingnow.np, cloneId: 0
11-05 08:40:59.841 D/AppPolicy( 7242): doAppManagerTask status: 204, AppInfo pkg: com.tencent.soter.soterserver, cloneId: 0
11-05 08:40:59.841 D/AppPolicy( 7242): doAppManagerTask status: 204, AppInfo pkg: com.meizu.net.search, cloneId: 0
11-05 08:40:59.841 D/AppPolicy( 7242): doAppManagerTask status: 204, AppInfo pkg: com.meizu.mzsyncservice, cloneId: 0
11-05 08:40:59.841 D/AppPolicy( 7242): doAppManagerTask status: 204, AppInfo pkg: com.android.mtp, cloneId: 0
11-05 08:40:59.841 D/AppPolicy( 7242): doAppManagerTask status: 204, AppInfo pkg: com.android.nfc, cloneId: 0
11-05 08:40:59.841 D/AppPolicy( 7242): doAppManagerTask status: 204, AppInfo pkg: com.flyme.systemuitools, cloneId: 0
11-05 08:40:59.841 D/AppPolicy( 7242): doAppManagerTask status: 204, AppInfo pkg: com.google.android.apps.docs, cloneId: 0
11-05 08:40:59.841 D/AppPolicy( 7242): doAppManagerTask status: 204, AppInfo pkg: com.android.providers.media.module, cloneId: 0
11-05 08:40:59.841 D/AppPolicy( 7242): doAppManagerTask status: 204, AppInfo pkg: com.android.providers.media.module, cloneId: 0
11-05 08:40:59.841 D/AppPolicy( 7242): doAppManagerTask status: 204, AppInfo pkg: com.meizu.assistant, cloneId: 0
11-05 08:40:59.841 D/AppPolicy( 7242): doAppManagerTask status: 204, AppInfo pkg: com.google.android.gsf, cloneId: 0
11-05 08:40:59.841 D/AppPolicy( 7242): doAppManagerTask status: 204, AppInfo pkg: com.x7890.shortcutcreator, cloneId: 0
11-05 08:40:59.841 D/AppPolicy( 7242): doAppManagerTask status: 204, AppInfo pkg: com.meizu.picker, cloneId: 0
11-05 08:40:59.841 D/AppPolicy( 7242): doAppManagerTask status: 204, AppInfo pkg: com.oasisfeng.nevo, cloneId: 0
11-05 08:40:59.841 D/AppPolicy( 7242): doAppManagerTask status: 204, AppInfo pkg: com.eg.android.AlipayGphone, cloneId: 0
11-05 08:40:59.841 D/AppPolicy( 7242): doAppManagerTask status: 204, AppInfo pkg: android, cloneId: 0
11-05 08:40:59.841 D/AppPolicy( 7242): doAppManagerTask status: 204, AppInfo pkg: com.meizu.pps, cloneId: 0
11-05 08:40:59.841 D/AppPolicy( 7242): doAppManagerTask status: 204, AppInfo pkg: com.meizu.dataservice, cloneId: 0
11-05 08:40:59.841 D/AppPolicy( 7242): doAppManagerTask status: 204, AppInfo pkg: com.android.cellbroadcastreceiver.module, cloneId: 0
11-05 08:40:59.841 D/AppPolicy( 7242): doAppManagerTask status: 204, AppInfo pkg: com.google.android.gms, cloneId: 0
11-05 08:40:59.841 D/AppPolicy( 7242): doAppManagerTask status: 204, AppInfo pkg: com.google.android.gms, cloneId: 0
11-05 08:40:59.841 D/AppPolicy( 7242): doAppManagerTask status: 204, AppInfo pkg: com.lerist.fakelocation, cloneId: 0
11-05 08:40:59.841 D/AppPolicy( 7242): doAppManagerTask status: 204, AppInfo pkg: com.android.systemui, cloneId: 0
11-05 08:40:59.841 D/AppPolicy( 7242): doAppManagerTask status: 204, AppInfo pkg: com.flyme.telecom.usagedata.service, cloneId: 0
11-05 08:40:59.841 D/AppPolicy( 7242): doAppManagerTask status: 204, AppInfo pkg: com.flyme.aod, cloneId: 0
11-05 08:40:59.841 D/AppPolicy( 7242): doAppManagerTask status: 204, AppInfo pkg: org.codeaurora.ims, cloneId: 0
11-05 08:40:59.841 D/AppPolicy( 7242): doAppManagerTask status: 204, AppInfo pkg: com.android.se, cloneId: 0
11-05 08:40:59.841 D/AppPolicy( 7242): doAppManagerTask status: 204, AppInfo pkg: com.taobao.taobao, cloneId: 0
11-05 08:40:59.841 D/AppPolicy( 7242): doAppManagerTask status: 204, AppInfo pkg: com.meizu.facerecognition, cloneId: 0
11-05 08:40:59.841 D/AppPolicy( 7242): doAppManagerTask status: 204, AppInfo pkg: com.android.smspush, cloneId: 0
11-05 08:40:59.841 D/AppPolicy( 7242): doAppManagerTask status: 204, AppInfo pkg: com.android.providers.downloads, cloneId: 0
11-05 08:40:59.841 D/AppPolicy( 7242): doAppManagerTask status: 204, AppInfo pkg: com.meizu.location, cloneId: 0
11-05 08:40:59.841 D/AppPolicy( 7242): doAppManagerTask status: 204, AppInfo pkg: com.meizu.suggestion, cloneId: 0
11-05 08:40:59.841 D/AppPolicy( 7242): doAppManagerTask status: 204, AppInfo pkg: com.qualcomm.qcrilmsgtunnel, cloneId: 0
11-05 08:40:59.841 D/AppPolicy( 7242): doAppManagerTask status: 204, AppInfo pkg: com.meizu.media.gallery, cloneId: 0
11-05 08:40:59.841 D/AppPolicy( 7242): doAppManagerTask status: 204, AppInfo pkg: com.whatsbug.litiaotiao, cloneId: 0
11-05 08:40:59.841 D/AppPolicy( 7242): doAppManagerTask status: 204, AppInfo pkg: com.meizu.flyme.update, cloneId: 0
11-05 08:40:59.841 D/AppPolicy( 7242): doAppManagerTask status: 204, AppInfo pkg: com.qualcomm.qti.sva, cloneId: 0
11-05 08:40:59.841 D/AppPolicy( 7242): doAppManagerTask status: 204, AppInfo pkg: com.meizu.safe, cloneId: 0
11-05 08:40:59.841 D/AppPolicy( 7242): doAppManagerTask status: 204, AppInfo pkg: com.qualcomm.qti.uceShimService, cloneId: 0
11-05 08:40:59.841 D/AppPolicy( 7242): doAppManagerTask status: 204, AppInfo pkg: com.meizu.cloud, cloneId: 0
11-05 08:40:59.841 D/AppPolicy( 7242): doAppManagerTask status: 204, AppInfo pkg: com.meizu.flyme.service.find, cloneId: 0
11-05 08:40:59.841 D/AppPolicy( 7242): doAppManagerTask status: 204, AppInfo pkg: com.meizu.net.pedometer, cloneId: 0
11-05 08:40:59.841 D/AppPolicy( 7242): doAppManagerTask status: 204, AppInfo pkg: com.meizu.flyme.launcher, cloneId: 0
11-05 08:40:59.841 D/AppPolicy( 7242): doAppManagerTask status: 204, AppInfo pkg: com.android.settings, cloneId: 0
11-05 08:40:59.841 D/AppPolicy( 7242): doAppManagerTask status: 204, AppInfo pkg: com.qualcomm.qti.telephonyservice, cloneId: 0
11-05 08:40:59.841 I/DMS:FastFreezePolicy( 7242): fast freeze processes: 4446,10592,10682,10656,10998,12201,12501,28199,29683,10253,5904,4342,3449,26307,7874,3412,3419,18285,18367,18296,19047,14048,9596,
11-05 08:40:59.853 I/ViewRootImpl( 1315): performConfigurationChange mLastWindowMode=1,mLastRotation=0,mAppIsGameMode=0
11-05 08:40:59.961 E/ANDR-IOP( 1038): io prefetch is disabled
11-05 08:40:59.963 E/ANDR-PERF-OPTSHANDLER( 1044): Perflock resource /sys/class/devfreq/soc:qcom,cpubw/max_freq not supported
11-05 08:40:59.963 E/ANDR-PERF-RESOURCEQS( 1044): Failed to apply optimization [6, 6]
11-05 08:40:59.963 E/ANDR-PERF-OPTSHANDLER( 1044): Perflock resource /sys/class/devfreq/soc:qcom,cpubw/min_freq not supported
11-05 08:40:59.963 E/ANDR-PERF-RESOURCEQS( 1044): Failed to apply optimization [6, 0]
11-05 08:40:59.963 E/ANDR-PERF-OPTSHANDLER( 1044): Min bounds check failed
11-05 08:40:59.963 E/ANDR-PERF-OPTSHANDLER( 1044): Error! Perflock failed, invalid request value 255
11-05 08:40:59.963 E/ANDR-PERF-RESOURCEQS( 1044): Failed to apply optimization [12, 6]
11-05 08:40:59.963 E/ANDR-PERF-OPTSHANDLER( 1044): Perflock resource /sys/class/devfreq/soc:qcom,cpubw/max_freq not supported
11-05 08:40:59.963 E/ANDR-PERF-RESOURCEQS( 1044): Failed to apply optimization [6, 6]
11-05 08:40:59.963 E/ANDR-PERF-OPTSHANDLER( 1044): Perflock resource /sys/class/devfreq/soc:qcom,cpubw/min_freq not supported
11-05 08:40:59.963 E/ANDR-PERF-RESOURCEQS( 1044): Failed to apply optimization [6, 0]
11-05 08:40:59.963 E/ANDR-PERF-OPTSHANDLER( 1044): Min bounds check failed
11-05 08:40:59.963 E/ANDR-PERF-OPTSHANDLER( 1044): Error! Perflock failed, invalid request value 255
11-05 08:40:59.963 E/ANDR-PERF-RESOURCEQS( 1044): Failed to apply optimization [12, 6]
11-05 08:40:59.970 I/Choreographer( 1315): Skipped 7 frames!  The application may be doing too much work on its main thread.
11-05 08:40:59.971 E/oid.documentsu(31750): Not starting debugger since process cannot load the jdwp agent.
