11-05 08:41:00.828 W/event   ( 7242): type=1400 audit(0.0:134833): avc: denied { search } for name="tmp" dev="dm-10" ino=84 scontext=u:r:system_app:s0 tcontext=u:object_r:shell_data_file:s0 tclass=dir permissive=0
11-05 08:41:00.833 D/AppStateManager( 7242): setFlags mName=android,appType=262148,flag=16
11-05 08:41:00.840 W/AppClean( 7242): type=1400 audit(0.0:134834): avc: denied { search } for name="tmp" dev="dm-10" ino=84 scontext=u:r:system_app:s0 tcontext=u:object_r:shell_data_file:s0 tclass=dir permissive=0
11-05 08:41:00.843 E/statsd  (  802): Predicate 331253826 dropping data for dimension key (10)0x2010101->10868[I] (10)0x30000->*launch*[S] 
11-05 08:41:00.843 E/statsd  (  802): Predicate 331253826 dropping data for dimension key (10)0x2010101->10075[I] (10)0x30000->*launch*[S] 
11-05 08:41:00.848 I/EdXposed-Bridge(14504):   Loading class com.lancaiwu.addressbook.hook.Hook
11-05 08:41:00.849 I/EdXposed-Bridge(14504): Loading modules from /data/app/~~conKRzHavJtrmTWldE-2aA==/com.coderstory.flyme-Bzr7k-oCiipDoOlDkvEjxA==/base.apk
11-05 08:41:00.850 D/AppStateManager( 7242): changeAppState: appState = 1 currentState = 2 name = android uid = 1000
11-05 08:41:00.850 D/AppStateManager( 7242): onAppPause: appInfo = AppInfo{ID=109, state=2, flag=16, type=[system ignore], uid=1000, pkgName='android', cloneId=0, activeTime=0}
11-05 08:41:00.850 D/AppStack( 7242): restartTimer: lastApp = AppInfo{ID=286, state=2, flag=0, type=[normal system], uid=99910138, pkgName='com.google.android.gms', cloneId=0, activeTime=1627} size = 13 delay = 5572780
11-05 08:41:00.850 D/AppStack( 7242): appEnterPause: size = 13 appInfo = AppInfo{ID=109, state=2, flag=16, type=[system ignore], uid=1000, pkgName='android', cloneId=0, activeTime=0}
11-05 08:41:00.857 E/statsd  (  802): Predicate 331253826 dropping data for dimension key (10)0x2010101->10868[I] (10)0x30000->*launch*[S] 
11-05 08:41:00.859 D/FiveGPolicy( 7242): informAppStatusListeners: packageName =  foreground = false false true
11-05 08:41:00.859 I/EventDispatcher( 7242): handle type 0 event 4 cost 14 ms
11-05 08:41:00.861 D/NetworkController.MobileSignalController(2)( 4177): getCurrentPhoneType phoneType=1,isCdma=false
11-05 08:41:00.861 D/FlymePluginFactory( 4177): ICCID for phone 1 is 89860118803638866027
11-05 08:41:00.861 D/FlymePluginFactory( 4177): [isCTCard]: isCTCard iccId = 89860118803638866027
11-05 08:41:00.864 D/NetworkController.MobileSignalController(2)( 4177): getCurrentPhoneType phoneType=1,isCdma=false
11-05 08:41:00.864 D/FlymePluginFactory( 4177): ICCID for phone 1 is 89860118803638866027
11-05 08:41:00.864 D/FlymePluginFactory( 4177): [isCTCard]: isCTCard iccId = 89860118803638866027
11-05 08:41:00.865 D/StatusBarSignalPolicy( 4177): updateVolteMergeId: slotId=0,radioOn=true,volteId=2131232987
11-05 08:41:00.865 D/StatusBarSignalPolicy( 4177): updateVolteMergeId: slotId=1,radioOn=true,volteId=2131232987
11-05 08:41:00.865 D/StatusBarSignalPolicy( 4177): setMobileDataIndicators: state=MobileIconState(subId=2, slotId=1, visible=true, strengthId=2131233902, typeId=2131233826, roaming=false, volteId=2131232987, volteMergeId=2131233134, activityInoutId=2131233839, voiceVisible=false, voiceTypeId=0, voiceStrengthId=2131233902, networkTypeIdWhenShowVoiceType=0, needResetView=false, isRadioOn=true, canShowHD=true)
11-05 08:41:00.866 I/GalleryAppImpl(14048): onTrimMemory level=40
11-05 08:41:00.867 I/SafeApplication(12787): onTrimMemory(5) foreground : false
11-05 08:41:00.869 D/CompatibilityInfo( 1315): mCompatibilityFlags - 0
11-05 08:41:00.869 D/CompatibilityInfo( 1315): applicationDensity - 586
11-05 08:41:00.869 D/CompatibilityInfo( 1315): applicationScale - 1.0
11-05 08:41:00.869 D/PanelView( 4177): setQsExpansion height = 1413.0 mQsMinExpansionHeight = 1413 mQsMaxExpansionHeight = 3200 mQsMinCollapsedExpansionHeight = 625
11-05 08:41:00.869 D/QS      ( 4177): setQSExpansion 0.0 -1838.5624
11-05 08:41:00.870 D/QS      ( 4177): setQSExpansion 0.0 -1838.5624
11-05 08:41:00.873 D/MN_AppStats( 6272): onUidGone 10075,procState false
11-05 08:41:00.873 I/izu.dataservic( 9516): oneway function results will be dropped but finished with status OK and parcel size 4
11-05 08:41:00.874 I/meizu.assistan(12114): oneway function results will be dropped but finished with status OK and parcel size 4
11-05 08:41:00.874 V/NetworkPolicy( 1315): updateRuleForRestrictBackgroundUL(10254): isForeground=false, isBlacklisted=false, isWhitelisted=false, isRestrictedByAdmin=false, oldRule=0 (NONE), newRule=0 (NONE), newUidRules=0 (NONE), oldUidRules=3072 (REJECT_METERED_MOBILE|REJECT_METERED_WIFI)
11-05 08:41:00.874 D/NetworkPolicy( 1315): updateRuleForAppIdleUL 10254 to DEFAULT
11-05 08:41:00.874 V/NetworkPolicy( 1315): updateRulesForPowerRestrictionsUL(10254), isIdle: false, mRestrictPower: false, mDeviceIdleMode: false, isForeground=false, isWhitelisted=false, oldRule=0 (NONE), newRule=0 (NONE), newUidRules=3072 (REJECT_METERED_MOBILE|REJECT_METERED_WIFI), oldUidRules=3072 (REJECT_METERED_MOBILE|REJECT_METERED_WIFI)
11-05 08:41:00.875 V/NetworkPolicy( 1315): updateRuleForRestrictBackgroundUL(10058): isForeground=false, isBlacklisted=false, isWhitelisted=true, isRestrictedByAdmin=false, oldRule=1 (ALLOW_METERED), newRule=0 (NONE), newUidRules=0 (NONE), oldUidRules=1 (ALLOW_METERED)
11-05 08:41:00.875 D/NetworkPolicy( 1315): updateRuleForAppIdleUL 10058 to DEFAULT
11-05 08:41:00.875 V/NetworkPolicy( 1315): updateRulesForPowerRestrictionsUL(10058), isIdle: false, mRestrictPower: false, mDeviceIdleMode: false, isForeground=false, isWhitelisted=true, oldRule=0 (NONE), newRule=0 (NONE), newUidRules=0 (NONE), oldUidRules=0 (NONE)
11-05 08:41:00.876 D/WindowModeClient( 9397): onTrimMemory 5
11-05 08:41:00.876 D/Tools.DarkMode( 9397): onTrimMemory 5
11-05 08:41:00.876 I/om.meizu.picke(24167): oneway function results will be dropped but finished with status OK and parcel size 4
11-05 08:41:00.877 D/SystemUIService( 4177): onTrimMemory level = 5
11-05 08:41:00.880 D/CompatibilityInfo( 1315): mCompatibilityFlags - 0
11-05 08:41:00.880 D/CompatibilityInfo( 1315): applicationDensity - 586
11-05 08:41:00.880 D/CompatibilityInfo( 1315): applicationScale - 1.0
11-05 08:41:00.893 I/eizu.suggestio(18939): oneway function results will be dropped but finished with status OK and parcel size 4
11-05 08:41:00.893 D/TriggerManager(18939): resume activity: com.x7890.shortcutcreator/com.x7890.shortcutcreator.CreateShortcutActivity, pid=5906
11-05 08:41:00.893 I/eizu.suggestio(18939): oneway function results will be dropped but finished with status OK and parcel size 4
11-05 08:41:00.893 I/Choreographer(31749): Skipped 3 frames!  The application may be doing too much work on its main thread.
11-05 08:41:00.894 I/TriggerManager(18939): notifyEvent:EVENT_ACTIVITY, obj=ActivityEvent{activity=com.x7890.shortcutcreator.CreateShortcutActivity, urlType=NONE, url=}
11-05 08:41:00.894 I/Choreographer(10998): Skipped 3 frames!  The application may be doing too much work on its main thread.
11-05 08:41:00.902 D/CompatibilityInfo( 1315): mCompatibilityFlags - 0
11-05 08:41:00.902 D/CompatibilityInfo( 1315): applicationDensity - 586
11-05 08:41:00.902 D/CompatibilityInfo( 1315): applicationScale - 1.0
11-05 08:41:00.903 I/Choreographer( 4446): Skipped 3 frames!  The application may be doing too much work on its main thread.
11-05 08:41:00.903 D/BoundBrokerSvc(15756): onBind: Intent { act=com.google.android.gms.udc.service.START cmp=com.google.android.gms/.chimera.PersistentApiService }
11-05 08:41:00.903 D/BoundBrokerSvc(15756): Loading bound service for intent: Intent { act=com.google.android.gms.udc.service.START cmp=com.google.android.gms/.chimera.PersistentApiService }
11-05 08:41:00.908 D/CompatibilityInfo( 1315): mCompatibilityFlags - 0
11-05 08:41:00.908 D/CompatibilityInfo( 1315): applicationDensity - 586
11-05 08:41:00.908 D/CompatibilityInfo( 1315): applicationScale - 1.0
11-05 08:41:00.946 I/EdXposed-Bridge(14504):   Loading class com.coderstory.flyme.xposed.start
11-05 08:41:00.958 I/EdXposed-Bridge(14504): Flyme助手已加载
11-05 08:41:00.963 I/EdXposed-Bridge(14504): Loading modules from /data/app/~~QRfVfieHJ0YDqU-7qQFblQ==/com.viewblocker.jrsen-6NPUlYufgj5chPCnMg3SQw==/base.apk
11-05 08:41:00.974 I/EdXposed-Bridge(14504):   Loading class com.viewblocker.jrsen.injection.BlockerInjector
11-05 08:41:00.975 I/EdXposed-Bridge(14504): Loading modules from /data/app/~~LONItnBkovs2wWC_eyOpCQ==/com.jy.xposed.web--HXljohBBDP930oOWlIp0g==/base.apk
11-05 08:41:00.978 I/EdXposed-Bridge(14504):   Loading class com.jy.xposed.web.core.Main
11-05 08:41:00.979 I/EdXposed-Bridge(14504): Loading modules from /data/app/~~lEWxquI3DEMGOhziTFgDYQ==/com.mihotel.startanyactivitypermission-yc971gmxUiCCNUwdIboxGw==/base.apk
11-05 08:41:00.980 I/EdXposed-Bridge(14504):   Loading class com.mihotel.startanyactivitypermission.util.XModule
11-05 08:41:00.980 I/EdXposed-Bridge(14504): Loading modules from /data/app/~~Gc450Mw5twIKTn75fUUyZw==/com.android.vendinf-fL4QsVLvWuBXdjZ33Y9cUA==/base.apk
11-05 08:41:01.005 I/EdXposed-Bridge(14504):   Loading class zone.jasi2169.patcher.Xposed
11-05 08:41:01.012 I/EdXposed-Bridge(14504): Loading modules from /data/app/~~MTF_a8ILOKvsakALEBDwTA==/com.lz233.onetext-Udcsn2t7kxeMe7wQWy-zQg==/base.apk
11-05 08:41:01.027 I/EdXposed-Bridge(14504):   Loading class com.lz233.onetext.hook.InitHook
11-05 08:41:01.027 I/EdXposed-Bridge(14504): Loading modules from /data/app/~~aPrca-d61cwAQ1oO2Nuf5Q==/pub.chara.cwui.pretendsharing_xposed-CI3IYLM0nvaruoJqoQnBqg==/base.apk
11-05 08:41:01.028 I/EdXposed-Bridge(14504):   Loading class pub.chara.cwui.pretendsharing_xposed.xposed
11-05 08:41:01.029 I/EdXposed-Bridge(14504): Loading modules from /data/app/~~tA0bmAs3uz2T8tsySWa8-w==/com.omarea.vtools-JN8pwZ0fg3IBClZY6RDjrw==/base.apk
11-05 08:41:01.088 I/EdXposed-Bridge(14504):   Loading class com.omarea.xposed.XposedInterface
11-05 08:41:01.090 I/EdXposed-Bridge(14504): Loading modules from /data/app/~~pe6Np7ILTFT_6NhAQxkoig==/top.imlk.undo-Sl5kmOYTWHAeLJNE0p7n1Q==/base.apk
11-05 08:41:01.099 D/ConnectionRateController( 4177): run: bacr,rate=1.9192708333333333
11-05 08:41:01.099 D/ConnectionRateController( 4177): handleMessage: msg={ when=0 what=1000 obj=1.9192708333333333 target=com.flyme.systemui.statusbar.policy.ConnectionRateController$2 }
11-05 08:41:01.099 D/ConnectionRateController( 4177): MSG_CONNECTION_RATE_UPDATED
11-05 08:41:01.099 D/ConnectionRateController( 4177): updateConnectionRate: btcr,rate=1.9192708333333333
11-05 08:41:01.099 D/KeyguardStatusBarRateView( 4177): onConnectionRateChange: btcr,show=true,mEnable=true,rate=1.9192708333333333
11-05 08:41:01.100 D/StatusBarRateView( 4177): onConnectionRateChange: btcr,show=true,mEnable=true,rate=1.9192708333333333
11-05 08:41:01.100 I/EdXposed-Bridge(14504):   Loading class top.imlk.undo.hooker.Injecter
11-05 08:41:01.101 E/Undo    (14504): android.os.SystemProperties:unknown
11-05 08:41:01.101 I/EdXposed-Bridge(14504): Loading modules from /data/app/~~jIqDAEI6Yi0hayQaoQ3_Gg==/com.xloger.exlink.app-TJkanJcNwRNguRnsB8nTlQ==/base.apk
11-05 08:41:01.127 I/EdXposed-Bridge(14504):   Loading class com.xloger.exlink.app.HookMain
11-05 08:41:01.129 I/EdXposed-Bridge(14504):   Loading class com.xloger.exlink.app.HookSelf
11-05 08:41:01.129 I/EdXposed-Bridge(14504): Loading modules from /data/app/~~_puVMDFi2yEEYzz6xj3xEg==/com.chili.ClipboardManager-wwTz2n9N6dDTk0udwh96kQ==/base.apk
11-05 08:41:01.130 I/EdXposed-Bridge(14504):   Loading class com.chili.ClipboardManager.Hooks.ClipboardManagerHook
11-05 08:41:01.130 I/EdXposed-Bridge(14504): Loading modules from /data/app/~~wxbsDUzFq-K057vyFQp_1A==/com.coderstory.toolkit-sMyS7mhnG0uniQIGmXWd_w==/base.apk
11-05 08:41:01.131 I/EdXposed-Bridge(14504):   Loading class toolkit.coderstory.MainHook
11-05 08:41:01.131 I/EdXposed-Bridge(14504): Loading modules from /data/app/~~sUjwovrURpAYq5AQXQBolA==/louis.baseapk-PtuPWesGzjwS0V_oKi3PUg==/base.apk
11-05 08:41:01.146 I/EdXposed-Bridge(14504):   Loading class louis.ʹ
11-05 08:41:01.146 I/EdXposed-Bridge(14504): Loading modules from /data/app/~~-ofdv3q0wMJs6kg1ZMItxg==/com.mhook.dialog.beta-LJUOTYrdv-td-IFN8G_oqg==/base.apk
11-05 08:41:01.166 I/EdXposed-Bridge(14504):   Loading class com.mhook.dialog.Module
11-05 08:41:01.168 I/EdXposed-Bridge(14504): Loading modules from /data/app/~~Y_TlmYcAYKZWQ1ddqk1SRA==/ru.sxbuIDfx.pFSOyagrF-bvaGW_bXddDGiOKvh2ODXA==/base.apk
11-05 08:41:01.184 I/lowmemorykiller(  584): medium pressure event triggered
11-05 08:41:01.184 I/lowmemorykiller(  584): thrashing: 0% thrashing_limit: 30%
11-05 08:41:01.184 I/lowmemorykiller(  584): Not killing for medium pressure event trigger
11-05 08:41:01.194 I/lowmemorykiller(  584): medium pressure event polling check
11-05 08:41:01.195 I/lowmemorykiller(  584): Ignoring medium pressure event; system is not in reclaim
11-05 08:41:01.205 I/lowmemorykiller(  584): medium pressure event polling check
11-05 08:41:01.205 I/lowmemorykiller(  584): Ignoring medium pressure event; system is not in reclaim
11-05 08:41:01.209 I/EdXposed-Bridge(14504):   Loading class com.xposed.XSupport
11-05 08:41:01.213 D/Riru64  (14504): riru_momohider@momohider: unload
11-05 08:41:01.213 D/Riru64  (14504): riru-module-xfingerprint-pay-alipay@riru-module-xfingerprint-pay-alipay: unload
11-05 08:41:01.213 D/Riru64  (14504): riru-module-xfingerprint-pay-taobao@riru-module-xfingerprint-pay-taobao: unload
11-05 08:41:01.213 D/Riru64  (14504): riru-module-xfingerprint-pay-qq@riru-module-xfingerprint-pay-qq: unload
11-05 08:41:01.213 D/Riru64  (14504): riru-module-xfingerprint-pay-wechat@riru-module-xfingerprint-pay-wechat: unload
11-05 08:41:01.213 D/Riru64  (14504): riru_hidemyapplist@hidemyapplist: unload
11-05 08:41:01.214 D/Riru64  (14504): 0dcc: unload is not supported by module (API < 25), self unload is also disabled
11-05 08:41:01.214 D/Riru64  (14504): riru_momohider@momohider is unloaded
11-05 08:41:01.214 D/Riru64  (14504): riru-module-xfingerprint-pay-alipay@riru-module-xfingerprint-pay-alipay is unloaded
11-05 08:41:01.214 D/Riru64  (14504): riru-module-xfingerprint-pay-taobao@riru-module-xfingerprint-pay-taobao is unloaded
11-05 08:41:01.214 D/Riru64  (14504): riru-module-xfingerprint-pay-qq@riru-module-xfingerprint-pay-qq is unloaded
11-05 08:41:01.214 D/Riru64  (14504): riru-module-xfingerprint-pay-wechat@riru-module-xfingerprint-pay-wechat is unloaded
11-05 08:41:01.214 D/Riru64  (14504): riru_hidemyapplist@hidemyapplist is unloaded
11-05 08:41:01.214 W/Riru64  (14504): 0dcc is too old to hide so
11-05 08:41:01.214 D/Riru64  (14504): removed soinfo: /dev/ncj/.magisk/modules/riru-core/lib64/libriru.so
11-05 08:41:01.217 I/lowmemorykiller(  584): medium pressure event polling check
11-05 08:41:01.218 D/CompatibilityInfo( 1315): mCompatibilityFlags - 0
11-05 08:41:01.218 D/CompatibilityInfo( 1315): applicationDensity - 586
11-05 08:41:01.218 D/CompatibilityInfo( 1315): applicationScale - 1.0
11-05 08:41:01.218 I/lowmemorykiller(  584): Ignoring medium pressure event; system is not in reclaim
11-05 08:41:01.229 I/lowmemorykiller(  584): medium pressure event polling check
11-05 08:41:01.229 I/lowmemorykiller(  584): Ignoring medium pressure event; system is not in reclaim
11-05 08:41:01.241 I/lowmemorykiller(  584): medium pressure event polling check
11-05 08:41:01.241 I/lowmemorykiller(  584): Ignoring medium pressure event; system is not in reclaim
11-05 08:41:01.246 E/libc    ( 6272): Access denied finding property "ro.vendor.customize.isp"
11-05 08:41:01.246 D/FlymePluginFactory( 4177): isRadioOn(0):true
11-05 08:41:01.246 E/libc    ( 6272): Access denied finding property "ro.vendor.customize.isp"
11-05 08:41:01.246 D/TelephonyProvider( 6272): Using old permission behavior for telephony provider compat
11-05 08:41:01.254 I/lowmemorykiller(  584): medium pressure event polling check
11-05 08:41:01.256 I/lowmemorykiller(  584): Kill 'com.google.android.webview:webview_service' (10961), uid 10142, oom_adj 995 to free 68092kB; reason: low watermark is breached and swap is low (5348kB < 419428kB)
11-05 08:41:01.257 D/NetworkController.MobileSignalController(1)( 4177): getCurrentPhoneType phoneType=1,isCdma=false
11-05 08:41:01.274 D/FlymePluginFactory( 4177): ICCID for phone 0 is 898600B10116F0101916
11-05 08:41:01.274 D/FlymePluginFactory( 4177): [isCTCard]: isCTCard iccId = 898600B10116F0101916
11-05 08:41:01.274 D/NetworkController.MobileSignalController(1)( 4177): getCurrentPhoneType phoneType=1,isCdma=false
11-05 08:41:01.274 D/FlymePluginFactory( 4177): ICCID for phone 0 is 898600B10116F0101916
11-05 08:41:01.274 D/FlymePluginFactory( 4177): [isCTCard]: isCTCard iccId = 898600B10116F0101916
11-05 08:41:01.275 D/StatusBarSignalPolicy( 4177): updateVolteMergeId: slotId=0,radioOn=true,volteId=2131232987
11-05 08:41:01.275 D/StatusBarSignalPolicy( 4177): updateVolteMergeId: slotId=1,radioOn=true,volteId=2131232987
11-05 08:41:01.275 D/StatusBarSignalPolicy( 4177): setMobileDataIndicators: state=MobileIconState(subId=1, slotId=0, visible=true, strengthId=2131233902, typeId=2131233822, roaming=false, volteId=2131232987, volteMergeId=2131233134, activityInoutId=0, voiceVisible=false, voiceTypeId=0, voiceStrengthId=2131233902, networkTypeIdWhenShowVoiceType=0, needResetView=false, isRadioOn=true, canShowHD=true)
11-05 08:41:01.278 I/lowmemorykiller(  584): medium pressure event polling check
11-05 08:41:01.278 I/Zygote  (  804): Process 10961 exited due to signal 9 (Killed)
11-05 08:41:01.278 I/lowmemorykiller(  584): thrashing: 0% thrashing_limit: 30%
11-05 08:41:01.279 I/lowmemorykiller(  584): Not killing for medium pressure event polling check
11-05 08:41:01.279 D/AppStateManager( 7242): setFlags mName=com.google.android.webview,appType=4,flag=0
11-05 08:41:01.279 I/libprocessgroup( 1315): Successfully killed process cgroup uid 10142 pid 10961 in 0ms
11-05 08:41:01.281 I/eizu.suggestio(18939): oneway function results will be dropped but finished with status OK and parcel size 4
11-05 08:41:01.282 D/MN_AppStats( 6272): onUidGone 10142,procState false
11-05 08:41:01.282 V/NetworkPolicy( 1315): updateRulesForPowerRestrictionsUL(10142), isIdle: false, mRestrictPower: false, mDeviceIdleMode: false, isForeground=false, isWhitelisted=false, oldRule=0 (NONE), newRule=0 (NONE), newUidRules=0 (NONE), oldUidRules=0 (NONE)
11-05 08:41:01.283 D/AppStateManager( 7242): changeAppState: appState = 0 currentState = 2 name = com.google.android.webview uid = 10142
11-05 08:41:01.283 D/AppStateManager( 7242): onAppPause: appInfo = AppInfo{ID=311, state=2, flag=0, type=[system], uid=10142, pkgName='com.google.android.webview', cloneId=0, activeTime=0}
11-05 08:41:01.283 D/AppStateManager( 7242): onAppFinish: pkg = com.google.android.webview uid = 10142 id = 0
11-05 08:41:01.283 D/AppStack( 7242): restartTimer: lastApp = AppInfo{ID=286, state=2, flag=0, type=[normal system], uid=99910138, pkgName='com.google.android.gms', cloneId=0, activeTime=1627} size = 14 delay = 5572347
11-05 08:41:01.283 D/AppStack( 7242): appEnterPause: size = 14 appInfo = AppInfo{ID=311, state=2, flag=0, type=[system], uid=10142, pkgName='com.google.android.webview', cloneId=0, activeTime=0}
11-05 08:41:01.283 D/AppStack( 7242): appOutPause: size = 13index = -1 appInfo = AppInfo{ID=311, state=2, flag=0, type=[system], uid=10142, pkgName='com.google.android.webview', cloneId=0, activeTime=0}
11-05 08:41:01.288 I/lowmemorykiller(  584): medium pressure event polling check
11-05 08:41:01.289 I/lowmemorykiller(  584): thrashing: 0% thrashing_limit: 30%
11-05 08:41:01.289 I/lowmemorykiller(  584): Not killing for medium pressure event polling check
11-05 08:41:01.301 I/lowmemorykiller(  584): medium pressure event polling check
11-05 08:41:01.301 I/lowmemorykiller(  584): thrashing: 0% thrashing_limit: 30%
11-05 08:41:01.301 I/lowmemorykiller(  584): Not killing for medium pressure event polling check
11-05 08:41:01.313 I/lowmemorykiller(  584): medium pressure event polling check
11-05 08:41:01.314 I/lowmemorykiller(  584): thrashing: 0% thrashing_limit: 30%
11-05 08:41:01.314 I/lowmemorykiller(  584): Not killing for medium pressure event polling check
11-05 08:41:01.324 I/lowmemorykiller(  584): medium pressure event polling check
11-05 08:41:01.324 I/lowmemorykiller(  584): thrashing: 0% thrashing_limit: 30%
11-05 08:41:01.324 I/lowmemorykiller(  584): Not killing for medium pressure event polling check
11-05 08:41:01.336 I/lowmemorykiller(  584): medium pressure event polling check
11-05 08:41:01.337 I/lowmemorykiller(  584): thrashing: 0% thrashing_limit: 30%
11-05 08:41:01.337 I/lowmemorykiller(  584): Not killing for medium pressure event polling check
11-05 08:41:01.345 I/mars::stn(10656): [longlink_connect_monitor.cc, OnHeartbeatAlarmReceived, 452]:longlink_progress on_heartbeat_alarm, time: 44498596, is_noop_timeout:false
11-05 08:41:01.349 I/lowmemorykiller(  584): medium pressure event polling check
11-05 08:41:01.349 I/lowmemorykiller(  584): Ignoring medium pressure event; system is not in reclaim
11-05 08:41:01.350 E/statsd  (  802): Predicate 331253826 dropping data for dimension key (10)0x2010101->10518[I] (10)0x30000->MicroMsg.WakerLock[S] 
11-05 08:41:01.359 I/mars::stn(10656): [longlink_connect_monitor.cc, OnHeartbeatAlarmSet, 448]:longlink_progress on_heartbeat_set, time: 44498610, time interval:210000
11-05 08:41:01.361 I/lowmemorykiller(  584): medium pressure event polling check
11-05 08:41:01.362 I/lowmemorykiller(  584): Ignoring medium pressure event; system is not in reclaim
11-05 08:41:01.370 I/mars::stn(10656): [longlink_connect_monitor.cc, OnHeartbeatAlarmSet, 448]:longlink_progress on_heartbeat_set, time: 44498621, time interval:210000
11-05 08:41:01.372 I/lowmemorykiller(  584): medium pressure event polling check
11-05 08:41:01.372 I/lowmemorykiller(  584): Ignoring medium pressure event; system is not in reclaim
11-05 08:41:01.384 I/lowmemorykiller(  584): medium pressure event polling check
11-05 08:41:01.385 I/lowmemorykiller(  584): Ignoring medium pressure event; system is not in reclaim
11-05 08:41:01.397 I/lowmemorykiller(  584): medium pressure event polling check
11-05 08:41:01.397 D/FingerprintPay [run](UpdateFactory.java:230)( 7811): top activity	null	
11-05 08:41:01.397 I/lowmemorykiller(  584): Ignoring medium pressure event; system is not in reclaim
11-05 08:41:01.409 I/lowmemorykiller(  584): medium pressure event polling check
11-05 08:41:01.409 I/lowmemorykiller(  584): Ignoring medium pressure event; system is not in reclaim
11-05 08:41:01.421 I/lowmemorykiller(  584): medium pressure event polling check
11-05 08:41:01.422 I/lowmemorykiller(  584): Ignoring medium pressure event; system is not in reclaim
11-05 08:41:01.432 I/lowmemorykiller(  584): medium pressure event polling check
11-05 08:41:01.432 I/lowmemorykiller(  584): Ignoring medium pressure event; system is not in reclaim
11-05 08:41:01.441 I/Choreographer( 4446): Skipped 6 frames!  The application may be doing too much work on its main thread.
11-05 08:41:01.444 I/lowmemorykiller(  584): medium pressure event polling check
11-05 08:41:01.445 I/lowmemorykiller(  584): Ignoring medium pressure event; system is not in reclaim
11-05 08:41:01.457 I/lowmemorykiller(  584): medium pressure event polling check
11-05 08:41:01.457 I/lowmemorykiller(  584): Ignoring medium pressure event; system is not in reclaim
11-05 08:41:01.469 I/lowmemorykiller(  584): medium pressure event polling check
11-05 08:41:01.469 I/lowmemorykiller(  584): Ignoring medium pressure event; system is not in reclaim
11-05 08:41:01.478 I/System.out(14504): engineVerify
11-05 08:41:01.481 I/lowmemorykiller(  584): medium pressure event polling check
11-05 08:41:01.482 I/lowmemorykiller(  584): Ignoring medium pressure event; system is not in reclaim
11-05 08:41:01.487 W/System  ( 4446): A resource failed to call end. 
11-05 08:41:01.487 W/System  ( 4446): A resource failed to call end. 
11-05 08:41:01.490 D/StrictMode(14504): tryInitThreadDefaults currentPackageName:com.android.externalstorage
11-05 08:41:01.490 D/StrictMode(14504): tryInitVmDefaults currentPackageName:com.android.externalstorage
11-05 08:41:01.492 I/lowmemorykiller(  584): medium pressure event polling check
11-05 08:41:01.492 I/lowmemorykiller(  584): Ignoring medium pressure event; system is not in reclaim
11-05 08:41:01.504 I/lowmemorykiller(  584): medium pressure event polling check
11-05 08:41:01.504 I/lowmemorykiller(  584): Ignoring medium pressure event; system is not in reclaim
11-05 08:41:01.517 I/lowmemorykiller(  584): medium pressure event polling check
11-05 08:41:01.517 I/lowmemorykiller(  584): Ignoring medium pressure event; system is not in reclaim
11-05 08:41:01.529 I/lowmemorykiller(  584): medium pressure event polling check
11-05 08:41:01.529 I/lowmemorykiller(  584): Ignoring medium pressure event; system is not in reclaim
11-05 08:41:01.533 I/EdXposed-Bridge(14504): [ExLink] 进行了初始化规则
11-05 08:41:01.541 I/lowmemorykiller(  584): medium pressure event polling check
11-05 08:41:01.542 I/lowmemorykiller(  584): Ignoring medium pressure event; system is not in reclaim
11-05 08:41:01.552 I/lowmemorykiller(  584): medium pressure event polling check
11-05 08:41:01.552 I/lowmemorykiller(  584): Ignoring medium pressure event; system is not in reclaim
11-05 08:41:01.564 I/lowmemorykiller(  584): medium pressure event polling check
11-05 08:41:01.564 I/lowmemorykiller(  584): Ignoring medium pressure event; system is not in reclaim
11-05 08:41:01.576 I/lowmemorykiller(  584): medium pressure event polling check
11-05 08:41:01.577 I/lowmemorykiller(  584): Ignoring medium pressure event; system is not in reclaim
11-05 08:41:01.589 I/lowmemorykiller(  584): medium pressure event polling check
11-05 08:41:01.589 I/EdXposed-Bridge(14504): [ExLink Error] No such file or directory
11-05 08:41:01.589 I/EdXposed-Bridge(14504): [ExLink Error] 创建 json 文件异常/data/user_de/0/com.xloger.exlink.app/exlink.json
11-05 08:41:01.589 I/lowmemorykiller(  584): Ignoring medium pressure event; system is not in reclaim
11-05 08:41:01.601 I/lowmemorykiller(  584): medium pressure event polling check
11-05 08:41:01.602 I/lowmemorykiller(  584): Ignoring medium pressure event; system is not in reclaim
11-05 08:41:01.610 I/ViewBlocker(14504): default launcher:com.meizu.flyme.launcher
11-05 08:41:01.611 I/ViewBlocker(14504): default keyboard:[]
11-05 08:41:01.613 I/ViewBlocker(14504): inject package:com.android.externalstorage isFirstApplication:true
11-05 08:41:01.614 I/lowmemorykiller(  584): medium pressure event polling check
11-05 08:41:01.614 I/lowmemorykiller(  584): Ignoring medium pressure event; system is not in reclaim
11-05 08:41:01.624 I/lowmemorykiller(  584): medium pressure event polling check
11-05 08:41:01.624 I/lowmemorykiller(  584): Ignoring medium pressure event; system is not in reclaim
11-05 08:41:01.636 I/lowmemorykiller(  584): medium pressure event polling check
11-05 08:41:01.637 I/lowmemorykiller(  584): Ignoring medium pressure event; system is not in reclaim
11-05 08:41:01.638 W/System.err(14504): java.io.FileNotFoundException: /data/data/com.viewblocker.jrsen/app_data/conf: open failed: ENOENT (No such file or directory)
11-05 08:41:01.638 W/System.err(14504): 	at libcore.io.IoBridge.open(IoBridge.java:492)
11-05 08:41:01.638 W/System.err(14504): 	at java.io.FileInputStream.<init>(FileInputStream.java:160)
11-05 08:41:01.638 W/System.err(14504): 	at com.viewblocker.jrsen.injection.util.a.a(Unknown Source:2)
11-05 08:41:01.638 W/System.err(14504): 	at com.viewblocker.jrsen.injection.util.a.a(Unknown Source:5)
11-05 08:41:01.638 W/System.err(14504): 	at com.viewblocker.jrsen.injection.c.b.b(Unknown Source:8)
11-05 08:41:01.638 W/System.err(14504): 	at com.viewblocker.jrsen.injection.BlockerInjector.handleLoadPackage(Unknown Source:111)
11-05 08:41:01.638 W/System.err(14504): 	at de.robv.android.xposed.IXposedHookLoadPackage$Wrapper.handleLoadPackage(IXposedHookLoadPackage.java:37)
11-05 08:41:01.638 W/System.err(14504): 	at de.robv.android.xposed.callbacks.XC_LoadPackage.call(XC_LoadPackage.java:61)
11-05 08:41:01.638 W/System.err(14504): 	at de.robv.android.xposed.callbacks.XCallback.callAll(XCallback.java:117)
11-05 08:41:01.638 W/System.err(14504): 	at com.elderdrivers.riru.edxp._hooker.impl.LoadedApkGetCL.afterHookedMethod(LoadedApkGetCL.java:61)
11-05 08:41:01.638 W/System.err(14504): 	at de.robv.android.xposed.MethodHooker.handleHookedMethod(MethodHooker.java:94)
11-05 08:41:01.638 W/System.err(14504): 	at EdHooker_d80f73e34da17c301b40feab7995d5a6a0b56621.hook(Unknown Source:45)
11-05 08:41:01.639 W/System.err(14504): 	at android.app.LoadedApk.getResources(LoadedApk.java:1220)
11-05 08:41:01.639 W/System.err(14504): 	at android.app.ContextImpl.createAppContext(ContextImpl.java:2679)
11-05 08:41:01.639 W/System.err(14504): 	at android.app.ContextImpl.createAppContext(ContextImpl.java:2671)
11-05 08:41:01.639 W/System.err(14504): 	at android.app.ActivityThread.handleBindApplication(ActivityThread.java:6750)
11-05 08:41:01.639 W/System.err(14504): 	at java.lang.reflect.Method.invoke(Native Method)
11-05 08:41:01.639 W/System.err(14504): 	at de.robv.android.xposed.MethodHooker.handleHookedMethod(MethodHooker.java:81)
11-05 08:41:01.639 W/System.err(14504): 	at EdHooker_42b8453bf7df105343083f1377c32094be493c49.hook(Unknown Source:48)
11-05 08:41:01.639 W/System.err(14504): 	at android.app.ActivityThread.access$1500(ActivityThread.java:242)
11-05 08:41:01.639 W/System.err(14504): 	at android.app.ActivityThread$H.handleMessage(ActivityThread.java:1964)
11-05 08:41:01.639 W/System.err(14504): 	at android.os.Handler.dispatchMessage(Handler.java:106)
11-05 08:41:01.639 W/System.err(14504): 	at android.os.Looper.loop(Looper.java:223)
11-05 08:41:01.639 W/System.err(14504): 	at android.app.ActivityThread.main(ActivityThread.java:7866)
11-05 08:41:01.639 W/System.err(14504): 	at java.lang.reflect.Method.invoke(Native Method)
11-05 08:41:01.639 W/System.err(14504): 	at com.android.internal.os.RuntimeInit$MethodAndArgsCaller.run(RuntimeInit.java:592)
11-05 08:41:01.639 W/System.err(14504): 	at com.android.internal.os.ZygoteInit.main(ZygoteInit.java:952)
11-05 08:41:01.639 W/System.err(14504): Caused by: android.system.ErrnoException: open failed: ENOENT (No such file or directory)
11-05 08:41:01.639 W/System.err(14504): 	at libcore.io.Linux.open(Native Method)
11-05 08:41:01.639 W/System.err(14504): 	at libcore.io.ForwardingOs.open(ForwardingOs.java:166)
11-05 08:41:01.639 W/System.err(14504): 	at libcore.io.BlockGuardOs.open(BlockGuardOs.java:254)
11-05 08:41:01.639 W/System.err(14504): 	at libcore.io.ForwardingOs.open(ForwardingOs.java:166)
11-05 08:41:01.639 W/System.err(14504): 	at android.app.ActivityThread$AndroidOs.open(ActivityThread.java:7752)
11-05 08:41:01.639 W/System.err(14504): 	at libcore.io.IoBridge.open(IoBridge.java:478)
11-05 08:41:01.639 W/System.err(14504): 	... 26 more
11-05 08:41:01.649 I/lowmemorykiller(  584): medium pressure event polling check
11-05 08:41:01.649 I/lowmemorykiller(  584): Ignoring medium pressure event; system is not in reclaim
11-05 08:41:01.661 I/lowmemorykiller(  584): medium pressure event polling check
11-05 08:41:01.662 I/lowmemorykiller(  584): Ignoring medium pressure event; system is not in reclaim
11-05 08:41:01.674 I/lowmemorykiller(  584): medium pressure event polling check
11-05 08:41:01.674 I/lowmemorykiller(  584): Ignoring medium pressure event; system is not in reclaim
11-05 08:41:01.684 I/lowmemorykiller(  584): medium pressure event polling check
11-05 08:41:01.684 I/lowmemorykiller(  584): Ignoring medium pressure event; system is not in reclaim
11-05 08:41:01.696 I/lowmemorykiller(  584): medium pressure event polling check
11-05 08:41:01.697 I/lowmemorykiller(  584): Ignoring medium pressure event; system is not in reclaim
11-05 08:41:01.702 I/System.out(14504): engineVerify
11-05 08:41:01.709 I/lowmemorykiller(  584): medium pressure event polling check
11-05 08:41:01.709 I/lowmemorykiller(  584): Ignoring medium pressure event; system is not in reclaim
11-05 08:41:01.721 I/lowmemorykiller(  584): medium pressure event polling check
11-05 08:41:01.722 I/lowmemorykiller(  584): Ignoring medium pressure event; system is not in reclaim
11-05 08:41:01.722 I/System.out(14504): engineVerify
11-05 08:41:01.732 I/lowmemorykiller(  584): medium pressure event polling check
11-05 08:41:01.732 I/lowmemorykiller(  584): Ignoring medium pressure event; system is not in reclaim
11-05 08:41:01.745 I/lowmemorykiller(  584): medium pressure event polling check
11-05 08:41:01.745 I/System.out(14504): engineVerify
11-05 08:41:01.745 I/lowmemorykiller(  584): Ignoring medium pressure event; system is not in reclaim
11-05 08:41:01.757 I/lowmemorykiller(  584): medium pressure event polling check
11-05 08:41:01.758 I/lowmemorykiller(  584): Ignoring medium pressure event; system is not in reclaim
11-05 08:41:01.766 I/System.out(14504): engineVerify
11-05 08:41:01.768 I/lowmemorykiller(  584): medium pressure event polling check
11-05 08:41:01.768 I/lowmemorykiller(  584): Ignoring medium pressure event; system is not in reclaim
11-05 08:41:01.780 I/lowmemorykiller(  584): medium pressure event polling check
11-05 08:41:01.780 I/lowmemorykiller(  584): Ignoring medium pressure event; system is not in reclaim
11-05 08:41:01.782 E/libc    ( 6272): Access denied finding property "ro.vendor.customize.isp"
11-05 08:41:01.782 E/libc    ( 6272): Access denied finding property "ro.vendor.customize.isp"
11-05 08:41:01.782 D/FlymePluginFactory( 4177): isRadioOn(1):true
11-05 08:41:01.782 D/TelephonyProvider( 6272): Using old permission behavior for telephony provider compat
11-05 08:41:01.787 I/System.out(14504): engineVerify
11-05 08:41:01.787 D/NetworkController.MobileSignalController(2)( 4177): getCurrentPhoneType phoneType=1,isCdma=false
11-05 08:41:01.787 D/FlymePluginFactory( 4177): ICCID for phone 1 is 89860118803638866027
11-05 08:41:01.787 D/FlymePluginFactory( 4177): [isCTCard]: isCTCard iccId = 89860118803638866027
11-05 08:41:01.787 D/NetworkController.MobileSignalController(2)( 4177): getCurrentPhoneType phoneType=1,isCdma=false
11-05 08:41:01.787 D/FlymePluginFactory( 4177): ICCID for phone 1 is 89860118803638866027
11-05 08:41:01.787 D/FlymePluginFactory( 4177): [isCTCard]: isCTCard iccId = 89860118803638866027
11-05 08:41:01.788 D/StatusBarSignalPolicy( 4177): updateVolteMergeId: slotId=0,radioOn=true,volteId=2131232987
11-05 08:41:01.788 D/StatusBarSignalPolicy( 4177): updateVolteMergeId: slotId=1,radioOn=true,volteId=2131232987
11-05 08:41:01.788 D/StatusBarSignalPolicy( 4177): setMobileDataIndicators: state=MobileIconState(subId=2, slotId=1, visible=true, strengthId=2131233902, typeId=2131233826, roaming=false, volteId=2131232987, volteMergeId=2131233134, activityInoutId=2131233841, voiceVisible=false, voiceTypeId=0, voiceStrengthId=2131233902, networkTypeIdWhenShowVoiceType=0, needResetView=false, isRadioOn=true, canShowHD=true)
11-05 08:41:01.793 I/lowmemorykiller(  584): medium pressure event polling check
11-05 08:41:01.793 I/lowmemorykiller(  584): Ignoring medium pressure event; system is not in reclaim
11-05 08:41:01.796 D/PanelView( 4177): setQsExpansion height = 1413.0 mQsMinExpansionHeight = 1413 mQsMaxExpansionHeight = 3200 mQsMinCollapsedExpansionHeight = 625
11-05 08:41:01.796 D/QS      ( 4177): setQSExpansion 0.0 -1838.5624
11-05 08:41:01.797 D/QS      ( 4177): setQSExpansion 0.0 -1838.5624
11-05 08:41:01.805 I/lowmemorykiller(  584): medium pressure event polling check
11-05 08:41:01.805 I/lowmemorykiller(  584): Ignoring medium pressure event; system is not in reclaim
11-05 08:41:01.808 I/System.out(14504): engineVerify
11-05 08:41:01.818 I/lowmemorykiller(  584): medium pressure event polling check
11-05 08:41:01.819 I/lowmemorykiller(  584): Ignoring medium pressure event; system is not in reclaim
11-05 08:41:01.829 I/lowmemorykiller(  584): medium pressure event polling check
11-05 08:41:01.829 I/lowmemorykiller(  584): Ignoring medium pressure event; system is not in reclaim
11-05 08:41:01.829 I/System.out(14504): engineVerify
11-05 08:41:01.841 I/lowmemorykiller(  584): medium pressure event polling check
11-05 08:41:01.841 I/lowmemorykiller(  584): Ignoring medium pressure event; system is not in reclaim
11-05 08:41:01.854 I/lowmemorykiller(  584): medium pressure event polling check
11-05 08:41:01.854 I/lowmemorykiller(  584): Ignoring medium pressure event; system is not in reclaim
11-05 08:41:01.862 I/System.out(14504): engineVerify
11-05 08:41:01.864 I/lowmemorykiller(  584): medium pressure event polling check
11-05 08:41:01.864 I/lowmemorykiller(  584): Ignoring medium pressure event; system is not in reclaim
11-05 08:41:01.876 I/lowmemorykiller(  584): medium pressure event polling check
11-05 08:41:01.877 I/lowmemorykiller(  584): Ignoring medium pressure event; system is not in reclaim
11-05 08:41:01.889 I/lowmemorykiller(  584): medium pressure event polling check
11-05 08:41:01.889 I/lowmemorykiller(  584): Ignoring medium pressure event; system is not in reclaim
11-05 08:41:01.901 I/lowmemorykiller(  584): medium pressure event polling check
11-05 08:41:01.901 I/lowmemorykiller(  584): Ignoring medium pressure event; system is not in reclaim
11-05 08:41:01.914 I/lowmemorykiller(  584): medium pressure event polling check
11-05 08:41:01.914 I/lowmemorykiller(  584): Ignoring medium pressure event; system is not in reclaim
11-05 08:41:01.924 I/lowmemorykiller(  584): medium pressure event polling check
11-05 08:41:01.924 I/lowmemorykiller(  584): Ignoring medium pressure event; system is not in reclaim
