11-05 08:40:53.993 E/SQLiteDatabase( 4177): 	at com.meizu.statsapp.v3.lib.plugin.emitter.local.LocalEmitterWorker$5.run(LocalEmitterWorker.java:190)
11-05 08:40:53.993 E/SQLiteDatabase( 4177): 	at java.util.concurrent.Executors$RunnableAdapter.call(Executors.java:462)
11-05 08:40:53.993 E/SQLiteDatabase( 4177): 	at java.util.concurrent.FutureTask.run(FutureTask.java:266)
11-05 08:40:53.993 E/SQLiteDatabase( 4177): 	at java.util.concurrent.ScheduledThreadPoolExecutor$ScheduledFutureTask.run(ScheduledThreadPoolExecutor.java:301)
11-05 08:40:53.993 E/SQLiteDatabase( 4177): 	at java.util.concurrent.ThreadPoolExecutor.runWorker(ThreadPoolExecutor.java:1167)
11-05 08:40:53.993 E/SQLiteDatabase( 4177): 	at java.util.concurrent.ThreadPoolExecutor$Worker.run(ThreadPoolExecutor.java:641)
11-05 08:40:53.993 E/SQLiteDatabase( 4177): 	at java.lang.Thread.run(Thread.java:923)
11-05 08:40:54.152 D/SmartTouch( 4177): handler StablePrepare
11-05 08:40:54.197 E/libc    ( 6272): Access denied finding property "ro.vendor.customize.isp"
11-05 08:40:54.199 D/FlymePluginFactory( 4177): isRadioOn(0):true
11-05 08:40:54.199 D/TelephonyProvider( 6272): Using old permission behavior for telephony provider compat
11-05 08:40:54.200 E/libc    ( 6272): Access denied finding property "ro.vendor.customize.isp"
11-05 08:40:54.227 D/NetworkController.MobileSignalController(1)( 4177): getCurrentPhoneType phoneType=1,isCdma=false
11-05 08:40:54.227 D/FlymePluginFactory( 4177): ICCID for phone 0 is 898600B10116F0101916
11-05 08:40:54.227 D/FlymePluginFactory( 4177): [isCTCard]: isCTCard iccId = 898600B10116F0101916
11-05 08:40:54.228 D/NetworkController.MobileSignalController(1)( 4177): getCurrentPhoneType phoneType=1,isCdma=false
11-05 08:40:54.228 D/FlymePluginFactory( 4177): ICCID for phone 0 is 898600B10116F0101916
11-05 08:40:54.228 D/FlymePluginFactory( 4177): [isCTCard]: isCTCard iccId = 898600B10116F0101916
11-05 08:40:54.233 D/StatusBarSignalPolicy( 4177): updateVolteMergeId: slotId=0,radioOn=true,volteId=2131232987
11-05 08:40:54.233 D/StatusBarSignalPolicy( 4177): updateVolteMergeId: slotId=1,radioOn=true,volteId=2131232987
11-05 08:40:54.233 D/StatusBarSignalPolicy( 4177): setMobileDataIndicators: state=MobileIconState(subId=1, slotId=0, visible=true, strengthId=2131233902, typeId=2131233822, roaming=false, volteId=2131232987, volteMergeId=2131233134, activityInoutId=0, voiceVisible=false, voiceTypeId=0, voiceStrengthId=2131233902, networkTypeIdWhenShowVoiceType=0, needResetView=false, isRadioOn=true, canShowHD=true)
11-05 08:40:54.658 E/statsd  (  802): Predicate 331253826 dropping data for dimension key (10)0x2010101->11089[I] (10)0x30000->*alarm*[S] 
11-05 08:40:54.658 E/statsd  (  802): Predicate 331253826 dropping data for dimension key (10)0x2010101->11089[I] (10)0x30000->*alarm*[S] 
11-05 08:40:54.701 D/SmartTouch( 4177): handler AlphaOff
11-05 08:40:54.703 D/SmartTouch( 4177): handler StableClick
11-05 08:40:54.717 E/libc    ( 6272): Access denied finding property "ro.vendor.customize.isp"
11-05 08:40:54.757 E/ANDR-PERF-LM( 1044): sPLH: runAsync() 129: Error missing config for PLH
11-05 08:40:54.760 D/SmartTouch( 4177): handler StableDrag
11-05 08:40:54.769 I/chatty  ( 4177): uid=10061(com.flyme.systemuiex) com.android.systemui identical 1 line
11-05 08:40:54.777 D/SmartTouch( 4177): handler StableDrag
11-05 08:40:54.784 I/KAT:CycleTimer( 7242): CycleTimer run
11-05 08:40:54.786 D/SmartTouch( 4177): handler StableDrag
11-05 08:40:54.794 D/SmartTouch( 4177): handler StableDrag
11-05 08:40:54.795 D/SmartTouch( 4177): up
11-05 08:40:54.796 D/OverScroller-X( 1315): fling, start=0, velocity=13113, min=-2147483648, max=2147483647, over=0
11-05 08:40:54.796 D/OverScroller-X( 1315): updateFriction, velocity=13113, scalar=2.0
11-05 08:40:54.796 D/OverScroller-Y( 1315): fling, start=0, velocity=2619, min=-2147483648, max=2147483647, over=0
11-05 08:40:54.796 D/OverScroller-Y( 1315): updateFriction, velocity=2619, scalar=2.0
11-05 08:40:54.799 D/SmartTouch( 4177): gesture right
11-05 08:40:54.799 D/SystemUIMobEventUtils( 4177): onEvent smarttouch_gesture, properties = {gesture_type=6}
11-05 08:40:54.800 E/ANDR-PERF-LM( 1044): sPLH: runAsync() 129: Error missing config for PLH
11-05 08:40:54.800 D/SmartTouch( 4177): handler Vibrator
11-05 08:40:54.801 E/VibratorService( 1315): vibratorOff command failed (1).
11-05 08:40:54.802 E/ANDR-PERF-LM( 1044): sPLH: runAsync() 129: Error missing config for PLH
11-05 08:40:54.812 W/VibratorService( 1315): Failed to perform effect (30900)
11-05 08:40:54.823 E/statsd  (  802): Predicate 331253826 dropping data for dimension key (10)0x2010101->10518[I] (10)0x30000->*launch*[S] 
11-05 08:40:54.824 D/CompatibilityInfo( 1315): mCompatibilityFlags - 0
11-05 08:40:54.824 D/CompatibilityInfo( 1315): applicationDensity - 586
11-05 08:40:54.824 D/CompatibilityInfo( 1315): applicationScale - 1.0
11-05 08:40:54.827 D/TouchInteractionService(15166): TouchInteraction mInterceptFirst = false
11-05 08:40:54.829 D/RecentsOrientedState(15166): current RecentsOrientedState: [this=RecentsOrientedState@aa3de2e mOrientationHandler=PortraitPagedViewHandlerMz@2e055cb mDisplayRotation=0 mTouchRotation=0 mRecentsActivityRotation=0 isRecentsActivityRotationAllowed=false mSystemRotation=false mFlags=35]
11-05 08:40:54.830 I/chatty  (15166): uid=10149(com.meizu.flyme.launcher) identical 4 lines
11-05 08:40:54.830 D/RecentsOrientedState(15166): current RecentsOrientedState: [this=RecentsOrientedState@aa3de2e mOrientationHandler=PortraitPagedViewHandlerMz@2e055cb mDisplayRotation=0 mTouchRotation=0 mRecentsActivityRotation=0 isRecentsActivityRotationAllowed=false mSystemRotation=false mFlags=35]
11-05 08:40:54.831 I/BaseSwipeUpHandler(15166): onRecentsAnimationStart mode = 0,taskId = 2620
11-05 08:40:54.831 I/BaseSwipeUpHandler(15166): onRecentsAnimationStart mode = 1,taskId = 2706
11-05 08:40:54.831 D/RecentsOrientedState(15166): current RecentsOrientedState: [this=RecentsOrientedState@76dd89a mOrientationHandler=PortraitPagedViewHandlerMz@2e055cb mDisplayRotation=0 mTouchRotation=0 mRecentsActivityRotation=0 isRecentsActivityRotationAllowed=false mSystemRotation=false mFlags=99]
11-05 08:40:54.831 D/RecentsOrientedState(15166): current RecentsOrientedState: [this=RecentsOrientedState@76dd89a mOrientationHandler=PortraitPagedViewHandlerMz@2e055cb mDisplayRotation=0 mTouchRotation=0 mRecentsActivityRotation=0 isRecentsActivityRotationAllowed=false mSystemRotation=false mFlags=99]
11-05 08:40:54.831 W/InputDispatcher( 1315): Failed to pilfer pointers: no pointers on display 0.
11-05 08:40:54.832 I/AppWidgetHostView(15166): showDeleteIcon show=false
11-05 08:40:54.834 E/SQLiteLog( 4177): (1032) statement aborts at 11: [INSERT INTO events(encrypt,eventData,eventSource,eventSessionId) VALUES (?,?,?,?)] attempt to write a readonly database
11-05 08:40:54.835 D/OverScroller-X(15166): finish, android.widget.OverScroller.abortAnimation:543 androidx.recyclerview.widget.RecyclerView$ViewFlinger.stop:5602 androidx.recyclerview.widget.RecyclerView.stopScrollersInternal:2580 androidx.recyclerview.widget.RecyclerView.stopScroll:2573 androidx.recyclerview.widget.RecyclerView.scrollToPosition:1758 
11-05 08:40:54.835 D/OverScroller-Y(15166): finish, android.widget.OverScroller.abortAnimation:544 androidx.recyclerview.widget.RecyclerView$ViewFlinger.stop:5602 androidx.recyclerview.widget.RecyclerView.stopScrollersInternal:2580 androidx.recyclerview.widget.RecyclerView.stopScroll:2573 androidx.recyclerview.widget.RecyclerView.scrollToPosition:1758 
11-05 08:40:54.835 D/OverScroller-X(15166): finish, android.widget.OverScroller.abortAnimation:543 androidx.recyclerview.widget.RecyclerView$ViewFlinger.stop:5602 androidx.recyclerview.widget.RecyclerView.stopScrollersInternal:2580 androidx.recyclerview.widget.RecyclerView.stopScroll:2573 androidx.recyclerview.widget.RecyclerView.scrollToPosition:1758 
11-05 08:40:54.835 D/OverScroller-Y(15166): finish, android.widget.OverScroller.abortAnimation:544 androidx.recyclerview.widget.RecyclerView$ViewFlinger.stop:5602 androidx.recyclerview.widget.RecyclerView.stopScrollersInternal:2580 androidx.recyclerview.widget.RecyclerView.stopScroll:2573 androidx.recyclerview.widget.RecyclerView.scrollToPosition:1758 
11-05 08:40:54.836 D/OverViewUtil(15166): action = com.android.systemui.recents.action.SHOW_GESTURE_VIEW flag = false caller-->com.android.quickstep.BaseSwipeUpHandlerV2.onGestureStarted:724 
11-05 08:40:54.838 I/om.meizu.picke(24167): oneway function results will be dropped but finished with status OK and parcel size 4
11-05 08:40:54.838 I/meizu.assistan(12114): oneway function results will be dropped but finished with status OK and parcel size 4
11-05 08:40:54.838 D/TriggerManager(18939): pause activity: com.tencent.mobileqq/com.tencent.mobileqq.activity.SplashActivity, pid=30051
11-05 08:40:54.838 I/eizu.suggestio(18939): oneway function results will be dropped but finished with status OK and parcel size 4
11-05 08:40:54.839 I/UECPageStayReportManager(30051): UECReportTimeLongTask time = 3
11-05 08:40:54.839 I/UECPageStayReportManager(30051): UECReportTimeLongTask time = 3
11-05 08:40:54.834 E/SQLiteDatabase( 4177): Error inserting encrypt=2 eventData=D5017B5B4E6E8FCFA1A9D470A2B38F79A2BCB9D42657942382C78110FB8C9B73FA3D3BD213B348289583915D5D3BF60C4BDCEB635C9972263B3881F35F0875DB11315A1DFFBEAF89138666A02580397A5A6766C2C0275139368B6EEEF335B9C10A59A6E4E2F3D9D83784D227F097FCAEE7F914F23825EDE336E1658EE4BE830487403E2927647E4DA2F3EBC092784F9CB4139AB4D9686AFAC5FAF83A8DF648EE3A68AF836B2E45C2AAD6B16FD158B83A98C79D58E8E24FEC006080B9F793FEBE8D3B79213BF1B41561A4680AE788F9AA9A95DC843A1CBB18AC114BCCCFCC48AD859313809FBCAA116F63EBAF8028B9CB5B8671B8F57E19489DF58B347703BF10DCF89BD61F488D6111430B0445CBF93CA78C40761A9491FD27BAB5B5E4CFD0C188F6641AB6CFA2BE2CDA695ACCDC07049175DEBA3D8F40341072BF95929C59AC276D4F7FE45ECA40248985C328EDDD7A43F8DE244E7008D1241E137AA0A9CA4D476D129F72A1B93E3E18566DA0D8A4D1DBFAEF3CC8D9FAB88794E95F32DA9602AA729AB70B7D2FB73CB39D70A794AB1EFADA201B600E659B9E79943CCA8CF63EFC691DF4A19187EF3F9ED419E68D0015E2D9FB7680A6BBA9CAA58E7F4215CF817E3D472F06CCDA5F5C0BBC8E8C2D258F89F3DFEB13B6BC267FD3881AA037B9E05550AB01045C61BBFF1C1C07042D19095766C181A0C5B59C6A40CB61539FCA62F73C6D5E2E563D4D1F5E8DD80BD520B7465E2844C32C3258A58C168766B7B6E2752BE117672BA4BF8C80FBEFB22437A37A07877673DE3C43F9D05DCABD08565C8655E2D263F637CEC56F7EBC1C34A9EF5237A99952D5EC0A079A2D0D3F01139E5D712208C32ABCC56F8A1AAF8FBDC8135A5E0C1FEBB1C7181B6973A46F14B71BC786E701E8E02CFC96D6751C3FC5EACE7ACC5E78951E72EE7E434FCD158546E0D2DFE98BE46DF6B57B653CFA2607F5D61BB7E536A7AE545209857A67F38A44784E6F0431D7BAF415C1CF8C78C7C9F986F7336F62CBC3F1C6661CEDE80EAC8F66A31BE926C47A1739F732E79C018BFDADB5542F9370AFD2354414DDFB30BAED84E78C131758F545DDF33D82F9D1CD201A5AB0A95D8A41710359ED74BAA83609912A956017D8FDC11DAA8C7BD1151220954CAC3B7453072AF56E9EE8D90D2D6E46E1134E7CAD9C81F35DA26A1881147991BF867E6F8ECD841DDFE0CD5F072B79F1F134FC100290AA46BB20AC3E3FF7AB36B3B4432AF9A419D117D9850EB0F056FE318F7A04A9A920BD80D4944A598CC761540676F16967885B1ED5D09757564BD9AB78BC0B6F0060F2E4A1F218988B7E3C21E47BF6D2B52F4334140E9B2DF49FEDE2B0ADDB16931D3F27AD124D9F1A6E18 eventSource=null eventSessionId=b630450c-a5bd-4c38-9f5b-8d6f3b7184e3
11-05 08:40:54.834 E/SQLiteDatabase( 4177): android.database.sqlite.SQLiteReadOnlyDatabaseException: attempt to write a readonly database (code 1032 SQLITE_READONLY_DBMOVED)
11-05 08:40:54.834 E/SQLiteDatabase( 4177): 	at android.database.sqlite.SQLiteConnection.nativeExecuteForLastInsertedRowId(Native Method)
11-05 08:40:54.834 E/SQLiteDatabase( 4177): 	at android.database.sqlite.SQLiteConnection.executeForLastInsertedRowId(SQLiteConnection.java:938)
11-05 08:40:54.834 E/SQLiteDatabase( 4177): 	at android.database.sqlite.SQLiteSession.executeForLastInsertedRowId(SQLiteSession.java:790)
11-05 08:40:54.834 E/SQLiteDatabase( 4177): 	at android.database.sqlite.SQLiteStatement.executeInsert(SQLiteStatement.java:88)
11-05 08:40:54.834 E/SQLiteDatabase( 4177): 	at android.database.sqlite.SQLiteDatabase.insertWithOnConflict(SQLiteDatabase.java:1701)
11-05 08:40:54.834 E/SQLiteDatabase( 4177): 	at android.database.sqlite.SQLiteDatabase.insert(SQLiteDatabase.java:1570)
11-05 08:40:54.834 E/SQLiteDatabase( 4177): 	at com.meizu.statsapp.v3.lib.plugin.emitter.local.storage.LocalEventStore.insertEvent(LocalEventStore.java:106)
11-05 08:40:54.834 E/SQLiteDatabase( 4177): 	at com.meizu.statsapp.v3.lib.plugin.emitter.local.LocalEmitterWorker$5.run(LocalEmitterWorker.java:190)
11-05 08:40:54.834 E/SQLiteDatabase( 4177): 	at java.util.concurrent.Executors$RunnableAdapter.call(Executors.java:462)
11-05 08:40:54.834 E/SQLiteDatabase( 4177): 	at java.util.concurrent.FutureTask.run(FutureTask.java:266)
11-05 08:40:54.834 E/SQLiteDatabase( 4177): 	at java.util.concurrent.ScheduledThreadPoolExecutor$ScheduledFutureTask.run(ScheduledThreadPoolExecutor.java:301)
11-05 08:40:54.834 E/SQLiteDatabase( 4177): 	at java.util.concurrent.ThreadPoolExecutor.runWorker(ThreadPoolExecutor.java:1167)
11-05 08:40:54.834 E/SQLiteDatabase( 4177): 	at java.util.concurrent.ThreadPoolExecutor$Worker.run(ThreadPoolExecutor.java:641)
11-05 08:40:54.834 E/SQLiteDatabase( 4177): 	at java.lang.Thread.run(Thread.java:923)
11-05 08:40:54.841 I/izu.dataservic( 9516): oneway function results will be dropped but finished with status OK and parcel size 4
11-05 08:40:54.844 E/onSaveRecentUser(30051): parse json err
11-05 08:40:54.844 E/onSaveRecentUser(30051): org.json.JSONException: End of input at character 0 of 
11-05 08:40:54.844 E/onSaveRecentUser(30051): 	at org.json.JSONTokener.syntaxError(JSONTokener.java:460)
11-05 08:40:54.844 E/onSaveRecentUser(30051): 	at org.json.JSONTokener.nextValue(JSONTokener.java:101)
11-05 08:40:54.844 E/onSaveRecentUser(30051): 	at org.json.JSONObject.<init>(JSONObject.java:165)
11-05 08:40:54.844 E/onSaveRecentUser(30051): 	at org.json.JSONObject.<init>(JSONObject.java:182)
11-05 08:40:54.844 E/onSaveRecentUser(30051): 	at com.tencent.mobileqq.activity.recent.config.cache.TempGameMsgProcessor.a(P:64)
11-05 08:40:54.844 E/onSaveRecentUser(30051): 	at com.tencent.mobileqq.activity.recent.config.cache.RecentUserCacheConfig.c(P:106)
11-05 08:40:54.844 E/onSaveRecentUser(30051): 	at com.tencent.mobileqq.app.asyncdb.cache.BaseRecentUserCache.b(P:547)
11-05 08:40:54.844 E/onSaveRecentUser(30051): 	at com.tencent.mobileqq.activity.recent.RecentParcelUtil.a(P:84)
11-05 08:40:54.844 E/onSaveRecentUser(30051): 	at com.tencent.mobileqq.activity.home.Conversation$3.run(P:1963)
11-05 08:40:54.844 E/onSaveRecentUser(30051): 	at mqq.os.MqqHandler.handleCallback(P:313)
11-05 08:40:54.844 E/onSaveRecentUser(30051): 	at mqq.os.MqqHandler.dispatchMessage(P:92)
11-05 08:40:54.844 E/onSaveRecentUser(30051): 	at mqq.os.MqqHandler$NativeHandler.dispatchMessage(P:326)
11-05 08:40:54.844 E/onSaveRecentUser(30051): 	at android.os.Looper.loop(Looper.java:223)
11-05 08:40:54.844 E/onSaveRecentUser(30051): 	at android.os.HandlerThread.run(HandlerThread.java:67)
11-05 08:40:54.847 I/chatty  (30051): uid=10474(com.tencent.mobileqq) QQ_SUB identical 3 lines
11-05 08:40:54.847 E/onSaveRecentUser(30051): parse json err
11-05 08:40:54.847 E/onSaveRecentUser(30051): org.json.JSONException: End of input at character 0 of 
11-05 08:40:54.847 E/onSaveRecentUser(30051): 	at org.json.JSONTokener.syntaxError(JSONTokener.java:460)
11-05 08:40:54.847 E/onSaveRecentUser(30051): 	at org.json.JSONTokener.nextValue(JSONTokener.java:101)
11-05 08:40:54.847 E/onSaveRecentUser(30051): 	at org.json.JSONObject.<init>(JSONObject.java:165)
11-05 08:40:54.847 E/onSaveRecentUser(30051): 	at org.json.JSONObject.<init>(JSONObject.java:182)
11-05 08:40:54.847 E/onSaveRecentUser(30051): 	at com.tencent.mobileqq.activity.recent.config.cache.TempGameMsgProcessor.a(P:64)
11-05 08:40:54.847 E/onSaveRecentUser(30051): 	at com.tencent.mobileqq.activity.recent.config.cache.RecentUserCacheConfig.c(P:106)
11-05 08:40:54.847 E/onSaveRecentUser(30051): 	at com.tencent.mobileqq.app.asyncdb.cache.BaseRecentUserCache.b(P:547)
11-05 08:40:54.847 E/onSaveRecentUser(30051): 	at com.tencent.mobileqq.activity.recent.RecentParcelUtil.a(P:84)
11-05 08:40:54.847 E/onSaveRecentUser(30051): 	at com.tencent.mobileqq.activity.home.Conversation$3.run(P:1963)
11-05 08:40:54.847 E/onSaveRecentUser(30051): 	at mqq.os.MqqHandler.handleCallback(P:313)
11-05 08:40:54.847 E/onSaveRecentUser(30051): 	at mqq.os.MqqHandler.dispatchMessage(P:92)
11-05 08:40:54.847 E/onSaveRecentUser(30051): 	at mqq.os.MqqHandler$NativeHandler.dispatchMessage(P:326)
11-05 08:40:54.847 E/onSaveRecentUser(30051): 	at android.os.Looper.loop(Looper.java:223)
11-05 08:40:54.847 E/onSaveRecentUser(30051): 	at android.os.HandlerThread.run(HandlerThread.java:67)
11-05 08:40:54.848 E/onSaveRecentUser(30051): parse json err
11-05 08:40:54.848 E/onSaveRecentUser(30051): org.json.JSONException: End of input at character 0 of 
11-05 08:40:54.848 E/onSaveRecentUser(30051): 	at org.json.JSONTokener.syntaxError(JSONTokener.java:460)
11-05 08:40:54.848 E/onSaveRecentUser(30051): 	at org.json.JSONTokener.nextValue(JSONTokener.java:101)
11-05 08:40:54.848 E/onSaveRecentUser(30051): 	at org.json.JSONObject.<init>(JSONObject.java:165)
11-05 08:40:54.848 E/onSaveRecentUser(30051): 	at org.json.JSONObject.<init>(JSONObject.java:182)
11-05 08:40:54.848 E/onSaveRecentUser(30051): 	at com.tencent.mobileqq.activity.recent.config.cache.TempGameMsgProcessor.a(P:64)
11-05 08:40:54.848 E/onSaveRecentUser(30051): 	at com.tencent.mobileqq.activity.recent.config.cache.RecentUserCacheConfig.c(P:106)
11-05 08:40:54.848 E/onSaveRecentUser(30051): 	at com.tencent.mobileqq.app.asyncdb.cache.BaseRecentUserCache.b(P:547)
11-05 08:40:54.848 E/onSaveRecentUser(30051): 	at com.tencent.mobileqq.app.asyncdb.cache.BaseRecentUserCache.b(P:521)
11-05 08:40:54.848 E/onSaveRecentUser(30051): 	at com.tencent.mobileqq.app.asyncdb.cache.BaseRecentUserCache$1.run(P:267)
11-05 08:40:54.848 E/onSaveRecentUser(30051): 	at android.os.Handler.handleCallback(Handler.java:938)
11-05 08:40:54.848 E/onSaveRecentUser(30051): 	at android.os.Handler.dispatchMessage(Handler.java:99)
11-05 08:40:54.848 E/onSaveRecentUser(30051): 	at android.os.Looper.loop(Looper.java:223)
11-05 08:40:54.848 E/onSaveRecentUser(30051): 	at android.os.HandlerThread.run(HandlerThread.java:67)
11-05 08:40:54.851 I/chatty  (30051): uid=10474(com.tencent.mobileqq) Recent_Handler identical 3 lines
11-05 08:40:54.852 E/onSaveRecentUser(30051): parse json err
11-05 08:40:54.852 E/onSaveRecentUser(30051): org.json.JSONException: End of input at character 0 of 
11-05 08:40:54.852 E/onSaveRecentUser(30051): 	at org.json.JSONTokener.syntaxError(JSONTokener.java:460)
11-05 08:40:54.852 E/onSaveRecentUser(30051): 	at org.json.JSONTokener.nextValue(JSONTokener.java:101)
11-05 08:40:54.852 E/onSaveRecentUser(30051): 	at org.json.JSONObject.<init>(JSONObject.java:165)
11-05 08:40:54.852 E/onSaveRecentUser(30051): 	at org.json.JSONObject.<init>(JSONObject.java:182)
11-05 08:40:54.852 E/onSaveRecentUser(30051): 	at com.tencent.mobileqq.activity.recent.config.cache.TempGameMsgProcessor.a(P:64)
11-05 08:40:54.852 E/onSaveRecentUser(30051): 	at com.tencent.mobileqq.activity.recent.config.cache.RecentUserCacheConfig.c(P:106)
11-05 08:40:54.852 E/onSaveRecentUser(30051): 	at com.tencent.mobileqq.app.asyncdb.cache.BaseRecentUserCache.b(P:547)
11-05 08:40:54.852 E/onSaveRecentUser(30051): 	at com.tencent.mobileqq.app.asyncdb.cache.BaseRecentUserCache.b(P:521)
11-05 08:40:54.852 E/onSaveRecentUser(30051): 	at com.tencent.mobileqq.app.asyncdb.cache.BaseRecentUserCache$1.run(P:267)
11-05 08:40:54.852 E/onSaveRecentUser(30051): 	at android.os.Handler.handleCallback(Handler.java:938)
11-05 08:40:54.852 E/onSaveRecentUser(30051): 	at android.os.Handler.dispatchMessage(Handler.java:99)
11-05 08:40:54.852 E/onSaveRecentUser(30051): 	at android.os.Looper.loop(Looper.java:223)
11-05 08:40:54.852 E/onSaveRecentUser(30051): 	at android.os.HandlerThread.run(HandlerThread.java:67)
11-05 08:40:54.855 V/ShadeControllerImpl( 4177): NotificationShadeWindow: com.android.systemui.statusbar.phone.NotificationShadeWindowView{c32bebc I.E...... ......ID 0,0-1440,3200} canPanelBeCollapsed(): false
11-05 08:40:54.864 W/event   ( 7242): type=1400 audit(0.0:134817): avc: denied { search } for name="tmp" dev="dm-10" ino=84 scontext=u:r:system_app:s0 tcontext=u:object_r:shell_data_file:s0 tclass=dir permissive=0
11-05 08:40:54.855 D/FlymeHeadsupManager( 4177): setHeadsUpViewVisibilityWithAnimation: setVisible = false
11-05 08:40:54.855 D/PopNotificationView( 4177): releasePopWithAnimation() called with: show = false, listener = com.flyme.systemui.headsup.FlymeHeadsupManager$5@9225fdb, isReleased = true, in running = false, outRunning = false, getAlpha = 0.0
11-05 08:40:54.857 D/FuzzyLocationMonitor(12787): onForegroundActivitiesChanged pid=4446,uid=10518,foregroundActivities=true
11-05 08:40:54.857 V/NetworkPolicy( 1315): updateRuleForRestrictBackgroundUL(10518): isForeground=true, isBlacklisted=false, isWhitelisted=false, isRestrictedByAdmin=false, oldRule=0 (NONE), newRule=0 (NONE), newUidRules=0 (NONE), oldUidRules=0 (NONE)
11-05 08:40:54.858 I/Process ( 1315): Sending signal. PID: 4446 SIG: 18
11-05 08:40:54.858 D/TriggerManager(18939): resume activity: com.tencent.wework/com.tencent.wework.launch.WwMainActivity, pid=4446
11-05 08:40:54.858 I/eizu.suggestio(18939): oneway function results will be dropped but finished with status OK and parcel size 4
11-05 08:40:54.859 I/om.meizu.picke(24167): oneway function results will be dropped but finished with status OK and parcel size 4
11-05 08:40:54.861 I/meizu.assistan(12114): oneway function results will be dropped but finished with status OK and parcel size 4
11-05 08:40:54.861 I/Process ( 1315): Sending signal. PID: 10592 SIG: 18
11-05 08:40:54.862 I/Process ( 1315): Sending signal. PID: 10682 SIG: 18
11-05 08:40:54.863 I/Choreographer(15166): Skipped 3 frames!  The application may be doing too much work on its main thread.
11-05 08:40:54.864 I/izu.dataservic( 9516): oneway function results will be dropped but finished with status OK and parcel size 4
11-05 08:40:54.864 I/Process ( 1315): Sending signal. PID: 10656 SIG: 18
11-05 08:40:54.867 D/AppStateManager( 7242): setFlags mName=com.tencent.mobileqq,appType=102528,flag=26
11-05 08:40:54.867 D/FiveGPolicy( 7242): informAppStatusListeners: packageName =  foreground = false false true
11-05 08:40:54.869 I/GM.MzGameModeController( 9397): Recent gesture trigger
11-05 08:40:54.869 I/GM.GMGuideLayout( 9397): GMGuide hide --> userDelay：false，useAnim：false
11-05 08:40:54.869 I/GM.GMPanelBarrageLayout( 9397): Barrage is disable --> false，false，false，false
11-05 08:40:54.869 I/TriggerManager(18939): notifyEvent:EVENT_ACTIVITY, obj=ActivityEvent{activity=com.tencent.wework.launch.WwMainActivity, urlType=NONE, url=}
11-05 08:40:54.869 I/GM.GMPanelNotificationTipLayout( 9397): Update GMPanelNotificationTipLayout
11-05 08:40:54.870 V/LocationManagerService( 1315): location appop changed for com.tencent.wework
11-05 08:40:54.871 I/AppOpsManager( 1315): checkPackage packageName equals OpPackageName, packageName = android, calling uid = 1000, my uid = 1000
11-05 08:40:54.871 D/pickerApp - ContentHandleService(24167): action calling SHOW_GESTURE_VIEW
11-05 08:40:54.872 I/AppOpsManager( 1315): checkPackage packageName equals OpPackageName, packageName = android, calling uid = 1000, my uid = 1000
11-05 08:40:54.873 D/BroadcastUpdateMonitor( 4177): action com.android.systemui.recents.action.SHOW_GESTURE_VIEW
11-05 08:40:54.874 D/MN_AppStats( 6272): onUidStateChanged fake,com.tencent.wework,procState LA
11-05 08:40:54.875 D/MN_AppStats( 6272): onUidStateChanged com.tencent.wework,procState FG
11-05 08:40:54.872 W/event   ( 7242): type=1400 audit(0.0:134818): avc: denied { search } for name="tmp" dev="dm-10" ino=84 scontext=u:r:system_app:s0 tcontext=u:object_r:shell_data_file:s0 tclass=dir permissive=0
11-05 08:40:54.875 D/NetworkPolicy( 1315): updateRuleForAppIdleUL 10518 to DEFAULT
11-05 08:40:54.875 W/System  (15166): A resource failed to call release. 
11-05 08:40:54.876 I/WindowModeSlidGesture( 9397): onRecentVisibilityChanged type = 0
11-05 08:40:54.879 D/AppProcess( 7242): permission:com.tencent.wework uid:10518 true
11-05 08:40:54.879 D/FiveGPolicy( 7242): informAppStatusListeners: packageName =  foreground = false false true
11-05 08:40:54.876 W/Binder:12787_1(12787): type=1400 audit(0.0:134819): avc: denied { search } for name="tmp" dev="dm-10" ino=84 scontext=u:r:system_app:s0 tcontext=u:object_r:shell_data_file:s0 tclass=dir permissive=0
11-05 08:40:54.879 V/NetworkPolicy( 1315): updateRulesForPowerRestrictionsUL(10518), isIdle: false, mRestrictPower: false, mDeviceIdleMode: false, isForeground=true, isWhitelisted=false, oldRule=0 (NONE), newRule=0 (NONE), newUidRules=0 (NONE), oldUidRules=0 (NONE)
11-05 08:40:54.879 I/EventDispatcher( 7242): handle type 0 event 4 cost 11 ms
11-05 08:40:54.879 D/AppStateManager( 7242): changeAppState: appState = 2 currentState = 1 name = com.tencent.wework uid = 10518
11-05 08:40:54.879 D/AppStateManager( 7242): setFlags mName=android,appType=327684,flag=18
11-05 08:40:54.879 D/AppStateManager( 7242): changeAppState: appState = 2 currentState = 1 name = android uid = 1000
11-05 08:40:54.879 D/AppStack( 7242): appOutPause: size = 13index = 4 appInfo = AppInfo{ID=307, state=1, flag=17, type=[], uid=10518, pkgName='com.tencent.wework', cloneId=0, activeTime=153}
11-05 08:40:54.879 D/GestureUtils( 4177): onReceiveGestureBroadcast com.android.systemui.recents.action.SHOW_GESTURE_VIEW
11-05 08:40:54.879 D/AppStack( 7242): appOutPause: size = 12index = 0 appInfo = AppInfo{ID=109, state=1, flag=18, type=[system visible ignore], uid=1000, pkgName='android', cloneId=0, activeTime=39}
11-05 08:40:54.881 D/FuzzyLocationMonitor(12787): resultcom.tencent.wework move to front
11-05 08:40:54.900 D/NetdEventListenerService( 1315): onDnsEvent returnCode = 0, correctedCode = 0
11-05 08:40:54.901 D/NetworkMonitor/114( 6131): handleMessage: E msg.what=17
11-05 08:40:54.902 D/NetworkMonitor/114( 6131): processMsg: ValidatedState
11-05 08:40:54.902 D/NetworkMonitor/114( 6131): isDataStall: result=false, tcp packets received=18, latest tcp fail rate=-1
11-05 08:40:54.902 D/NetworkMonitor/114( 6131): handleMessage: X
11-05 08:40:54.938 I/Choreographer( 4446): Skipped 11166 frames!  The application may be doing too much work on its main thread.
11-05 08:40:55.000 D/SmartTouch( 4177): handler StablePrepare
11-05 08:40:55.046 E/minksocket(  958): MinkIPC_QRTR_Service: client with node 1 port 73b3 went down
11-05 08:40:55.047 E/minksocket(  958): MinkIPC_QRTR_Service: client with node 1 port 73b4 went down
11-05 08:40:55.047 E/minksocket(  958): MinkIPC_QRTR_Service: client with node 1 port 73b5 went down
11-05 08:40:55.048 E/minksocket(  958): MinkIPC_QRTR_Service: client with node 1 port 73b7 went down
11-05 08:40:55.049 E/minksocket(  958): MinkIPC_QRTR_Service: client with node 1 port 73b8 went down
11-05 08:40:55.049 E/minksocket(  958): MinkIPC_QRTR_Service: client with node 1 port 73b9 went down
11-05 08:40:55.077 D/ConnectionRateController( 4177): run: bacr,rate=0.7679036458333334
11-05 08:40:55.078 D/ConnectionRateController( 4177): handleMessage: msg={ when=-1ms what=1000 obj=0.7679036458333334 target=com.flyme.systemui.statusbar.policy.ConnectionRateController$2 }
11-05 08:40:55.078 D/ConnectionRateController( 4177): MSG_CONNECTION_RATE_UPDATED
11-05 08:40:55.078 D/ConnectionRateController( 4177): updateConnectionRate: btcr,rate=0.7679036458333334
11-05 08:40:55.078 D/KeyguardStatusBarRateView( 4177): onConnectionRateChange: btcr,show=true,mEnable=true,rate=0.7679036458333334
11-05 08:40:55.079 D/StatusBarRateView( 4177): onConnectionRateChange: btcr,show=true,mEnable=true,rate=0.7679036458333334
11-05 08:40:55.090 D/LocationManagerService( 1315): restore listener = android.location.ILocationListener$Stub$Proxy@9672687 intent = null pckName = com.tencent.wework pid = 4446 uid = 10518
11-05 08:40:55.203 I/JCallCppMgr( 4446): Java call c++ function: log
11-05 08:40:55.206 E/wmp     ( 4446): |2021-11-05 08:40:55.204|E|4446|4446|jcallcmgr.cc:21|CallNativeFunc|not register log function.
11-05 08:40:55.206 W/Log     ( 4446): TAG(SourceFile:3) TCDEngineSender
11-05 08:40:55.208 E/libc    ( 6272): Access denied finding property "ro.vendor.customize.isp"
11-05 08:40:55.209 E/libc    ( 6272): Access denied finding property "ro.vendor.customize.isp"
11-05 08:40:55.209 D/FlymePluginFactory( 4177): isRadioOn(0):true
11-05 08:40:55.210 D/TelephonyProvider( 6272): Using old permission behavior for telephony provider compat
11-05 08:40:55.230 D/NetworkController.MobileSignalController(1)( 4177): getCurrentPhoneType phoneType=1,isCdma=false
11-05 08:40:55.230 D/FlymePluginFactory( 4177): ICCID for phone 0 is 898600B10116F0101916
11-05 08:40:55.230 D/FlymePluginFactory( 4177): [isCTCard]: isCTCard iccId = 898600B10116F0101916
11-05 08:40:55.231 D/NetworkController.MobileSignalController(1)( 4177): getCurrentPhoneType phoneType=1,isCdma=false
11-05 08:40:55.231 D/FlymePluginFactory( 4177): ICCID for phone 0 is 898600B10116F0101916
11-05 08:40:55.231 D/FlymePluginFactory( 4177): [isCTCard]: isCTCard iccId = 898600B10116F0101916
11-05 08:40:55.232 D/StatusBarSignalPolicy( 4177): updateVolteMergeId: slotId=0,radioOn=true,volteId=2131232987
11-05 08:40:55.232 D/StatusBarSignalPolicy( 4177): updateVolteMergeId: slotId=1,radioOn=true,volteId=2131232987
11-05 08:40:55.232 D/StatusBarSignalPolicy( 4177): setMobileDataIndicators: state=MobileIconState(subId=1, slotId=0, visible=true, strengthId=2131233902, typeId=2131233822, roaming=false, volteId=2131232987, volteMergeId=2131233134, activityInoutId=0, voiceVisible=false, voiceTypeId=0, voiceStrengthId=2131233902, networkTypeIdWhenShowVoiceType=0, needResetView=false, isRadioOn=true, canShowHD=true)
11-05 08:40:55.241 W/Bundle  ( 4446): Key activity_request_code expected Boolean but value was a java.lang.Integer.  The default value false was returned.
11-05 08:40:55.241 W/Bundle  ( 4446): Attempt to cast generated internal exception:
11-05 08:40:55.241 W/Bundle  ( 4446): java.lang.ClassCastException: java.lang.Integer cannot be cast to java.lang.Boolean
11-05 08:40:55.241 W/Bundle  ( 4446): 	at android.os.BaseBundle.getBoolean(BaseBundle.java:941)
11-05 08:40:55.241 W/Bundle  ( 4446): 	at android.content.Intent.getBooleanExtra(Intent.java:8153)
11-05 08:40:55.241 W/Bundle  ( 4446): 	at ktp.onActivityResumed(SourceFile:848)
11-05 08:40:55.241 W/Bundle  ( 4446): 	at android.app.Application.dispatchActivityResumed(Application.java:459)
11-05 08:40:55.241 W/Bundle  ( 4446): 	at android.app.Activity.dispatchActivityResumed(Activity.java:1391)
11-05 08:40:55.241 W/Bundle  ( 4446): 	at android.app.Activity.onResume(Activity.java:1917)
11-05 08:40:55.241 W/Bundle  ( 4446): 	at androidx.fragment.app.FragmentActivity.onResume(SourceFile:455)
11-05 08:40:55.241 W/Bundle  ( 4446): 	at com.tencent.wework.common.controller.base.LifecycleActivity.onResume(SourceFile:56)
11-05 08:40:55.241 W/Bundle  ( 4446): 	at com.tencent.wework.common.controller.SuperActivity.onResume(SourceFile:381)
11-05 08:40:55.241 W/Bundle  ( 4446): 	at com.tencent.wework.launch.WwMainActivity.onResume(SourceFile:1095)
11-05 08:40:55.241 W/Bundle  ( 4446): 	at android.app.Instrumentation.callActivityOnResume(Instrumentation.java:1464)
11-05 08:40:55.241 W/Bundle  ( 4446): 	at android.app.Activity.performResume(Activity.java:8141)
11-05 08:40:55.241 W/Bundle  ( 4446): 	at android.app.ActivityThread.performResumeActivity(ActivityThread.java:4501)
11-05 08:40:55.241 W/Bundle  ( 4446): 	at android.app.ActivityThread.handleResumeActivity(ActivityThread.java:4543)
11-05 08:40:55.241 W/Bundle  ( 4446): 	at android.app.servertransaction.ResumeActivityItem.execute(ResumeActivityItem.java:52)
11-05 08:40:55.241 W/Bundle  ( 4446): 	at android.app.servertransaction.TransactionExecutor.executeLifecycleState(TransactionExecutor.java:176)
11-05 08:40:55.241 W/Bundle  ( 4446): 	at android.app.servertransaction.TransactionExecutor.execute(TransactionExecutor.java:97)
11-05 08:40:55.241 W/Bundle  ( 4446): 	at android.app.ActivityThread$H.handleMessage(ActivityThread.java:2117)
11-05 08:40:55.241 W/Bundle  ( 4446): 	at android.os.Handler.dispatchMessage(Handler.java:106)
11-05 08:40:55.241 W/Bundle  ( 4446): 	at android.os.Looper.loop(Looper.java:223)
11-05 08:40:55.241 W/Bundle  ( 4446): 	at android.app.ActivityThread.main(ActivityThread.java:7866)
11-05 08:40:55.241 W/Bundle  ( 4446): 	at java.lang.reflect.Method.invoke(Native Method)
11-05 08:40:55.241 W/Bundle  ( 4446): 	at com.android.internal.os.RuntimeInit$MethodAndArgsCaller.run(RuntimeInit.java:592)
11-05 08:40:55.241 W/Bundle  ( 4446): 	at com.android.internal.os.ZygoteInit.main(ZygoteInit.java:952)
11-05 08:40:55.267 E/.tencent.wewor( 4446): Invalid ID 0x00000000.
11-05 08:40:55.276 I/Choreographer( 4446): Skipped 31 frames!  The application may be doing too much work on its main thread.
11-05 08:40:55.368 I/Choreographer( 4446): Skipped 10 frames!  The application may be doing too much work on its main thread.
11-05 08:40:55.375 D/AppStateManager( 7242): setFlags mName=com.tencent.wework,appType=65536,flag=19
11-05 08:40:55.377 E/statsd  (  802): Predicate 331253826 dropping data for dimension key (10)0x2010101->10518[I] (10)0x30000->*launch*[S] 
11-05 08:40:55.395 D/FingerprintPay [run](UpdateFactory.java:230)( 7811): top activity	null	
11-05 08:40:55.572 D/AppStateManager( 7242): setFlags mName=android,appType=262148,flag=16
11-05 08:40:55.568 W/event   ( 7242): type=1400 audit(0.0:134820): avc: denied { search } for name="tmp" dev="dm-10" ino=84 scontext=u:r:system_app:s0 tcontext=u:object_r:shell_data_file:s0 tclass=dir permissive=0
11-05 08:40:55.577 D/AppStateManager( 7242): changeAppState: appState = 1 currentState = 2 name = android uid = 1000
11-05 08:40:55.577 D/AppStateManager( 7242): onAppPause: appInfo = AppInfo{ID=109, state=2, flag=16, type=[system ignore], uid=1000, pkgName='android', cloneId=0, activeTime=0}
11-05 08:40:55.577 D/AppStack( 7242): restartTimer: lastApp = AppInfo{ID=286, state=2, flag=0, type=[normal system], uid=99910138, pkgName='com.google.android.gms', cloneId=0, activeTime=1621} size = 12 delay = 5578052
11-05 08:40:55.577 D/AppStack( 7242): appEnterPause: size = 12 appInfo = AppInfo{ID=109, state=2, flag=16, type=[system ignore], uid=1000, pkgName='android', cloneId=0, activeTime=0}
11-05 08:40:55.676 E/statsd  (  802): Predicate 331253826 dropping data for dimension key (10)0x2010101->10868[I] (10)0x30000->*launch*[S] 
11-05 08:40:55.676 D/CompatibilityInfo( 1315): mCompatibilityFlags - 0
11-05 08:40:55.676 D/CompatibilityInfo( 1315): applicationDensity - 586
11-05 08:40:55.676 D/CompatibilityInfo( 1315): applicationScale - 1.0
11-05 08:40:55.692 I/izu.dataservic( 9516): oneway function results will be dropped but finished with status OK and parcel size 4
11-05 08:40:55.692 I/om.meizu.picke(24167): oneway function results will be dropped but finished with status OK and parcel size 4
11-05 08:40:55.693 I/meizu.assistan(12114): oneway function results will be dropped but finished with status OK and parcel size 4
11-05 08:40:55.693 D/TriggerManager(18939): pause activity: com.tencent.wework/com.tencent.wework.launch.WwMainActivity, pid=4446
11-05 08:40:55.693 I/eizu.suggestio(18939): oneway function results will be dropped but finished with status OK and parcel size 4
11-05 08:40:55.694 I/Process ( 1315): Sending signal. PID: 5906 SIG: 18
11-05 08:40:55.695 D/DMS:DataMonManager( 1315): App Warm started now is com.x7890.shortcutcreator/com.x7890.shortcutcreator
11-05 08:40:55.697 D/AppStateManager( 7242): setFlags mName=com.tencent.wework,appType=65664,flag=26
11-05 08:40:55.697 D/FiveGPolicy( 7242): informAppStatusListeners: packageName =  foreground = false false true
11-05 08:40:55.692 W/event   ( 7242): type=1400 audit(0.0:134821): avc: denied { search } for name="tmp" dev="dm-10" ino=84 scontext=u:r:system_app:s0 tcontext=u:object_r:shell_data_file:s0 tclass=dir permissive=0
11-05 08:40:55.700 D/RecentsOrientedState(15166): current RecentsOrientedState: [this=RecentsOrientedState@76dd89a mOrientationHandler=PortraitPagedViewHandlerMz@2e055cb mDisplayRotation=0 mTouchRotation=0 mRecentsActivityRotation=0 isRecentsActivityRotationAllowed=false mSystemRotation=false mFlags=355]
11-05 08:40:55.700 D/RecentsOrientedState(15166): current RecentsOrientedState: [this=RecentsOrientedState@76dd89a mOrientationHandler=PortraitPagedViewHandlerMz@2e055cb mDisplayRotation=0 mTouchRotation=0 mRecentsActivityRotation=0 isRecentsActivityRotationAllowed=false mSystemRotation=false mFlags=355]
11-05 08:40:55.701 I/AppWidgetHostView(15166): showDeleteIcon show=false
11-05 08:40:55.696 W/event   ( 7242): type=1400 audit(0.0:134822): avc: denied { search } for name="tmp" dev="dm-10" ino=84 scontext=u:r:system_app:s0 tcontext=u:object_r:shell_data_file:s0 tclass=dir permissive=0
11-05 08:40:55.723 D/TriggerManager(18939): resume activity: com.x7890.shortcutcreator/com.x7890.shortcutcreator.CreateShortcutActivity, pid=5906
11-05 08:40:55.723 I/eizu.suggestio(18939): oneway function results will be dropped but finished with status OK and parcel size 4
11-05 08:40:55.723 I/TriggerManager(18939): notifyEvent:EVENT_ACTIVITY, obj=ActivityEvent{activity=com.x7890.shortcutcreator.CreateShortcutActivity, urlType=NONE, url=}
11-05 08:40:55.723 I/om.meizu.picke(24167): oneway function results will be dropped but finished with status OK and parcel size 4
11-05 08:40:55.723 I/izu.dataservic( 9516): oneway function results will be dropped but finished with status OK and parcel size 4
11-05 08:40:55.723 I/meizu.assistan(12114): oneway function results will be dropped but finished with status OK and parcel size 4
11-05 08:40:55.724 E/libc    ( 6272): Access denied finding property "ro.vendor.customize.isp"
11-05 08:40:55.727 E/libc    ( 6272): Access denied finding property "ro.vendor.customize.isp"
11-05 08:40:55.728 D/FlymePluginFactory( 4177): isRadioOn(1):true
11-05 08:40:55.729 D/TelephonyProvider( 6272): Using old permission behavior for telephony provider compat
11-05 08:40:55.731 D/FiveGPolicy( 7242): informAppStatusListeners: packageName =  foreground = false false true
11-05 08:40:55.731 D/AppProcess( 7242): permission:com.x7890.shortcutcreator uid:10868 true
11-05 08:40:55.731 I/EventDispatcher( 7242): handle type 0 event 4 cost 33 ms
11-05 08:40:55.731 D/AppStateManager( 7242): setFlags mName=android,appType=327684,flag=18
11-05 08:40:55.731 D/AppStateManager( 7242): setFlags mName=com.tencent.mobileqq,appType=36992,flag=24
11-05 08:40:55.731 D/AppStateManager( 7242): changeAppState: appState = 2 currentState = 1 name = com.x7890.shortcutcreator uid = 10868
11-05 08:40:55.731 D/AppStateManager( 7242): changeAppState: appState = 2 currentState = 1 name = android uid = 1000
11-05 08:40:55.731 D/AppStack( 7242): appOutPause: size = 12index = 4 appInfo = AppInfo{ID=298, state=1, flag=17, type=[], uid=10868, pkgName='com.x7890.shortcutcreator', cloneId=0, activeTime=216}
11-05 08:40:55.731 D/AppStack( 7242): appOutPause: size = 11index = 0 appInfo = AppInfo{ID=109, state=1, flag=18, type=[system visible ignore], uid=1000, pkgName='android', cloneId=0, activeTime=0}
11-05 08:40:55.724 W/event   ( 7242): type=1400 audit(0.0:134823): avc: denied { search } for name="tmp" dev="dm-10" ino=84 scontext=u:r:system_app:s0 tcontext=u:object_r:shell_data_file:s0 tclass=dir permissive=0
11-05 08:40:55.728 I/chatty  ( 7242): uid=1000(system) com.meizu.pps identical 1 line
11-05 08:40:55.732 W/event   ( 7242): type=1400 audit(0.0:134825): avc: denied { search } for name="tmp" dev="dm-10" ino=84 scontext=u:r:system_app:s0 tcontext=u:object_r:shell_data_file:s0 tclass=dir permissive=0
11-05 08:40:55.734 D/FuzzyLocationMonitor(12787): onForegroundActivitiesChanged pid=5906,uid=10868,foregroundActivities=true
11-05 08:40:55.735 D/AppStateManager( 7242): setFlags mName=com.tencent.wework,appType=128,flag=24
11-05 08:40:55.736 D/AppStateManager( 7242): changeAppState: appState = 1 currentState = 2 name = com.tencent.mobileqq uid = 10474
11-05 08:40:55.736 D/AppStateManager( 7242): onAppPause: appInfo = AppInfo{ID=259, state=2, flag=24, type=[recent favorite super], uid=10474, pkgName='com.tencent.mobileqq', cloneId=0, activeTime=0}
11-05 08:40:55.736 D/AppStateManager( 7242): setFlags mName=com.meizu.flyme.launcher,appType=131076,flag=16
11-05 08:40:55.736 D/AppStack( 7242): restartTimer: lastApp = AppInfo{ID=286, state=2, flag=0, type=[normal system], uid=99910138, pkgName='com.google.android.gms', cloneId=0, activeTime=1622} size = 11 delay = 5577893
11-05 08:40:55.737 D/AppStack( 7242): appEnterPause: size = 11 appInfo = AppInfo{ID=259, state=2, flag=24, type=[recent favorite super], uid=10474, pkgName='com.tencent.mobileqq', cloneId=0, activeTime=0}
11-05 08:40:55.737 D/AnimImageView(15166): onWindowVisibilityChanged:8
11-05 08:40:55.737 D/AnimImageView(15166): stopAnim
11-05 08:40:55.738 D/MN_AppStats( 6272): onUidStateChanged fake,com.x7890.shortcutcreator,procState LA
11-05 08:40:55.738 D/MN_AppStats( 6272): onUidStateChanged com.x7890.shortcutcreator,procState FG
11-05 08:40:55.739 I/Choreographer( 5906): Skipped 4 frames!  The application may be doing too much work on its main thread.
11-05 08:40:55.741 D/AppStateManager( 7242): changeAppState: appState = 1 currentState = 2 name = com.tencent.wework uid = 10518
11-05 08:40:55.741 D/AppStateManager( 7242): onAppPause: appInfo = AppInfo{ID=307, state=2, flag=24, type=[recent], uid=10518, pkgName='com.tencent.wework', cloneId=0, activeTime=0}
11-05 08:40:55.741 D/AppStack( 7242): restartTimer: lastApp = AppInfo{ID=286, state=2, flag=0, type=[normal system], uid=99910138, pkgName='com.google.android.gms', cloneId=0, activeTime=1622} size = 12 delay = 5577889
11-05 08:40:55.741 D/AppStack( 7242): appEnterPause: size = 12 appInfo = AppInfo{ID=307, state=2, flag=24, type=[recent], uid=10518, pkgName='com.tencent.wework', cloneId=0, activeTime=0}
11-05 08:40:55.746 D/AppStateManager( 7242): changeAppState: appState = 1 currentState = 2 name = com.meizu.flyme.launcher uid = 10149
11-05 08:40:55.746 D/AppStateManager( 7242): onAppPause: appInfo = AppInfo{ID=280, state=2, flag=16, type=[system home], uid=10149, pkgName='com.meizu.flyme.launcher', cloneId=0, activeTime=0}
11-05 08:40:55.746 D/AppStack( 7242): restartTimer: lastApp = AppInfo{ID=286, state=2, flag=0, type=[normal system], uid=99910138, pkgName='com.google.android.gms', cloneId=0, activeTime=1622} size = 13 delay = 5577884
11-05 08:40:55.746 D/AppStack( 7242): appEnterPause: size = 13 appInfo = AppInfo{ID=280, state=2, flag=16, type=[system home], uid=10149, pkgName='com.meizu.flyme.launcher', cloneId=0, activeTime=0}
11-05 08:40:55.752 D/OverScroller-X(15166): finish, android.widget.OverScroller.abortAnimation:543 androidx.recyclerview.widget.RecyclerView$ViewFlinger.stop:5602 androidx.recyclerview.widget.RecyclerView.stopScrollersInternal:2580 androidx.recyclerview.widget.RecyclerView.stopScroll:2573 androidx.recyclerview.widget.RecyclerView.scrollToPosition:1758 
11-05 08:40:55.752 D/OverScroller-Y(15166): finish, android.widget.OverScroller.abortAnimation:544 androidx.recyclerview.widget.RecyclerView$ViewFlinger.stop:5602 androidx.recyclerview.widget.RecyclerView.stopScrollersInternal:2580 androidx.recyclerview.widget.RecyclerView.stopScroll:2573 androidx.recyclerview.widget.RecyclerView.scrollToPosition:1758 
11-05 08:40:55.753 D/OverScroller-X(15166): finish, android.widget.OverScroller.abortAnimation:543 androidx.recyclerview.widget.RecyclerView$ViewFlinger.stop:5602 androidx.recyclerview.widget.RecyclerView.stopScrollersInternal:2580 androidx.recyclerview.widget.RecyclerView.stopScroll:2573 androidx.recyclerview.widget.RecyclerView.scrollToPosition:1758 
11-05 08:40:55.753 D/OverScroller-Y(15166): finish, android.widget.OverScroller.abortAnimation:544 androidx.recyclerview.widget.RecyclerView$ViewFlinger.stop:5602 androidx.recyclerview.widget.RecyclerView.stopScrollersInternal:2580 androidx.recyclerview.widget.RecyclerView.stopScroll:2573 androidx.recyclerview.widget.RecyclerView.scrollToPosition:1758 
11-05 08:40:55.753 I/AppWidgetHostView(15166): showDeleteIcon show=false
11-05 08:40:55.754 I/AdrenoGLES-0( 5906): QUALCOMM build                   : badfd2c428, Ic89c6ea852
11-05 08:40:55.754 I/AdrenoGLES-0( 5906): Build Date                       : 07/14/21
11-05 08:40:55.754 I/AdrenoGLES-0( 5906): OpenGL ES Shader Compiler Version: EV031.35.01.09
11-05 08:40:55.754 I/AdrenoGLES-0( 5906): Local Branch                     : 
11-05 08:40:55.754 I/AdrenoGLES-0( 5906): Remote Branch                    : 
11-05 08:40:55.754 I/AdrenoGLES-0( 5906): Remote Branch                    : 
11-05 08:40:55.754 I/AdrenoGLES-0( 5906): Reconstruct Branch               : 
11-05 08:40:55.754 I/AdrenoGLES-0( 5906): Build Config                     : S P 10.0.7 AArch64
11-05 08:40:55.754 I/AdrenoGLES-0( 5906): Driver Path                      : /vendor/lib64/egl/libGLESv2_adreno.so
11-05 08:40:55.757 I/UninstallShortcut(15166): receive flushUnInstallQueue = 1
11-05 08:40:55.760 D/RecentsOrientedState(15166): current RecentsOrientedState: [this=RecentsOrientedState@76dd89a mOrientationHandler=PortraitPagedViewHandlerMz@2e055cb mDisplayRotation=0 mTouchRotation=0 mRecentsActivityRotation=0 isRecentsActivityRotationAllowed=false mSystemRotation=false mFlags=291]
11-05 08:40:55.760 I/chatty  (15166): uid=10149(com.meizu.flyme.launcher) identical 2 lines
11-05 08:40:55.760 D/RecentsOrientedState(15166): current RecentsOrientedState: [this=RecentsOrientedState@76dd89a mOrientationHandler=PortraitPagedViewHandlerMz@2e055cb mDisplayRotation=0 mTouchRotation=0 mRecentsActivityRotation=0 isRecentsActivityRotationAllowed=false mSystemRotation=false mFlags=291]
11-05 08:40:55.762 I/AdrenoGLES-0( 5906): PFP: 0x016dc094, ME: 0x00000000
11-05 08:40:55.764 D/MN_AppStats( 6272): onUidStateChanged com.tencent.wework,procState BG
11-05 08:40:55.765 I/AppOpsManager( 1315): checkPackage packageName equals OpPackageName, packageName = android, calling uid = 1000, my uid = 1000
11-05 08:40:55.766 V/NetworkPolicy( 1315): updateRuleForRestrictBackgroundUL(10518): isForeground=false, isBlacklisted=false, isWhitelisted=false, isRestrictedByAdmin=false, oldRule=0 (NONE), newRule=0 (NONE), newUidRules=0 (NONE), oldUidRules=0 (NONE)
11-05 08:40:55.766 I/AppOpsManager( 1315): checkPackage packageName equals OpPackageName, packageName = android, calling uid = 1000, my uid = 1000
11-05 08:40:55.766 D/NetworkPolicy( 1315): updateRuleForAppIdleUL 10518 to DEFAULT
11-05 08:40:55.767 V/NetworkPolicy( 1315): updateRulesForPowerRestrictionsUL(10518), isIdle: false, mRestrictPower: false, mDeviceIdleMode: false, isForeground=false, isWhitelisted=false, oldRule=0 (NONE), newRule=0 (NONE), newUidRules=0 (NONE), oldUidRules=0 (NONE)
11-05 08:40:55.767 V/NetworkPolicy( 1315): updateRuleForRestrictBackgroundUL(10474): isForeground=false, isBlacklisted=false, isWhitelisted=false, isRestrictedByAdmin=false, oldRule=0 (NONE), newRule=0 (NONE), newUidRules=0 (NONE), oldUidRules=0 (NONE)
11-05 08:40:55.767 D/NetworkPolicy( 1315): updateRuleForAppIdleUL 10474 to DEFAULT
11-05 08:40:55.769 D/QQDtReportHelper(30051): 848QQDT [doSupplementReport] delta: 0
11-05 08:40:55.769 D/QQDtReportHelper(30051): 848QQDT [doSupplementReport] dtLvTime: 40264
11-05 08:40:55.769 D/QQDtReportHelper(30051): 848QQDT [doSupplementReport] qqout, timeInterval: 40255
11-05 08:40:55.769 D/QQDtReporter(30051): 848QQDT _report eventKey: dt_appout, appKey:0S200MNJT807V3GE, type: REALTIME, isQCircle: false, isMsfImme: false, reportPolicy: 2, params: {dt_app_stoptime=1636072855767, client_page_name=com.tencent.mobileqq.activity.SplashActivity_0, dt_starttype=0, dt_wxopenid=, dt_seqtime=1628166298517, app_bld=2266, dt_fchlid=, os_vrsn=Android 11, dt_mchlid=, dt_tid=, dt_usstmp=1636071735654, dt_guid=db315546bed14bd58e41659d7d82eb44, client_process_name=com.tencent.mobileqq, dt_callfrom=, dt_qq=1047564213, dt_white_lvtm=40264, dt_usid=1636071735654720, dt_ussn=1616734505675820, dt_lvtm=40264, dt_activity_blacklist=, dt_qqopenid=, dt_omgbzid=, dt_app_foreground_duration=40254, dt_activity_name=com.tencent.mobileqq.activity.SplashActivity, dt_seqid=14114, dt_lvtm_delta=0, os=1, dt_mainlogin=, udf_kv={"lvtm":40264,"cur_pg":{"ref_pg":{}}}, dt_sys_elapsed_realtime=44493019, dt_active_info=, dt_protoversion=1, dt_wbopenid=, dt_callschema=, dt_simtype=3, qq_appid=537100189, dt_oaid=, dt_adcode=, dt_wxunionid=, dt_accountid=, ui_vrsn=Flyme 9.2.4.0A, dt_sdkversion=2240, app_vr=8.8.38, dt_coldstart=1, dt_app_sessionid=1636072815503784}
11-05 08:40:55.769 D/ApplicationLife(30051): [process] onStop: invoked.  sCountActivity: 1
11-05 08:40:55.770 D/FuzzyLocationMonitor(12787): resultcom.x7890.shortcutcreator move to front
11-05 08:40:55.770 D/FuzzyLocationMonitor(12787): onForegroundActivitiesChanged pid=15166,uid=10149,foregroundActivities=false
11-05 08:40:55.770 D/FuzzyLocationMonitor(12787): onForegroundActivitiesChanged pid=15166,uid=10149,foregroundActivities=true
