11-05 08:40:59.976 D/Riru64  (31750): hooks restored
11-05 08:40:59.976 D/Riru64  (31750): riru_momohider@momohider: specializeAppProcessPost
11-05 08:40:59.976 D/Riru64  (31750): riru-module-xfingerprint-pay-alipay@riru-module-xfingerprint-pay-alipay: specializeAppProcessPost
11-05 08:40:59.976 D/Riru64  (31750): riru-module-xfingerprint-pay-taobao@riru-module-xfingerprint-pay-taobao: specializeAppProcessPost
11-05 08:40:59.976 D/Riru64  (31750): riru-module-xfingerprint-pay-qq@riru-module-xfingerprint-pay-qq: specializeAppProcessPost
11-05 08:40:59.976 D/Riru64  (31750): riru-module-xfingerprint-pay-wechat@riru-module-xfingerprint-pay-wechat: specializeAppProcessPost
11-05 08:40:59.976 D/Riru64  (31750): riru_hidemyapplist@hidemyapplist: specializeAppProcessPost
11-05 08:40:59.976 D/Riru64  (31750): 0dcc: specializeAppProcessPost
11-05 08:40:59.976 I/EdXposed(31750): Start to install inline hooks
11-05 08:40:59.976 I/EdXposed(31750): Using api level 30
11-05 08:40:59.976 I/EdXposed(31750): Start to install Riru hook
11-05 08:40:59.994 I/EdXposed(31750): Riru hooks installed
11-05 08:41:00.001 D/RankingControllerImpl( 1315): mTimeSetReceive action = android.intent.action.TIME_TICK
11-05 08:41:00.001 D/TimeTickManager( 4872): action =android.intent.action.TIME_TICK
11-05 08:41:00.001 D/TimeTickManager( 4872): notifyChanged =Fri Nov 05 08:41:00 GMT+08:00 2021
11-05 08:41:00.001 D/KeyguardUpdateMonitor( 4177): received broadcast android.intent.action.TIME_TICK
11-05 08:41:00.001 I/EdXposed(31750): ART hooks installed
11-05 08:41:00.001 D/TimeTickManager( 4177): action =android.intent.action.TIME_TICK
11-05 08:41:00.001 D/KeyguardUpdateMonitor( 4177): handleTimeUpdate
11-05 08:41:00.002 D/TimeTickManager( 4177): notifyChanged =Fri Nov 05 08:41:00 GMT+08:00 2021
11-05 08:41:00.002 D/KeyguardUpdateMonitor( 4177): onTimeTick action android.intent.action.TIME_TICK
11-05 08:41:00.002 D/WorldClock( 4177): Local country China,timezone GMT+8,home country China,timezone GMT+8
11-05 08:41:00.003 D/TESDownloadManager(30051): AppSystemReceiver onReceive
11-05 08:41:00.003 I/Launcher(15166): Time change
11-05 08:41:00.003 D/TESDownloadManager(30051): action:android.intent.action.TIME_TICK
11-05 08:41:00.007 I/Launcher.MzIconUpdate(15166): Do not need to update calendar icon
11-05 08:41:00.008 D/b       (11934): onReceive: onReceive: android.intent.action.TIME_TICK
11-05 08:41:00.016 D/KeyguardUpdateMonitor( 4177): handleTimeUpdate
11-05 08:41:00.017 D/PanelView( 4177): setQsExpansion height = 1413.0 mQsMinExpansionHeight = 1413 mQsMaxExpansionHeight = 3200 mQsMinCollapsedExpansionHeight = 625
11-05 08:41:00.017 D/QS      ( 4177): setQSExpansion 0.0 -1838.5624
11-05 08:41:00.018 D/QS      ( 4177): setQSExpansion 0.0 -1838.5624
11-05 08:41:00.018 I/EdXposed(31750): Loading modules for com.android.documentsui
11-05 08:41:00.019 I/EdXposed-Bridge(31750): Loading modules from /data/app/~~icte28cTCo2pYKN2siihag==/fi.veetipaananen.android.disableflagsecure-kp92MV1qOsGSDdaua1xBfQ==/base.apk
11-05 08:41:00.020 I/EdXposed-Bridge(31750):   Loading class fi.veetipaananen.android.disableflagsecure.DisableFlagSecureModule
11-05 08:41:00.021 I/EdXposed-Bridge(31750): Loading modules from /data/app/~~HFsAHTdZMSOtBSHqLhqb0A==/com.lancaiwu.addressbook-ALX7VVjsqNQJ1wSiae65bQ==/base.apk
11-05 08:41:00.024 D/PanelView( 4177): setQsExpansion height = 1413.0 mQsMinExpansionHeight = 1413 mQsMaxExpansionHeight = 3200 mQsMinCollapsedExpansionHeight = 625
11-05 08:41:00.024 D/QS      ( 4177): setQSExpansion 0.0 -1838.5624
11-05 08:41:00.024 D/QS      ( 4177): setQSExpansion 0.0 -1838.5624
11-05 08:41:00.043 I/EdXposed-Bridge(31750):   Loading class com.lancaiwu.addressbook.hook.Hook
11-05 08:41:00.043 I/EdXposed-Bridge(31750): Loading modules from /data/app/~~conKRzHavJtrmTWldE-2aA==/com.coderstory.flyme-Bzr7k-oCiipDoOlDkvEjxA==/base.apk
11-05 08:41:00.096 D/myTest666(12787): defaultDataId===2, slotId=1
11-05 08:41:00.096 D/NetworkManagementMz: LocalSubscriptionManager(12787): getSubId 1
11-05 08:41:00.096 D/NetworkManagementMz: LocalSubscriptionManager(12787): intSubId 2
11-05 08:41:00.096 D/NetworkManagementMz: LocalSubscriptionManager(12787): subId[1] is : 2
11-05 08:41:00.097 D/NetworkManagementMz: LocalTelephonyManager(12787): imsi 460012453617035
11-05 08:41:00.097 D/myTest666(12787): defaultDataId===2, slotId=1
11-05 08:41:00.098 D/NetworkManagementMz: LocalSubscriptionManager(12787): getSubId 0
11-05 08:41:00.098 D/NetworkManagementMz: LocalSubscriptionManager(12787): intSubId 1
11-05 08:41:00.098 D/NetworkManagementMz: LocalSubscriptionManager(12787): subId[0] is : 1
11-05 08:41:00.099 D/NetworkManagementMz: LocalTelephonyManager(12787): imsi 460078106748337
11-05 08:41:00.099 D/myTest666(12787): defaultDataId===2, slotId=1
11-05 08:41:00.104 D/myTest666(12787): defaultDataId===2, slotId=1
11-05 08:41:00.104 D/NetworkManagementMz: LocalSubscriptionManager(12787): getSubId 1
11-05 08:41:00.105 D/NetworkManagementMz: LocalSubscriptionManager(12787): intSubId 2
11-05 08:41:00.105 D/NetworkManagementMz: LocalSubscriptionManager(12787): subId[1] is : 2
11-05 08:41:00.105 D/NetworkManagementMz: LocalTelephonyManager(12787): imsi 460012453617035
11-05 08:41:00.105 D/myTest666(12787): defaultDataId===2, slotId=1
11-05 08:41:00.105 D/NetworkManagementMz: LocalSubscriptionManager(12787): getSubId 0
11-05 08:41:00.106 D/NetworkManagementMz: LocalSubscriptionManager(12787): intSubId 1
11-05 08:41:00.106 D/NetworkManagementMz: LocalSubscriptionManager(12787): subId[0] is : 1
11-05 08:41:00.106 D/NetworkManagementMz: LocalTelephonyManager(12787): imsi 460078106748337
11-05 08:41:00.106 D/myTest666(12787): defaultDataId===2, slotId=1
11-05 08:41:00.106 D/trafficTest2(12787): ----------------getTrafficData
11-05 08:41:00.116 D/json2   (12787): to json str ={"baseBytes":0,"currentLeft":0,"currentUsed":0,"dailySumUsed":0,"dailyTotalBytes":0,"dailyWarnValue":0,"imsi":"460012453617035","warned":false}
11-05 08:41:00.117 D/trafficTest66(12787): dailydata=={"baseBytes":0,"currentLeft":0,"currentUsed":0,"dailySumUsed":0,"dailyTotalBytes":0,"dailyWarnValue":0,"imsi":"460012453617035","warned":false}
11-05 08:41:00.117 D/trafficTest(12787): init getTrafficDailyPlanData==json={"baseBytes":0,"currentLeft":0,"currentUsed":0,"dailySumUsed":0,"dailyTotalBytes":0,"dailyWarnValue":0,"imsi":"460012453617035","warned":false}
11-05 08:41:00.117 D/json    (12787): --------dayPlan TotalBytes=0MB
11-05 08:41:00.117 D/json    (12787): ------------getDailyTotalBytes=0
11-05 08:41:00.117 D/json2   (12787): to json str ={"baseBytes":0,"currentLeft":0,"currentUsed":0,"dailySumUsed":0,"dailyTotalBytes":0,"dailyWarnValue":0,"imsi":"460012453617035","warned":false}
11-05 08:41:00.117 D/trafficTest66(12787): dailydata=={"baseBytes":0,"currentLeft":0,"currentUsed":0,"dailySumUsed":0,"dailyTotalBytes":0,"dailyWarnValue":0,"imsi":"460012453617035","warned":false}
11-05 08:41:00.117 D/trafficTest(12787): getTrafficDailyPlanData==json={"baseBytes":0,"currentLeft":0,"currentUsed":0,"dailySumUsed":0,"dailyTotalBytes":0,"dailyWarnValue":0,"imsi":"460012453617035","warned":false}
11-05 08:41:00.117 D/NetworkManagementMz: LocalSubscriptionManager(12787): getSubId 0
11-05 08:41:00.117 D/NetworkManagementMz: LocalSubscriptionManager(12787): intSubId 1
11-05 08:41:00.117 D/NetworkManagementMz: LocalSubscriptionManager(12787): subId[0] is : 1
11-05 08:41:00.118 D/NetworkManagementMz: LocalTelephonyManager(12787): imsi 460078106748337
11-05 08:41:00.118 D/NetworkManagementMz: LocalSubscriptionManager(12787): getSubId 1
11-05 08:41:00.118 D/NetworkManagementMz: LocalSubscriptionManager(12787): intSubId 2
11-05 08:41:00.118 D/NetworkManagementMz: LocalSubscriptionManager(12787): subId[1] is : 2
11-05 08:41:00.118 D/NetworkManagementMz: LocalTelephonyManager(12787): imsi 460012453617035
11-05 08:41:00.123 D/trafficTest4(12787): directionApp month used=0KB
11-05 08:41:00.123 D/json    (12787): directionApp today Used=0KB
11-05 08:41:00.123 D/NetworkStats( 1315): openSessionInternal callingPackage:null,flags=4|0x4
11-05 08:41:00.124 I/NetworkManagementMz: NetworkPolicyEditor(12787): The template in getPolicy is : NetworkTemplate: matchRule=MOBILE, subscriberId=460012..., matchSubscriberIds=[460012...]
11-05 08:41:00.125 E/NetworkManagementMz: TrafficStatistic(12787): policy is not null
11-05 08:41:00.129 D/NetworkManagementMz: TrafficStatistic(12787): bytes return by getMonthUsed is : 4070219602
11-05 08:41:00.129 D/NetworkStats( 1315): openSessionInternal callingPackage:null,flags=4|0x4
11-05 08:41:00.130 I/EdXposed-Bridge(31750):   Loading class com.coderstory.flyme.xposed.start
11-05 08:41:00.131 D/NetworkManagementMz: TrafficStatistic(12787): bytes is :60735624
11-05 08:41:00.131 D/TrafficDataImpl(12787): getTrafficData: 
11-05 08:41:00.131 D/trafficTest2(12787): normal diffBytes=0, monthTotalUsed=4070219602
11-05 08:41:00.131 D/trafficTest(12787): idleMonthUsed=0, idleDiffBytes=0
11-05 08:41:00.133 D/trafficTest(12787): getTrafficData,460012453617035,正常月总流量=0KB正常今日已用=60735624, 月已用=4070219602, 正常差值=0, 闲时今日已用＝0, 闲时本月已用=0, monthTotalUsed=3.79GB, 今日总共已用＝57.9MB, 闲时差值＝0
11-05 08:41:00.133 D/Traffic (12787): dayOfMonth=5
11-05 08:41:00.133 D/Traffic (12787): totalDays=30
11-05 08:41:00.133 D/trafficTest66(12787): !trafficDataForShowing.isIdleTrafficMode()
11-05 08:41:00.133 D/trafficTest2(12787): ----------------getTrafficData
11-05 08:41:00.135 D/json2   (12787): to json str ={"baseBytes":0,"currentLeft":0,"currentUsed":0,"dailySumUsed":0,"dailyTotalBytes":0,"dailyWarnValue":0,"imsi":"460078106748337","warned":false}
11-05 08:41:00.135 D/trafficTest66(12787): dailydata=={"baseBytes":0,"currentLeft":0,"currentUsed":0,"dailySumUsed":0,"dailyTotalBytes":0,"dailyWarnValue":0,"imsi":"460078106748337","warned":false}
11-05 08:41:00.135 D/trafficTest(12787): init getTrafficDailyPlanData==json={"baseBytes":0,"currentLeft":0,"currentUsed":0,"dailySumUsed":0,"dailyTotalBytes":0,"dailyWarnValue":0,"imsi":"460078106748337","warned":false}
11-05 08:41:00.135 D/json    (12787): --------dayPlan TotalBytes=0MB
11-05 08:41:00.135 D/json    (12787): ------------getDailyTotalBytes=0
11-05 08:41:00.136 D/json2   (12787): to json str ={"baseBytes":0,"currentLeft":0,"currentUsed":0,"dailySumUsed":0,"dailyTotalBytes":0,"dailyWarnValue":0,"imsi":"460078106748337","warned":false}
11-05 08:41:00.136 D/trafficTest66(12787): dailydata=={"baseBytes":0,"currentLeft":0,"currentUsed":0,"dailySumUsed":0,"dailyTotalBytes":0,"dailyWarnValue":0,"imsi":"460078106748337","warned":false}
11-05 08:41:00.136 D/trafficTest(12787): getTrafficDailyPlanData==json={"baseBytes":0,"currentLeft":0,"currentUsed":0,"dailySumUsed":0,"dailyTotalBytes":0,"dailyWarnValue":0,"imsi":"460078106748337","warned":false}
11-05 08:41:00.136 D/NetworkManagementMz: LocalSubscriptionManager(12787): getSubId 0
11-05 08:41:00.136 D/NetworkManagementMz: LocalSubscriptionManager(12787): intSubId 1
11-05 08:41:00.136 D/NetworkManagementMz: LocalSubscriptionManager(12787): subId[0] is : 1
11-05 08:41:00.137 D/NetworkManagementMz: LocalTelephonyManager(12787): imsi 460078106748337
11-05 08:41:00.137 D/trafficTest4(12787): directionApp month used=0KB
11-05 08:41:00.137 D/json    (12787): directionApp today Used=0KB
11-05 08:41:00.137 D/NetworkStats( 1315): openSessionInternal callingPackage:null,flags=4|0x4
11-05 08:41:00.138 I/NetworkManagementMz: NetworkPolicyEditor(12787): The template in getPolicy is : NetworkTemplate: matchRule=MOBILE, subscriberId=460078..., matchSubscriberIds=[460078...]
11-05 08:41:00.139 E/NetworkManagementMz: TrafficStatistic(12787): policy is not null
11-05 08:41:00.139 D/NetworkManagementMz: TrafficStatistic(12787): bytes return by getMonthUsed is : 0
11-05 08:41:00.139 D/NetworkStats( 1315): openSessionInternal callingPackage:null,flags=4|0x4
11-05 08:41:00.140 D/NetworkManagementMz: TrafficStatistic(12787): bytes is :0
11-05 08:41:00.140 D/TrafficDataImpl(12787): getTrafficData: 
11-05 08:41:00.140 D/trafficTest2(12787): normal diffBytes=0, monthTotalUsed=0
11-05 08:41:00.140 D/trafficTest(12787): idleMonthUsed=0, idleDiffBytes=0
11-05 08:41:00.140 D/trafficTest(12787): getTrafficData,460078106748337,正常月总流量=0KB正常今日已用=0, 月已用=0, 正常差值=0, 闲时今日已用＝0, 闲时本月已用=0, monthTotalUsed=0KB, 今日总共已用＝0KB, 闲时差值＝0
11-05 08:41:00.140 D/Traffic (12787): dayOfMonth=5
11-05 08:41:00.140 D/Traffic (12787): totalDays=30
11-05 08:41:00.140 D/trafficTest66(12787): !trafficDataForShowing.isIdleTrafficMode()
11-05 08:41:00.140 D/trafficTest1(12787): pollingService通知Ui更新
11-05 08:41:00.140 D/MzKingCardManager(12787): check isKingCard: slot: 1 imsi: 460012453617035
11-05 08:41:00.140 D/trafficTest(12787): ----refreshGeneralShowData
11-05 08:41:00.140 D/myTest11(12787): 未设主套餐，不处理每日提醒
11-05 08:41:00.140 D/trafficTest(12787): needHandleMonthPlan daily ==false
11-05 08:41:00.140 D/MzKingCardManager(12787): check isKingCard: slot: 1 imsi: 460012453617035
11-05 08:41:00.141 D/trafficTest(12787): --------------亮屏没有监听器updateDataInterval 45 seconds 
11-05 08:41:00.141 D/trafficTest(12787): send 
11-05 08:41:00.141 D/MzKingCardManager(12787): initManager: slot: 1 imsi: 460012453617035
11-05 08:41:00.141 D/FlymeContext(12787): -android.net.conn.CONNECTIVITY_CHANGE
11-05 08:41:00.142 I/EdXposed-Bridge(31750): Flyme助手已加载
11-05 08:41:00.143 D/MzKingCardManager(12787): initManager: slot: 1 imsi: 460012453617035
11-05 08:41:00.144 D/FlymeContext(12787): -android.net.conn.CONNECTIVITY_CHANGE
11-05 08:41:00.145 D/MzKingCardManager(12787): onFinish: slot: 1 imsi: 460012453617035
11-05 08:41:00.145 D/MzKingCardManager(12787): isKingCard:false;errorCode:0;subErrorCode:1;type:3
11-05 08:41:00.145 D/MzKingCardManager(12787): onFinish: slot: 1 imsi: 460012453617035
11-05 08:41:00.145 D/MzKingCardManager(12787): isKingCard:false;errorCode:0;subErrorCode:1;type:3
11-05 08:41:00.145 D/NetworkManagementMz: LocalSubscriptionManager(12787): getSubId 0
11-05 08:41:00.146 D/NetworkManagementMz: LocalSubscriptionManager(12787): intSubId 1
11-05 08:41:00.146 D/NetworkManagementMz: LocalSubscriptionManager(12787): subId[0] is : 1
11-05 08:41:00.146 D/NetworkManagementMz: LocalTelephonyManager(12787): imsi 460078106748337
11-05 08:41:00.146 D/NetworkManagementMz: LocalSubscriptionManager(12787): getSubId 1
11-05 08:41:00.146 D/NetworkManagementMz: LocalSubscriptionManager(12787): intSubId 2
11-05 08:41:00.146 D/NetworkManagementMz: LocalSubscriptionManager(12787): subId[1] is : 2
11-05 08:41:00.147 D/NetworkManagementMz: LocalTelephonyManager(12787): imsi 460012453617035
11-05 08:41:00.147 D/myTest666(12787): defaultDataId===2, slotId=1
11-05 08:41:00.147 D/NetworkManagementMz: LocalSubscriptionManager(12787): getSubId 0
11-05 08:41:00.147 D/MzKingCardManager(12787): onFinish: slot: 1 imsi: 460012453617035
11-05 08:41:00.147 D/MzKingCardManager(12787): isKingCard:false;errorCode:-10004;subErrorCode:0;type:0
11-05 08:41:00.147 I/EdXposed-Bridge(31750): Loading modules from /data/app/~~QRfVfieHJ0YDqU-7qQFblQ==/com.viewblocker.jrsen-6NPUlYufgj5chPCnMg3SQw==/base.apk
11-05 08:41:00.147 D/NetworkManagementMz: LocalSubscriptionManager(12787): intSubId 1
11-05 08:41:00.147 D/NetworkManagementMz: LocalSubscriptionManager(12787): subId[0] is : 1
11-05 08:41:00.147 I/NetworkManagementMz: OperatorManager(12787): getOperatorFromSim --> slotId:1 imsi:460012453617035 operator:中国联通
11-05 08:41:00.148 D/NetworkManagementMz: LocalTelephonyManager(12787): imsi 460078106748337
11-05 08:41:00.148 D/NetworkManagementMz: LocalSubscriptionManager(12787): getSubId 1
11-05 08:41:00.148 D/NetworkManagementMz: LocalSubscriptionManager(12787): intSubId 2
11-05 08:41:00.148 D/NetworkManagementMz: LocalSubscriptionManager(12787): subId[1] is : 2
11-05 08:41:00.148 D/NetworkManagementMz: LocalTelephonyManager(12787): imsi 460012453617035
11-05 08:41:00.148 D/myTest666(12787): defaultDataId===2, slotId=1
11-05 08:41:00.149 D/MzKingCardManager(12787): onFinish: slot: 1 imsi: 460012453617035
11-05 08:41:00.149 D/MzKingCardManager(12787): isKingCard:false;errorCode:-10004;subErrorCode:0;type:0
11-05 08:41:00.149 I/NetworkManagementMz: OperatorManager(12787): getOperatorFromSim --> slotId:1 imsi:460012453617035 operator:中国联通
11-05 08:41:00.149 D/MzKingCardManager(12787): check isKingCard: slot: 0 imsi: 460078106748337
11-05 08:41:00.150 D/MzKingCardManager(12787): initManager: slot: 0 imsi: 460078106748337
11-05 08:41:00.150 D/FlymeContext(12787): -android.net.conn.CONNECTIVITY_CHANGE
11-05 08:41:00.151 D/MzKingCardManager(12787): onFinish: slot: 0 imsi: 460078106748337
11-05 08:41:00.151 D/MzKingCardManager(12787): isKingCard:false;errorCode:-10009;subErrorCode:0;type:1
11-05 08:41:00.151 I/NetworkManagementMz: OperatorManager(12787): getOperatorFromSim --> slotId:0 imsi:460078106748337 operator:中国移动
11-05 08:41:00.156 D/myTest666(12787): defaultDataId===2, slotId=1
11-05 08:41:00.156 D/NetworkManagementMz: LocalSubscriptionManager(12787): getSubId 1
11-05 08:41:00.157 D/NetworkManagementMz: LocalSubscriptionManager(12787): intSubId 2
11-05 08:41:00.157 D/NetworkManagementMz: LocalSubscriptionManager(12787): subId[1] is : 2
11-05 08:41:00.157 D/NetworkManagementMz: LocalTelephonyManager(12787): imsi 460012453617035
11-05 08:41:00.157 D/myTest666(12787): defaultDataId===2, slotId=1
11-05 08:41:00.157 D/NetworkManagementMz: LocalSubscriptionManager(12787): getSubId 0
11-05 08:41:00.158 D/NetworkManagementMz: LocalSubscriptionManager(12787): intSubId 1
11-05 08:41:00.158 D/NetworkManagementMz: LocalSubscriptionManager(12787): subId[0] is : 1
11-05 08:41:00.158 D/NetworkManagementMz: LocalTelephonyManager(12787): imsi 460078106748337
11-05 08:41:00.159 D/myTest666(12787): defaultDataId===2, slotId=1
11-05 08:41:00.159 D/trafficTest2(12787): ----------------getTrafficData
11-05 08:41:00.160 I/EdXposed-Bridge(31750):   Loading class com.viewblocker.jrsen.injection.BlockerInjector
11-05 08:41:00.160 I/EdXposed-Bridge(31750): Loading modules from /data/app/~~LONItnBkovs2wWC_eyOpCQ==/com.jy.xposed.web--HXljohBBDP930oOWlIp0g==/base.apk
11-05 08:41:00.161 D/json2   (12787): to json str ={"baseBytes":0,"currentLeft":0,"currentUsed":0,"dailySumUsed":0,"dailyTotalBytes":0,"dailyWarnValue":0,"imsi":"460012453617035","warned":false}
11-05 08:41:00.161 D/trafficTest66(12787): dailydata=={"baseBytes":0,"currentLeft":0,"currentUsed":0,"dailySumUsed":0,"dailyTotalBytes":0,"dailyWarnValue":0,"imsi":"460012453617035","warned":false}
11-05 08:41:00.161 D/trafficTest(12787): init getTrafficDailyPlanData==json={"baseBytes":0,"currentLeft":0,"currentUsed":0,"dailySumUsed":0,"dailyTotalBytes":0,"dailyWarnValue":0,"imsi":"460012453617035","warned":false}
11-05 08:41:00.161 D/json    (12787): --------dayPlan TotalBytes=0MB
11-05 08:41:00.161 D/json    (12787): ------------getDailyTotalBytes=0
11-05 08:41:00.161 D/json2   (12787): to json str ={"baseBytes":0,"currentLeft":0,"currentUsed":0,"dailySumUsed":0,"dailyTotalBytes":0,"dailyWarnValue":0,"imsi":"460012453617035","warned":false}
11-05 08:41:00.161 D/trafficTest66(12787): dailydata=={"baseBytes":0,"currentLeft":0,"currentUsed":0,"dailySumUsed":0,"dailyTotalBytes":0,"dailyWarnValue":0,"imsi":"460012453617035","warned":false}
11-05 08:41:00.161 D/trafficTest(12787): getTrafficDailyPlanData==json={"baseBytes":0,"currentLeft":0,"currentUsed":0,"dailySumUsed":0,"dailyTotalBytes":0,"dailyWarnValue":0,"imsi":"460012453617035","warned":false}
11-05 08:41:00.161 D/NetworkManagementMz: LocalSubscriptionManager(12787): getSubId 0
11-05 08:41:00.162 D/NetworkManagementMz: LocalSubscriptionManager(12787): intSubId 1
11-05 08:41:00.162 D/NetworkManagementMz: LocalSubscriptionManager(12787): subId[0] is : 1
11-05 08:41:00.162 D/NetworkManagementMz: LocalTelephonyManager(12787): imsi 460078106748337
11-05 08:41:00.163 D/NetworkManagementMz: LocalSubscriptionManager(12787): getSubId 1
11-05 08:41:00.163 D/NetworkManagementMz: LocalSubscriptionManager(12787): intSubId 2
11-05 08:41:00.163 D/NetworkManagementMz: LocalSubscriptionManager(12787): subId[1] is : 2
11-05 08:41:00.163 D/NetworkManagementMz: LocalTelephonyManager(12787): imsi 460012453617035
11-05 08:41:00.163 D/trafficTest4(12787): directionApp month used=0KB
11-05 08:41:00.163 D/json    (12787): directionApp today Used=0KB
11-05 08:41:00.164 D/NetworkStats( 1315): openSessionInternal callingPackage:null,flags=4|0x4
11-05 08:41:00.166 I/NetworkManagementMz: NetworkPolicyEditor(12787): The template in getPolicy is : NetworkTemplate: matchRule=MOBILE, subscriberId=460012..., matchSubscriberIds=[460012...]
11-05 08:41:00.166 E/NetworkManagementMz: TrafficStatistic(12787): policy is not null
11-05 08:41:00.166 D/NetworkManagementMz: TrafficStatistic(12787): bytes return by getMonthUsed is : 4070219602
11-05 08:41:00.166 D/NetworkStats( 1315): openSessionInternal callingPackage:null,flags=4|0x4
11-05 08:41:00.167 I/EdXposed-Bridge(31750):   Loading class com.jy.xposed.web.core.Main
11-05 08:41:00.168 D/NetworkManagementMz: TrafficStatistic(12787): bytes is :60735624
11-05 08:41:00.168 D/TrafficDataImpl(12787): getTrafficData: 
11-05 08:41:00.168 D/trafficTest2(12787): normal diffBytes=0, monthTotalUsed=4070219602
11-05 08:41:00.168 D/trafficTest(12787): idleMonthUsed=0, idleDiffBytes=0
11-05 08:41:00.169 D/trafficTest(12787): getTrafficData,460012453617035,正常月总流量=0KB正常今日已用=60735624, 月已用=4070219602, 正常差值=0, 闲时今日已用＝0, 闲时本月已用=0, monthTotalUsed=3.79GB, 今日总共已用＝57.9MB, 闲时差值＝0
11-05 08:41:00.169 D/Traffic (12787): dayOfMonth=5
11-05 08:41:00.169 D/Traffic (12787): totalDays=30
11-05 08:41:00.169 D/trafficTest66(12787): !trafficDataForShowing.isIdleTrafficMode()
11-05 08:41:00.169 D/trafficTest2(12787): ----------------getTrafficData
11-05 08:41:00.169 I/EdXposed-Bridge(31750): Loading modules from /data/app/~~lEWxquI3DEMGOhziTFgDYQ==/com.mihotel.startanyactivitypermission-yc971gmxUiCCNUwdIboxGw==/base.apk
11-05 08:41:00.171 I/EdXposed-Bridge(31750):   Loading class com.mihotel.startanyactivitypermission.util.XModule
11-05 08:41:00.171 D/json2   (12787): to json str ={"baseBytes":0,"currentLeft":0,"currentUsed":0,"dailySumUsed":0,"dailyTotalBytes":0,"dailyWarnValue":0,"imsi":"460078106748337","warned":false}
11-05 08:41:00.171 D/trafficTest66(12787): dailydata=={"baseBytes":0,"currentLeft":0,"currentUsed":0,"dailySumUsed":0,"dailyTotalBytes":0,"dailyWarnValue":0,"imsi":"460078106748337","warned":false}
11-05 08:41:00.171 D/trafficTest(12787): init getTrafficDailyPlanData==json={"baseBytes":0,"currentLeft":0,"currentUsed":0,"dailySumUsed":0,"dailyTotalBytes":0,"dailyWarnValue":0,"imsi":"460078106748337","warned":false}
11-05 08:41:00.171 I/EdXposed-Bridge(31750): Loading modules from /data/app/~~Gc450Mw5twIKTn75fUUyZw==/com.android.vendinf-fL4QsVLvWuBXdjZ33Y9cUA==/base.apk
11-05 08:41:00.171 D/json    (12787): --------dayPlan TotalBytes=0MB
11-05 08:41:00.171 D/json    (12787): ------------getDailyTotalBytes=0
11-05 08:41:00.172 D/json2   (12787): to json str ={"baseBytes":0,"currentLeft":0,"currentUsed":0,"dailySumUsed":0,"dailyTotalBytes":0,"dailyWarnValue":0,"imsi":"460078106748337","warned":false}
11-05 08:41:00.172 D/trafficTest66(12787): dailydata=={"baseBytes":0,"currentLeft":0,"currentUsed":0,"dailySumUsed":0,"dailyTotalBytes":0,"dailyWarnValue":0,"imsi":"460078106748337","warned":false}
11-05 08:41:00.172 D/trafficTest(12787): getTrafficDailyPlanData==json={"baseBytes":0,"currentLeft":0,"currentUsed":0,"dailySumUsed":0,"dailyTotalBytes":0,"dailyWarnValue":0,"imsi":"460078106748337","warned":false}
11-05 08:41:00.172 D/NetworkManagementMz: LocalSubscriptionManager(12787): getSubId 0
11-05 08:41:00.172 D/NetworkManagementMz: LocalSubscriptionManager(12787): intSubId 1
11-05 08:41:00.172 D/NetworkManagementMz: LocalSubscriptionManager(12787): subId[0] is : 1
11-05 08:41:00.173 D/NetworkManagementMz: LocalTelephonyManager(12787): imsi 460078106748337
11-05 08:41:00.173 D/trafficTest4(12787): directionApp month used=0KB
11-05 08:41:00.173 D/json    (12787): directionApp today Used=0KB
11-05 08:41:00.173 D/NetworkStats( 1315): openSessionInternal callingPackage:null,flags=4|0x4
11-05 08:41:00.174 I/NetworkManagementMz: NetworkPolicyEditor(12787): The template in getPolicy is : NetworkTemplate: matchRule=MOBILE, subscriberId=460078..., matchSubscriberIds=[460078...]
11-05 08:41:00.174 E/NetworkManagementMz: TrafficStatistic(12787): policy is not null
11-05 08:41:00.174 D/NetworkManagementMz: TrafficStatistic(12787): bytes return by getMonthUsed is : 0
11-05 08:41:00.175 D/NetworkStats( 1315): openSessionInternal callingPackage:null,flags=4|0x4
11-05 08:41:00.175 D/NetworkManagementMz: TrafficStatistic(12787): bytes is :0
11-05 08:41:00.175 D/TrafficDataImpl(12787): getTrafficData: 
11-05 08:41:00.175 D/trafficTest2(12787): normal diffBytes=0, monthTotalUsed=0
11-05 08:41:00.175 D/trafficTest(12787): idleMonthUsed=0, idleDiffBytes=0
11-05 08:41:00.176 D/trafficTest(12787): getTrafficData,460078106748337,正常月总流量=0KB正常今日已用=0, 月已用=0, 正常差值=0, 闲时今日已用＝0, 闲时本月已用=0, monthTotalUsed=0KB, 今日总共已用＝0KB, 闲时差值＝0
11-05 08:41:00.176 D/Traffic (12787): dayOfMonth=5
11-05 08:41:00.176 D/Traffic (12787): totalDays=30
11-05 08:41:00.176 D/trafficTest66(12787): !trafficDataForShowing.isIdleTrafficMode()
11-05 08:41:00.176 D/trafficTest1(12787): pollingService通知Ui更新
11-05 08:41:00.176 D/trafficTest(12787): ----refreshGeneralShowData
11-05 08:41:00.176 D/myTest11(12787): 未设主套餐，不处理每日提醒
11-05 08:41:00.176 D/trafficTest(12787): needHandleMonthPlan daily ==false
11-05 08:41:00.176 D/MzKingCardManager(12787): check isKingCard: slot: 1 imsi: 460012453617035
11-05 08:41:00.176 D/trafficTest(12787): --------------亮屏没有监听器updateDataInterval 45 seconds 
11-05 08:41:00.176 D/trafficTest(12787): send 
11-05 08:41:00.177 D/MzKingCardManager(12787): initManager: slot: 1 imsi: 460012453617035
11-05 08:41:00.177 D/FlymeContext(12787): -android.net.conn.CONNECTIVITY_CHANGE
11-05 08:41:00.178 D/MzKingCardManager(12787): onFinish: slot: 1 imsi: 460012453617035
11-05 08:41:00.178 D/MzKingCardManager(12787): isKingCard:false;errorCode:0;subErrorCode:1;type:3
11-05 08:41:00.178 D/NetworkManagementMz: LocalSubscriptionManager(12787): getSubId 0
11-05 08:41:00.179 D/NetworkManagementMz: LocalSubscriptionManager(12787): intSubId 1
11-05 08:41:00.179 D/NetworkManagementMz: LocalSubscriptionManager(12787): subId[0] is : 1
11-05 08:41:00.179 D/NetworkManagementMz: LocalTelephonyManager(12787): imsi 460078106748337
11-05 08:41:00.179 D/NetworkManagementMz: LocalSubscriptionManager(12787): getSubId 1
11-05 08:41:00.179 D/NetworkManagementMz: LocalSubscriptionManager(12787): intSubId 2
11-05 08:41:00.179 D/NetworkManagementMz: LocalSubscriptionManager(12787): subId[1] is : 2
11-05 08:41:00.179 D/NetworkManagementMz: LocalTelephonyManager(12787): imsi 460012453617035
11-05 08:41:00.179 D/myTest666(12787): defaultDataId===2, slotId=1
11-05 08:41:00.180 D/MzKingCardManager(12787): onFinish: slot: 1 imsi: 460012453617035
11-05 08:41:00.180 D/MzKingCardManager(12787): isKingCard:false;errorCode:-10004;subErrorCode:0;type:0
11-05 08:41:00.180 I/NetworkManagementMz: OperatorManager(12787): getOperatorFromSim --> slotId:1 imsi:460012453617035 operator:中国联通
11-05 08:41:00.197 I/EdXposed-Bridge(31750):   Loading class zone.jasi2169.patcher.Xposed
11-05 08:41:00.204 I/EdXposed-Bridge(31750): Loading modules from /data/app/~~MTF_a8ILOKvsakALEBDwTA==/com.lz233.onetext-Udcsn2t7kxeMe7wQWy-zQg==/base.apk
11-05 08:41:00.221 I/EdXposed-Bridge(31750):   Loading class com.lz233.onetext.hook.InitHook
11-05 08:41:00.221 I/EdXposed-Bridge(31750): Loading modules from /data/app/~~aPrca-d61cwAQ1oO2Nuf5Q==/pub.chara.cwui.pretendsharing_xposed-CI3IYLM0nvaruoJqoQnBqg==/base.apk
11-05 08:41:00.223 I/EdXposed-Bridge(31750):   Loading class pub.chara.cwui.pretendsharing_xposed.xposed
11-05 08:41:00.224 I/EdXposed-Bridge(31750): Loading modules from /data/app/~~tA0bmAs3uz2T8tsySWa8-w==/com.omarea.vtools-JN8pwZ0fg3IBClZY6RDjrw==/base.apk
11-05 08:41:00.243 E/libc    ( 6272): Access denied finding property "ro.vendor.customize.isp"
11-05 08:41:00.285 I/EdXposed-Bridge(31750):   Loading class com.omarea.xposed.XposedInterface
11-05 08:41:00.288 I/EdXposed-Bridge(31750): Loading modules from /data/app/~~pe6Np7ILTFT_6NhAQxkoig==/top.imlk.undo-Sl5kmOYTWHAeLJNE0p7n1Q==/base.apk
11-05 08:41:00.299 I/EdXposed-Bridge(31750):   Loading class top.imlk.undo.hooker.Injecter
11-05 08:41:00.300 E/Undo    (31750): android.os.SystemProperties:unknown
11-05 08:41:00.300 I/EdXposed-Bridge(31750): Loading modules from /data/app/~~jIqDAEI6Yi0hayQaoQ3_Gg==/com.xloger.exlink.app-TJkanJcNwRNguRnsB8nTlQ==/base.apk
11-05 08:41:00.328 I/EdXposed-Bridge(31750):   Loading class com.xloger.exlink.app.HookMain
11-05 08:41:00.330 I/EdXposed-Bridge(31750):   Loading class com.xloger.exlink.app.HookSelf
11-05 08:41:00.330 I/EdXposed-Bridge(31750): Loading modules from /data/app/~~_puVMDFi2yEEYzz6xj3xEg==/com.chili.ClipboardManager-wwTz2n9N6dDTk0udwh96kQ==/base.apk
11-05 08:41:00.331 I/EdXposed-Bridge(31750):   Loading class com.chili.ClipboardManager.Hooks.ClipboardManagerHook
11-05 08:41:00.332 I/EdXposed-Bridge(31750): Loading modules from /data/app/~~wxbsDUzFq-K057vyFQp_1A==/com.coderstory.toolkit-sMyS7mhnG0uniQIGmXWd_w==/base.apk
11-05 08:41:00.332 I/EdXposed-Bridge(31750):   Loading class toolkit.coderstory.MainHook
11-05 08:41:00.333 I/EdXposed-Bridge(31750): Loading modules from /data/app/~~sUjwovrURpAYq5AQXQBolA==/louis.baseapk-PtuPWesGzjwS0V_oKi3PUg==/base.apk
11-05 08:41:00.350 I/EdXposed-Bridge(31750):   Loading class louis.ʹ
11-05 08:41:00.351 I/EdXposed-Bridge(31750): Loading modules from /data/app/~~-ofdv3q0wMJs6kg1ZMItxg==/com.mhook.dialog.beta-LJUOTYrdv-td-IFN8G_oqg==/base.apk
11-05 08:41:00.377 I/EdXposed-Bridge(31750):   Loading class com.mhook.dialog.Module
11-05 08:41:00.379 I/EdXposed-Bridge(31750): Loading modules from /data/app/~~Y_TlmYcAYKZWQ1ddqk1SRA==/ru.sxbuIDfx.pFSOyagrF-bvaGW_bXddDGiOKvh2ODXA==/base.apk
11-05 08:41:00.424 I/EdXposed-Bridge(31750):   Loading class com.xposed.XSupport
11-05 08:41:00.428 D/Riru64  (31750): riru_momohider@momohider: unload
11-05 08:41:00.428 D/Riru64  (31750): riru-module-xfingerprint-pay-alipay@riru-module-xfingerprint-pay-alipay: unload
11-05 08:41:00.429 D/Riru64  (31750): riru-module-xfingerprint-pay-taobao@riru-module-xfingerprint-pay-taobao: unload
11-05 08:41:00.429 D/Riru64  (31750): riru-module-xfingerprint-pay-qq@riru-module-xfingerprint-pay-qq: unload
11-05 08:41:00.429 D/Riru64  (31750): riru-module-xfingerprint-pay-wechat@riru-module-xfingerprint-pay-wechat: unload
11-05 08:41:00.429 D/Riru64  (31750): riru_hidemyapplist@hidemyapplist: unload
11-05 08:41:00.429 D/Riru64  (31750): 0dcc: unload is not supported by module (API < 25), self unload is also disabled
11-05 08:41:00.429 D/Riru64  (31750): riru_momohider@momohider is unloaded
11-05 08:41:00.429 D/Riru64  (31750): riru-module-xfingerprint-pay-alipay@riru-module-xfingerprint-pay-alipay is unloaded
11-05 08:41:00.429 D/Riru64  (31750): riru-module-xfingerprint-pay-taobao@riru-module-xfingerprint-pay-taobao is unloaded
11-05 08:41:00.429 D/Riru64  (31750): riru-module-xfingerprint-pay-qq@riru-module-xfingerprint-pay-qq is unloaded
11-05 08:41:00.429 D/Riru64  (31750): riru-module-xfingerprint-pay-wechat@riru-module-xfingerprint-pay-wechat is unloaded
11-05 08:41:00.429 D/Riru64  (31750): riru_hidemyapplist@hidemyapplist is unloaded
11-05 08:41:00.429 W/Riru64  (31750): 0dcc is too old to hide so
11-05 08:41:00.429 D/Riru64  (31750): removed soinfo: /dev/ncj/.magisk/modules/riru-core/lib64/libriru.so
11-05 08:41:00.431 E/ANDR-PERF-LM( 1044): MetaMeter: handleAsync() 166: AdaptLaunch Invalid Async
11-05 08:41:00.433 D/CompatibilityInfo( 1315): mCompatibilityFlags - 0
11-05 08:41:00.433 D/CompatibilityInfo( 1315): applicationDensity - 586
11-05 08:41:00.434 D/CompatibilityInfo( 1315): applicationScale - 1.0
11-05 08:41:00.434 D/CompatibilityInfo( 1315): mCompatibilityFlags - 0
11-05 08:41:00.434 D/CompatibilityInfo( 1315): applicationDensity - 586
11-05 08:41:00.434 D/CompatibilityInfo( 1315): applicationScale - 1.0
11-05 08:41:00.435 D/AppStateManager( 7242): setFlags mName=com.x7890.shortcutcreator,appType=65664,flag=26
11-05 08:41:00.435 D/FiveGPolicy( 7242): informAppStatusListeners: packageName =  foreground = false false true
11-05 08:41:00.432 W/event   ( 7242): type=1400 audit(0.0:134830): avc: denied { search } for name="tmp" dev="dm-10" ino=84 scontext=u:r:system_app:s0 tcontext=u:object_r:shell_data_file:s0 tclass=dir permissive=0
11-05 08:41:00.443 D/AppProcess( 7242): permission:com.android.documentsui uid:10075 true
11-05 08:41:00.443 D/FiveGPolicy( 7242): informAppStatusListeners: packageName =  foreground = false false true
11-05 08:41:00.443 D/AppStateManager( 7242): setFlags mName=android,appType=327684,flag=18
11-05 08:41:00.443 D/AppStateManager( 7242): changeAppState: appState = 0 currentState = 1 name = com.android.documentsui uid = 10075
11-05 08:41:00.443 D/AppStateManager( 7242): changeAppState: appState = 2 currentState = 1 name = android uid = 1000
11-05 08:41:00.443 D/AppStack( 7242): appOutPause: size = 13index = 0 appInfo = AppInfo{ID=109, state=1, flag=18, type=[system visible ignore], uid=1000, pkgName='android', cloneId=0, activeTime=4}
11-05 08:41:00.443 D/FuzzyLocationMonitor(12787): onForegroundActivitiesChanged pid=31750,uid=10075,foregroundActivities=true
11-05 08:41:00.445 D/TriggerManager(18939): resume activity: com.android.documentsui/com.android.documentsui.files.FilesActivity, pid=31750
11-05 08:41:00.445 I/izu.dataservic( 9516): oneway function results will be dropped but finished with status OK and parcel size 4
11-05 08:41:00.445 I/eizu.suggestio(18939): oneway function results will be dropped but finished with status OK and parcel size 4
11-05 08:41:00.445 I/om.meizu.picke(24167): oneway function results will be dropped but finished with status OK and parcel size 4
11-05 08:41:00.445 I/TriggerManager(18939): notifyEvent:EVENT_ACTIVITY, obj=ActivityEvent{activity=com.android.documentsui.files.FilesActivity, urlType=NONE, url=}
11-05 08:41:00.445 I/meizu.assistan(12114): oneway function results will be dropped but finished with status OK and parcel size 4
11-05 08:41:00.444 W/Binder:12787_1(12787): type=1400 audit(0.0:134832): avc: denied { search } for name="tmp" dev="dm-10" ino=84 scontext=u:r:system_app:s0 tcontext=u:object_r:shell_data_file:s0 tclass=dir permissive=0
11-05 08:41:00.454 D/FuzzyLocationMonitor(12787): resultcom.android.documentsui start
11-05 08:41:00.478 I/System.out(31750): engineVerify
11-05 08:41:00.481 D/StrictMode(31750): tryInitThreadDefaults currentPackageName:com.android.documentsui
11-05 08:41:00.481 D/StrictMode(31750): tryInitVmDefaults currentPackageName:com.android.documentsui
11-05 08:41:00.499 I/EdXposed-Bridge(31750): [ExLink] 进行了初始化规则
11-05 08:41:00.508 I/EdXposed-Bridge(31750): [ExLink Error] No such file or directory
11-05 08:41:00.508 I/EdXposed-Bridge(31750): [ExLink Error] 创建 json 文件异常/data/user_de/0/com.xloger.exlink.app/exlink.json
11-05 08:41:00.514 I/ViewBlocker(31750): default launcher:com.meizu.flyme.launcher
11-05 08:41:00.515 I/ViewBlocker(31750): default keyboard:[ResolveInfo{e2b33f9 com.sohu.inputmethod.sogou.meizu/com.sohu.inputmethod.sogou.SogouIME p=100 m=0x108000}, ResolveInfo{dd12f3e com.kongzue.secretinput/.service.ImeService m=0x108000}, ResolveInfo{66a319f com.kunzisoft.keepass.libre/com.kunzisoft.keepass.magikeyboard.MagikIME m=0x108000}, ResolveInfo{64fc2ec com.theruralguys.stylishtext/trg.keyboard.inputmethod.latin.LatinIME m=0x108000}]
11-05 08:41:00.515 I/ViewBlocker(31750): inject package:com.android.documentsui isFirstApplication:true
11-05 08:41:00.521 W/System.err(31750): java.io.FileNotFoundException: /data/data/com.viewblocker.jrsen/app_data/conf: open failed: ENOENT (No such file or directory)
11-05 08:41:00.521 W/System.err(31750): 	at libcore.io.IoBridge.open(IoBridge.java:492)
11-05 08:41:00.521 W/System.err(31750): 	at java.io.FileInputStream.<init>(FileInputStream.java:160)
11-05 08:41:00.521 W/System.err(31750): 	at com.viewblocker.jrsen.injection.util.a.a(Unknown Source:2)
11-05 08:41:00.521 W/System.err(31750): 	at com.viewblocker.jrsen.injection.util.a.a(Unknown Source:5)
11-05 08:41:00.521 W/System.err(31750): 	at com.viewblocker.jrsen.injection.c.b.b(Unknown Source:8)
11-05 08:41:00.521 W/System.err(31750): 	at com.viewblocker.jrsen.injection.BlockerInjector.handleLoadPackage(Unknown Source:111)
11-05 08:41:00.521 W/System.err(31750): 	at de.robv.android.xposed.IXposedHookLoadPackage$Wrapper.handleLoadPackage(IXposedHookLoadPackage.java:37)
11-05 08:41:00.521 W/System.err(31750): 	at de.robv.android.xposed.callbacks.XC_LoadPackage.call(XC_LoadPackage.java:61)
11-05 08:41:00.521 W/System.err(31750): 	at de.robv.android.xposed.callbacks.XCallback.callAll(XCallback.java:117)
11-05 08:41:00.521 W/System.err(31750): 	at com.elderdrivers.riru.edxp._hooker.impl.LoadedApkGetCL.afterHookedMethod(LoadedApkGetCL.java:61)
11-05 08:41:00.521 W/System.err(31750): 	at de.robv.android.xposed.MethodHooker.handleHookedMethod(MethodHooker.java:94)
11-05 08:41:00.521 W/System.err(31750): 	at EdHooker_d80f73e34da17c301b40feab7995d5a6a0b56621.hook(Unknown Source:45)
11-05 08:41:00.521 W/System.err(31750): 	at android.app.LoadedApk.getResources(LoadedApk.java:1220)
11-05 08:41:00.521 W/System.err(31750): 	at android.app.ContextImpl.createAppContext(ContextImpl.java:2679)
11-05 08:41:00.521 W/System.err(31750): 	at android.app.ContextImpl.createAppContext(ContextImpl.java:2671)
11-05 08:41:00.521 W/System.err(31750): 	at android.app.ActivityThread.handleBindApplication(ActivityThread.java:6750)
11-05 08:41:00.521 W/System.err(31750): 	at java.lang.reflect.Method.invoke(Native Method)
11-05 08:41:00.521 W/System.err(31750): 	at de.robv.android.xposed.MethodHooker.handleHookedMethod(MethodHooker.java:81)
11-05 08:41:00.521 W/System.err(31750): 	at EdHooker_42b8453bf7df105343083f1377c32094be493c49.hook(Unknown Source:48)
11-05 08:41:00.521 W/System.err(31750): 	at android.app.ActivityThread.access$1500(ActivityThread.java:242)
11-05 08:41:00.521 W/System.err(31750): 	at android.app.ActivityThread$H.handleMessage(ActivityThread.java:1964)
11-05 08:41:00.521 W/System.err(31750): 	at android.os.Handler.dispatchMessage(Handler.java:106)
11-05 08:41:00.521 W/System.err(31750): 	at android.os.Looper.loop(Looper.java:223)
11-05 08:41:00.521 W/System.err(31750): 	at android.app.ActivityThread.main(ActivityThread.java:7866)
11-05 08:41:00.521 W/System.err(31750): 	at java.lang.reflect.Method.invoke(Native Method)
11-05 08:41:00.521 W/System.err(31750): 	at com.android.internal.os.RuntimeInit$MethodAndArgsCaller.run(RuntimeInit.java:592)
11-05 08:41:00.521 W/System.err(31750): 	at com.android.internal.os.ZygoteInit.main(ZygoteInit.java:952)
11-05 08:41:00.521 W/System.err(31750): Caused by: android.system.ErrnoException: open failed: ENOENT (No such file or directory)
11-05 08:41:00.521 W/System.err(31750): 	at libcore.io.Linux.open(Native Method)
11-05 08:41:00.521 W/System.err(31750): 	at libcore.io.ForwardingOs.open(ForwardingOs.java:166)
11-05 08:41:00.521 W/System.err(31750): 	at libcore.io.BlockGuardOs.open(BlockGuardOs.java:254)
11-05 08:41:00.521 W/System.err(31750): 	at libcore.io.ForwardingOs.open(ForwardingOs.java:166)
11-05 08:41:00.521 W/System.err(31750): 	at android.app.ActivityThread$AndroidOs.open(ActivityThread.java:7752)
11-05 08:41:00.521 W/System.err(31750): 	at libcore.io.IoBridge.open(IoBridge.java:478)
11-05 08:41:00.521 W/System.err(31750): 	... 26 more
11-05 08:41:00.541 I/System.out(31750): engineVerify
11-05 08:41:00.568 I/chatty  (31750): uid=10075(com.android.documentsui) identical 6 lines
11-05 08:41:00.575 I/System.out(31750): engineVerify
11-05 08:41:00.598 D/Perf    (31750): Connecting to perf service.
11-05 08:41:00.603 D/EMS:ExceptionManager(31750): Need bind server!
11-05 08:41:00.604 D/ServiceManagerUtils(31750): Check service result is android.os.BinderProxy@76175b8
11-05 08:41:00.604 D/ActivityThread(31750): setupGraphicsMemoryUsage bitmap=536870912
11-05 08:41:00.604 D/ActivityThread(31750): setupGraphicsMemoryUsage texture=536870912
11-05 08:41:00.604 D/ActivityThread(31750): setupGraphicsMemoryUsage graphicbuffer=536870912
11-05 08:41:00.606 D/ActivityThread(31750): setupGraphicsMemoryUsage total=1073741824
11-05 08:41:00.608 D/NetworkSecurityConfig(31750): No Network Security Config specified, using platform default
11-05 08:41:00.608 D/NetworkSecurityConfig(31750): No Network Security Config specified, using platform default
11-05 08:41:00.617 W/a       (31750): Skip enabled overlay package:com.android.documentsui.LivDark.Android11, user:UserHandle{0}
11-05 08:41:00.617 W/a       (31750): Skip enabled overlay package:com.android.documentsui.Flux.Android11, user:UserHandle{0}
11-05 08:41:00.629 W/DisplayIdentification( 1078): Invalid EDID: falling back to serial number due to missing display name.
11-05 08:41:00.629 W/DisplayIdentification( 1078): Invalid EDID: falling back to ASCII text due to missing serial number.
11-05 08:41:00.652 E/minksocket(  958): MinkIPC_QRTR_Service: client with node 1 port 73be went down
11-05 08:41:00.652 E/minksocket(  958): MinkIPC_QRTR_Service: client with node 1 port 73c2 went down
11-05 08:41:00.664 I/sensors-hal(  997): activate:209, android.sensor.accelerometer/11 en=0
11-05 08:41:00.665 I/sensors-hal(  997): activate:220, android.sensor.accelerometer/11 en=0 completed
11-05 08:41:00.665 E/minksocket(  958): MinkIPC_QRTR_Service: client with node 1 port 73b2 went down
11-05 08:41:00.667 D/Documents(31750): shouldRestrictStorageAccessFramework = true, packageName = null
11-05 08:41:00.667 V/NetworkPolicy( 1315): updateRuleForRestrictBackgroundUL(10254): isForeground=true, isBlacklisted=false, isWhitelisted=false, isRestrictedByAdmin=false, oldRule=0 (NONE), newRule=0 (NONE), newUidRules=0 (NONE), oldUidRules=3072 (REJECT_METERED_MOBILE|REJECT_METERED_WIFI)
11-05 08:41:00.668 D/NetworkPolicy( 1315): updateRuleForAppIdleUL 10254 to DEFAULT
11-05 08:41:00.668 V/NetworkPolicy( 1315): updateRulesForPowerRestrictionsUL(10254), isIdle: false, mRestrictPower: false, mDeviceIdleMode: false, isForeground=true, isWhitelisted=false, oldRule=0 (NONE), newRule=0 (NONE), newUidRules=3072 (REJECT_METERED_MOBILE|REJECT_METERED_WIFI), oldUidRules=3072 (REJECT_METERED_MOBILE|REJECT_METERED_WIFI)
11-05 08:41:00.672 D/OverScroller-X(31750): finish, android.widget.OverScroller.abortAnimation:543 androidx.recyclerview.widget.RecyclerView$ViewFlinger.stop:2 androidx.recyclerview.widget.RecyclerView.stopScrollersInternal:1 androidx.recyclerview.widget.RecyclerView.stopScroll:2 androidx.recyclerview.widget.RecyclerView.setLayoutManager:2 
11-05 08:41:00.672 D/OverScroller-Y(31750): finish, android.widget.OverScroller.abortAnimation:544 androidx.recyclerview.widget.RecyclerView$ViewFlinger.stop:2 androidx.recyclerview.widget.RecyclerView.stopScrollersInternal:1 androidx.recyclerview.widget.RecyclerView.stopScroll:2 androidx.recyclerview.widget.RecyclerView.setLayoutManager:2 
11-05 08:41:00.701 I/ProvidersCache(31750): Provider returned no roots. Possibly naughty: com.google.android.apps.docs.storage
11-05 08:41:00.717 D/IntentFirewall( 1315): allow by ifw because callee is system caller: com.android.documentsui callee: com.android.externalstorage runType: Provider intent: null Component: ComponentInfo{com.android.externalstorage/com.android.externalstorage.ExternalStorageProvider} foreground: false is Running: false rule: Rule { type:4 block:false log:true caller:* callee:* interaction:* component: intentFilter:android.view.InputMethod, weight: 1 }
11-05 08:41:00.722 D/DocumentsApplication(31750): OverlayManager.setEnabled() result: false
11-05 08:41:00.722 W/ActionModeController(31750): Tried to finish a null action mode.
11-05 08:41:00.726 V/NetworkPolicy( 1315): updateRuleForRestrictBackgroundUL(10058): isForeground=true, isBlacklisted=false, isWhitelisted=true, isRestrictedByAdmin=false, oldRule=0 (NONE), newRule=1 (ALLOW_METERED), newUidRules=1 (ALLOW_METERED), oldUidRules=0 (NONE)
11-05 08:41:00.727 D/NetworkPolicy( 1315): updateRuleForAppIdleUL 10058 to DEFAULT
11-05 08:41:00.727 V/NetworkPolicy( 1315): updateRulesForPowerRestrictionsUL(10058), isIdle: false, mRestrictPower: false, mDeviceIdleMode: false, isForeground=true, isWhitelisted=true, oldRule=0 (NONE), newRule=0 (NONE), newUidRules=1 (ALLOW_METERED), oldUidRules=1 (ALLOW_METERED)
11-05 08:41:00.728 D/Zygote  (  804): Forked child process 14504
11-05 08:41:00.732 W/Zygote  (14504): mz_is_rooted false
11-05 08:41:00.739 V/LocationManagerService( 1315): location appop changed for com.meizu.flyme.launcher
11-05 08:41:00.740 I/ViewRootImpl(31750): performConfigurationChange mLastWindowMode=1,mLastRotation=0,mAppIsGameMode=0
11-05 08:41:00.741 E/externalstorag(14504): Not starting debugger since process cannot load the jdwp agent.
11-05 08:41:00.742 I/AdrenoGLES-0(31750): QUALCOMM build                   : badfd2c428, Ic89c6ea852
11-05 08:41:00.742 I/AdrenoGLES-0(31750): Build Date                       : 07/14/21
11-05 08:41:00.742 I/AdrenoGLES-0(31750): OpenGL ES Shader Compiler Version: EV031.35.01.09
11-05 08:41:00.742 I/AdrenoGLES-0(31750): Local Branch                     : 
11-05 08:41:00.742 I/AdrenoGLES-0(31750): Remote Branch                    : 
11-05 08:41:00.742 I/AdrenoGLES-0(31750): Remote Branch                    : 
11-05 08:41:00.742 I/AdrenoGLES-0(31750): Reconstruct Branch               : 
11-05 08:41:00.742 I/AdrenoGLES-0(31750): Build Config                     : S P 10.0.7 AArch64
11-05 08:41:00.742 I/AdrenoGLES-0(31750): Driver Path                      : /vendor/lib64/egl/libGLESv2_adreno.so
11-05 08:41:00.745 I/AdrenoGLES-0(31750): PFP: 0x016dc094, ME: 0x00000000
11-05 08:41:00.746 D/Riru64  (14504): hooks restored
11-05 08:41:00.746 D/Riru64  (14504): riru_momohider@momohider: forkAndSpecializePost
11-05 08:41:00.746 D/Riru64  (14504): riru-module-xfingerprint-pay-alipay@riru-module-xfingerprint-pay-alipay: forkAndSpecializePost
11-05 08:41:00.746 D/Riru64  (14504): riru-module-xfingerprint-pay-taobao@riru-module-xfingerprint-pay-taobao: forkAndSpecializePost
11-05 08:41:00.746 D/Riru64  (14504): riru-module-xfingerprint-pay-qq@riru-module-xfingerprint-pay-qq: forkAndSpecializePost
11-05 08:41:00.746 D/Riru64  (14504): riru-module-xfingerprint-pay-wechat@riru-module-xfingerprint-pay-wechat: forkAndSpecializePost
11-05 08:41:00.746 D/Riru64  (14504): riru_hidemyapplist@hidemyapplist: forkAndSpecializePost
11-05 08:41:00.746 D/Riru64  (14504): 0dcc: forkAndSpecializePost
11-05 08:41:00.746 I/EdXposed(14504): Start to install inline hooks
11-05 08:41:00.746 I/EdXposed(14504): Using api level 30
11-05 08:41:00.746 I/EdXposed(14504): Start to install Riru hook
11-05 08:41:00.746 D/AndroidRuntime(31750): Shutting down VM
11-05 08:41:00.769 I/EdXposed(14504): Riru hooks installed
11-05 08:41:00.774 E/libc    ( 6272): Access denied finding property "ro.vendor.customize.isp"
11-05 08:41:00.776 E/libc    ( 6272): Access denied finding property "ro.vendor.customize.isp"
11-05 08:41:00.776 D/FlymePluginFactory( 4177): isRadioOn(1):true
11-05 08:41:00.778 D/TelephonyProvider( 6272): Using old permission behavior for telephony provider compat
11-05 08:41:00.781 I/EdXposed(14504): ART hooks installed
11-05 08:41:00.785 V/LocationManagerService( 1315): location appop changed for com.tencent.wework
11-05 08:41:00.788 I/Process (31750): Sending signal. PID: 31750 SIG: 9
11-05 08:41:00.789 D/CompatibilityInfo( 1315): mCompatibilityFlags - 0
11-05 08:41:00.789 D/CompatibilityInfo( 1315): applicationDensity - 586
11-05 08:41:00.789 D/CompatibilityInfo( 1315): applicationScale - 1.0
11-05 08:41:00.791 D/CompatibilityInfo( 1315): mCompatibilityFlags - 0
11-05 08:41:00.791 D/CompatibilityInfo( 1315): applicationDensity - 586
11-05 08:41:00.791 D/CompatibilityInfo( 1315): applicationScale - 1.0
11-05 08:41:00.808 D/CompatibilityInfo( 1315): mCompatibilityFlags - 0
11-05 08:41:00.808 D/CompatibilityInfo( 1315): applicationDensity - 586
11-05 08:41:00.808 D/CompatibilityInfo( 1315): applicationScale - 1.0
11-05 08:41:00.809 I/EdXposed(14504): Loading modules for com.android.externalstorage
11-05 08:41:00.809 I/EdXposed-Bridge(14504): Loading modules from /data/app/~~icte28cTCo2pYKN2siihag==/fi.veetipaananen.android.disableflagsecure-kp92MV1qOsGSDdaua1xBfQ==/base.apk
11-05 08:41:00.810 I/EdXposed-Bridge(14504):   Loading class fi.veetipaananen.android.disableflagsecure.DisableFlagSecureModule
11-05 08:41:00.811 I/EdXposed-Bridge(14504): Loading modules from /data/app/~~HFsAHTdZMSOtBSHqLhqb0A==/com.lancaiwu.addressbook-ALX7VVjsqNQJ1wSiae65bQ==/base.apk
11-05 08:41:00.814 D/CompatibilityInfo( 1315): mCompatibilityFlags - 0
11-05 08:41:00.814 D/CompatibilityInfo( 1315): applicationDensity - 586
11-05 08:41:00.814 D/CompatibilityInfo( 1315): applicationScale - 1.0
11-05 08:41:00.824 D/AppStateManager( 7242): setFlags mName=com.android.documentsui,appType=4,flag=1
11-05 08:41:00.825 I/Zygote  (  804): Process 31750 exited due to signal 9 (Killed)
11-05 08:41:00.825 D/AppProcess( 7242): permission:com.android.documentsui uid:10075 true
11-05 08:41:00.825 I/libprocessgroup( 1315): Successfully killed process cgroup uid 10075 pid 31750 in 0ms
11-05 08:41:00.826 W/InputDispatcher( 1315): Attempted to unregister already unregistered input channel '50f3d70 com.android.documentsui/com.android.documentsui.ViewDownloadsActivity (server)'
11-05 08:41:00.826 D/AppStateManager( 7242): onAppFinish: pkg = com.android.documentsui uid = 10075 id = 0
11-05 08:41:00.827 D/AppStack( 7242): appOutPause: size = 12index = -1 appInfo = AppInfo{ID=310, state=1, flag=1, type=[system], uid=10075, pkgName='com.android.documentsui', cloneId=0, activeTime=0}
